<html>
<body>
<pre>
<h1>µVision Build Log</h1>
<h2>Project:</h2>
D:\Software\My Git Repository\Mid407GE_V7Test\N407.uvproj
Project File Date:  10/07/2016

<h2>Output:</h2>
Build target 'STM32F407'
compiling Main.c...
compiling TcpUdp.c...
compiling AppLayer.c...
compiling EtherCmd.cpp...
SRC\EtherCmd.cpp(1318): warning: C4017W: myid may be used before being set
    U32 myid;
SRC\EtherCmd.cpp: 1 warning, 0 errors
compiling APP_CAN.cpp...
compiling Dev.Cpp...
compiling Chan.Cpp...
compiling ChanEther.cpp...
compiling ParallelChan.Cpp...
compiling SubChan.Cpp...
compiling RTX_CAN.c...
compiling Net_Config.c...
compiling RTX_Config.c...
compiling Sys_Config.cpp...
compiling system_stm32f4xx.c...
compiling ETH_STM32F4xx.c...
compiling CAN_STM32F40x.c...
compiling LED.c...
compiling SPI.c...
compiling GPIO.c...
compiling Timer.c...
compiling WatchDog.c...
compiling UartSimCan.c...
linking...
Program Size: Code=42030 RO-data=1506 RW-data=352 ZI-data=90000  
FromELF: creating hex file...
".\Obj\N407.axf" - 0 Error(s), 1 Warning(s).
</pre>
</body>
</html>
