<!doctype html public "-//w3c//dtd html 4.0 transitional//en">
<html><head>
<title>Static Call Graph - [.\Obj\N407.axf]</title></head>
<body><HR>
<H1>Static Call Graph for image .\Obj\N407.axf</H1><HR>
<BR><P>#&#060CALLGRAPH&#062# ARM Linker, 5.03 [Build 76]: Last Updated: Thu Dec 01 16:17:33 2016
<BR><P>
<H3>Maximum Stack Usage =        264 bytes + Unknown(Functions without stacksize, Cycles, Untraceable Function Pointers)</H3><H3>
Call chain for Maximum Stack Depth:</H3>
tcpudp_task &rArr; main_TcpNet &rArr; run_system &rArr; eth_run_link &rArr; tcp_process &rArr; tcp_send_reset &rArr; tcp_send_ctrl &rArr; tcp_send_frame &rArr; ip_send_frame &rArr; eth_send_frame &rArr; arp_cache_find &rArr; arp_send_request &rArr; free_mem
<P>
<H3>
Functions with no stack information
</H3><UL>
 <LI><a href="#[199]">__user_initial_stackheap</a>
</UL>
</UL>
<P>
<H3>
Mutually Recursive functions
</H3> <LI><a href="#[7c]">os_idle_demon</a>&nbsp;&nbsp;&nbsp;&rArr;&nbsp;&nbsp;&nbsp;<a href="#[7c]">os_idle_demon</a><BR>
 <LI><a href="#[c]">NMI_Handler</a>&nbsp;&nbsp;&nbsp;&rArr;&nbsp;&nbsp;&nbsp;<a href="#[c]">NMI_Handler</a><BR>
 <LI><a href="#[e]">MemManage_Handler</a>&nbsp;&nbsp;&nbsp;&rArr;&nbsp;&nbsp;&nbsp;<a href="#[e]">MemManage_Handler</a><BR>
 <LI><a href="#[f]">BusFault_Handler</a>&nbsp;&nbsp;&nbsp;&rArr;&nbsp;&nbsp;&nbsp;<a href="#[f]">BusFault_Handler</a><BR>
 <LI><a href="#[10]">UsageFault_Handler</a>&nbsp;&nbsp;&nbsp;&rArr;&nbsp;&nbsp;&nbsp;<a href="#[10]">UsageFault_Handler</a><BR>
 <LI><a href="#[12]">DebugMon_Handler</a>&nbsp;&nbsp;&nbsp;&rArr;&nbsp;&nbsp;&nbsp;<a href="#[12]">DebugMon_Handler</a><BR>
 <LI><a href="#[27]">ADC_IRQHandler</a>&nbsp;&nbsp;&nbsp;&rArr;&nbsp;&nbsp;&nbsp;<a href="#[27]">ADC_IRQHandler</a><BR>
 <LI><a href="#[67]">rt_alloc_box</a>&nbsp;&nbsp;&nbsp;&rArr;&nbsp;&nbsp;&nbsp;<a href="#[67]">rt_alloc_box</a><BR>
</UL>
<P>
<H3>
Function Pointers
</H3><UL>
 <LI><a href="#[27]">ADC_IRQHandler</a> from startup_stm32f4xx.o(.text) referenced from startup_stm32f4xx.o(RESET)
 <LI><a href="#[f]">BusFault_Handler</a> from startup_stm32f4xx.o(.text) referenced from startup_stm32f4xx.o(RESET)
 <LI><a href="#[29]">CAN1_RX0_IRQHandler</a> from can_stm32f40x.o(.text) referenced from startup_stm32f4xx.o(RESET)
 <LI><a href="#[2a]">CAN1_RX1_IRQHandler</a> from startup_stm32f4xx.o(.text) referenced from startup_stm32f4xx.o(RESET)
 <LI><a href="#[2b]">CAN1_SCE_IRQHandler</a> from startup_stm32f4xx.o(.text) referenced from startup_stm32f4xx.o(RESET)
 <LI><a href="#[28]">CAN1_TX_IRQHandler</a> from can_stm32f40x.o(.text) referenced from startup_stm32f4xx.o(RESET)
 <LI><a href="#[55]">CAN2_RX0_IRQHandler</a> from can_stm32f40x.o(.text) referenced from startup_stm32f4xx.o(RESET)
 <LI><a href="#[56]">CAN2_RX1_IRQHandler</a> from startup_stm32f4xx.o(.text) referenced from startup_stm32f4xx.o(RESET)
 <LI><a href="#[57]">CAN2_SCE_IRQHandler</a> from startup_stm32f4xx.o(.text) referenced from startup_stm32f4xx.o(RESET)
 <LI><a href="#[54]">CAN2_TX_IRQHandler</a> from can_stm32f40x.o(.text) referenced from startup_stm32f4xx.o(RESET)
 <LI><a href="#[64]">CRYP_IRQHandler</a> from startup_stm32f4xx.o(.text) referenced from startup_stm32f4xx.o(RESET)
 <LI><a href="#[a5]">Ctrl_task</a> from main.o(.text) referenced from main.o(.text)
 <LI><a href="#[63]">DCMI_IRQHandler</a> from startup_stm32f4xx.o(.text) referenced from startup_stm32f4xx.o(RESET)
 <LI><a href="#[20]">DMA1_Stream0_IRQHandler</a> from startup_stm32f4xx.o(.text) referenced from startup_stm32f4xx.o(RESET)
 <LI><a href="#[21]">DMA1_Stream1_IRQHandler</a> from startup_stm32f4xx.o(.text) referenced from startup_stm32f4xx.o(RESET)
 <LI><a href="#[22]">DMA1_Stream2_IRQHandler</a> from startup_stm32f4xx.o(.text) referenced from startup_stm32f4xx.o(RESET)
 <LI><a href="#[23]">DMA1_Stream3_IRQHandler</a> from uartsimcan.o(.text) referenced from startup_stm32f4xx.o(RESET)
 <LI><a href="#[24]">DMA1_Stream4_IRQHandler</a> from startup_stm32f4xx.o(.text) referenced from startup_stm32f4xx.o(RESET)
 <LI><a href="#[25]">DMA1_Stream5_IRQHandler</a> from startup_stm32f4xx.o(.text) referenced from startup_stm32f4xx.o(RESET)
 <LI><a href="#[26]">DMA1_Stream6_IRQHandler</a> from startup_stm32f4xx.o(.text) referenced from startup_stm32f4xx.o(RESET)
 <LI><a href="#[44]">DMA1_Stream7_IRQHandler</a> from startup_stm32f4xx.o(.text) referenced from startup_stm32f4xx.o(RESET)
 <LI><a href="#[4d]">DMA2_Stream0_IRQHandler</a> from startup_stm32f4xx.o(.text) referenced from startup_stm32f4xx.o(RESET)
 <LI><a href="#[4e]">DMA2_Stream1_IRQHandler</a> from startup_stm32f4xx.o(.text) referenced from startup_stm32f4xx.o(RESET)
 <LI><a href="#[4f]">DMA2_Stream2_IRQHandler</a> from startup_stm32f4xx.o(.text) referenced from startup_stm32f4xx.o(RESET)
 <LI><a href="#[50]">DMA2_Stream3_IRQHandler</a> from startup_stm32f4xx.o(.text) referenced from startup_stm32f4xx.o(RESET)
 <LI><a href="#[51]">DMA2_Stream4_IRQHandler</a> from startup_stm32f4xx.o(.text) referenced from startup_stm32f4xx.o(RESET)
 <LI><a href="#[59]">DMA2_Stream5_IRQHandler</a> from startup_stm32f4xx.o(.text) referenced from startup_stm32f4xx.o(RESET)
 <LI><a href="#[5a]">DMA2_Stream6_IRQHandler</a> from startup_stm32f4xx.o(.text) referenced from startup_stm32f4xx.o(RESET)
 <LI><a href="#[5b]">DMA2_Stream7_IRQHandler</a> from uartsimcan.o(.text) referenced from startup_stm32f4xx.o(RESET)
 <LI><a href="#[12]">DebugMon_Handler</a> from startup_stm32f4xx.o(.text) referenced from startup_stm32f4xx.o(RESET)
 <LI><a href="#[52]">ETH_IRQHandler</a> from eth_stm32f4xx.o(.text) referenced from startup_stm32f4xx.o(RESET)
 <LI><a href="#[53]">ETH_WKUP_IRQHandler</a> from startup_stm32f4xx.o(.text) referenced from startup_stm32f4xx.o(RESET)
 <LI><a href="#[1b]">EXTI0_IRQHandler</a> from startup_stm32f4xx.o(.text) referenced from startup_stm32f4xx.o(RESET)
 <LI><a href="#[3d]">EXTI15_10_IRQHandler</a> from startup_stm32f4xx.o(.text) referenced from startup_stm32f4xx.o(RESET)
 <LI><a href="#[1c]">EXTI1_IRQHandler</a> from startup_stm32f4xx.o(.text) referenced from startup_stm32f4xx.o(RESET)
 <LI><a href="#[1d]">EXTI2_IRQHandler</a> from startup_stm32f4xx.o(.text) referenced from startup_stm32f4xx.o(RESET)
 <LI><a href="#[1e]">EXTI3_IRQHandler</a> from startup_stm32f4xx.o(.text) referenced from startup_stm32f4xx.o(RESET)
 <LI><a href="#[1f]">EXTI4_IRQHandler</a> from startup_stm32f4xx.o(.text) referenced from startup_stm32f4xx.o(RESET)
 <LI><a href="#[2c]">EXTI9_5_IRQHandler</a> from startup_stm32f4xx.o(.text) referenced from startup_stm32f4xx.o(RESET)
 <LI><a href="#[19]">FLASH_IRQHandler</a> from startup_stm32f4xx.o(.text) referenced from startup_stm32f4xx.o(RESET)
 <LI><a href="#[66]">FPU_IRQHandler</a> from startup_stm32f4xx.o(.text) referenced from startup_stm32f4xx.o(RESET)
 <LI><a href="#[45]">FSMC_IRQHandler</a> from startup_stm32f4xx.o(.text) referenced from startup_stm32f4xx.o(RESET)
 <LI><a href="#[65]">HASH_RNG_IRQHandler</a> from startup_stm32f4xx.o(.text) referenced from startup_stm32f4xx.o(RESET)
 <LI><a href="#[d]">HardFault_Handler</a> from watchdog.o(.text) referenced from startup_stm32f4xx.o(RESET)
 <LI><a href="#[35]">I2C1_ER_IRQHandler</a> from startup_stm32f4xx.o(.text) referenced from startup_stm32f4xx.o(RESET)
 <LI><a href="#[34]">I2C1_EV_IRQHandler</a> from startup_stm32f4xx.o(.text) referenced from startup_stm32f4xx.o(RESET)
 <LI><a href="#[37]">I2C2_ER_IRQHandler</a> from startup_stm32f4xx.o(.text) referenced from startup_stm32f4xx.o(RESET)
 <LI><a href="#[36]">I2C2_EV_IRQHandler</a> from startup_stm32f4xx.o(.text) referenced from startup_stm32f4xx.o(RESET)
 <LI><a href="#[5e]">I2C3_ER_IRQHandler</a> from startup_stm32f4xx.o(.text) referenced from startup_stm32f4xx.o(RESET)
 <LI><a href="#[5d]">I2C3_EV_IRQHandler</a> from startup_stm32f4xx.o(.text) referenced from startup_stm32f4xx.o(RESET)
 <LI><a href="#[e]">MemManage_Handler</a> from startup_stm32f4xx.o(.text) referenced from startup_stm32f4xx.o(RESET)
 <LI><a href="#[c]">NMI_Handler</a> from startup_stm32f4xx.o(.text) referenced from startup_stm32f4xx.o(RESET)
 <LI><a href="#[58]">OTG_FS_IRQHandler</a> from startup_stm32f4xx.o(.text) referenced from startup_stm32f4xx.o(RESET)
 <LI><a href="#[3f]">OTG_FS_WKUP_IRQHandler</a> from startup_stm32f4xx.o(.text) referenced from startup_stm32f4xx.o(RESET)
 <LI><a href="#[60]">OTG_HS_EP1_IN_IRQHandler</a> from startup_stm32f4xx.o(.text) referenced from startup_stm32f4xx.o(RESET)
 <LI><a href="#[5f]">OTG_HS_EP1_OUT_IRQHandler</a> from startup_stm32f4xx.o(.text) referenced from startup_stm32f4xx.o(RESET)
 <LI><a href="#[62]">OTG_HS_IRQHandler</a> from startup_stm32f4xx.o(.text) referenced from startup_stm32f4xx.o(RESET)
 <LI><a href="#[61]">OTG_HS_WKUP_IRQHandler</a> from startup_stm32f4xx.o(.text) referenced from startup_stm32f4xx.o(RESET)
 <LI><a href="#[16]">PVD_IRQHandler</a> from startup_stm32f4xx.o(.text) referenced from startup_stm32f4xx.o(RESET)
 <LI><a href="#[13]">PendSV_Handler</a> from hal_cm4.o(.emb_text) referenced from startup_stm32f4xx.o(RESET)
 <LI><a href="#[1a]">RCC_IRQHandler</a> from startup_stm32f4xx.o(.text) referenced from startup_stm32f4xx.o(RESET)
 <LI><a href="#[3e]">RTC_Alarm_IRQHandler</a> from startup_stm32f4xx.o(.text) referenced from startup_stm32f4xx.o(RESET)
 <LI><a href="#[18]">RTC_WKUP_IRQHandler</a> from startup_stm32f4xx.o(.text) referenced from startup_stm32f4xx.o(RESET)
 <LI><a href="#[b]">Reset_Handler</a> from startup_stm32f4xx.o(.text) referenced from startup_stm32f4xx.o(RESET)
 <LI><a href="#[46]">SDIO_IRQHandler</a> from startup_stm32f4xx.o(.text) referenced from startup_stm32f4xx.o(RESET)
 <LI><a href="#[38]">SPI1_IRQHandler</a> from startup_stm32f4xx.o(.text) referenced from startup_stm32f4xx.o(RESET)
 <LI><a href="#[39]">SPI2_IRQHandler</a> from spi.o(.text) referenced from startup_stm32f4xx.o(RESET)
 <LI><a href="#[48]">SPI3_IRQHandler</a> from startup_stm32f4xx.o(.text) referenced from startup_stm32f4xx.o(RESET)
 <LI><a href="#[11]">SVC_Handler</a> from hal_cm4.o(.emb_text) referenced from startup_stm32f4xx.o(RESET)
 <LI><a href="#[14]">SysTick_Handler</a> from hal_cm4.o(.emb_text) referenced from startup_stm32f4xx.o(RESET)
 <LI><a href="#[7a]">SystemInit</a> from system_stm32f4xx.o(.text) referenced from startup_stm32f4xx.o(.text)
 <LI><a href="#[17]">TAMP_STAMP_IRQHandler</a> from startup_stm32f4xx.o(.text) referenced from startup_stm32f4xx.o(RESET)
 <LI><a href="#[aa]">TASK_CAN1</a> from main.o(.text) referenced from main.o(.text)
 <LI><a href="#[ae]">TASK_CAN2</a> from main.o(.text) referenced from main.o(.text)
 <LI><a href="#[bb]">TASK_SPI</a> from main.o(.text) referenced from main.o(.text)
 <LI><a href="#[2d]">TIM1_BRK_TIM9_IRQHandler</a> from startup_stm32f4xx.o(.text) referenced from startup_stm32f4xx.o(RESET)
 <LI><a href="#[30]">TIM1_CC_IRQHandler</a> from startup_stm32f4xx.o(.text) referenced from startup_stm32f4xx.o(RESET)
 <LI><a href="#[2f]">TIM1_TRG_COM_TIM11_IRQHandler</a> from startup_stm32f4xx.o(.text) referenced from startup_stm32f4xx.o(RESET)
 <LI><a href="#[2e]">TIM1_UP_TIM10_IRQHandler</a> from timer.o(.text) referenced from startup_stm32f4xx.o(RESET)
 <LI><a href="#[31]">TIM2_IRQHandler</a> from uartsimcan.o(.text) referenced from startup_stm32f4xx.o(RESET)
 <LI><a href="#[32]">TIM3_IRQHandler</a> from uartsimcan.o(.text) referenced from startup_stm32f4xx.o(RESET)
 <LI><a href="#[33]">TIM4_IRQHandler</a> from startup_stm32f4xx.o(.text) referenced from startup_stm32f4xx.o(RESET)
 <LI><a href="#[47]">TIM5_IRQHandler</a> from startup_stm32f4xx.o(.text) referenced from startup_stm32f4xx.o(RESET)
 <LI><a href="#[4b]">TIM6_DAC_IRQHandler</a> from startup_stm32f4xx.o(.text) referenced from startup_stm32f4xx.o(RESET)
 <LI><a href="#[4c]">TIM7_IRQHandler</a> from startup_stm32f4xx.o(.text) referenced from startup_stm32f4xx.o(RESET)
 <LI><a href="#[40]">TIM8_BRK_TIM12_IRQHandler</a> from startup_stm32f4xx.o(.text) referenced from startup_stm32f4xx.o(RESET)
 <LI><a href="#[43]">TIM8_CC_IRQHandler</a> from startup_stm32f4xx.o(.text) referenced from startup_stm32f4xx.o(RESET)
 <LI><a href="#[42]">TIM8_TRG_COM_TIM14_IRQHandler</a> from startup_stm32f4xx.o(.text) referenced from startup_stm32f4xx.o(RESET)
 <LI><a href="#[41]">TIM8_UP_TIM13_IRQHandler</a> from startup_stm32f4xx.o(.text) referenced from startup_stm32f4xx.o(RESET)
 <LI><a href="#[49]">UART4_IRQHandler</a> from startup_stm32f4xx.o(.text) referenced from startup_stm32f4xx.o(RESET)
 <LI><a href="#[4a]">UART5_IRQHandler</a> from startup_stm32f4xx.o(.text) referenced from startup_stm32f4xx.o(RESET)
 <LI><a href="#[3a]">USART1_IRQHandler</a> from uartsimcan.o(.text) referenced from startup_stm32f4xx.o(RESET)
 <LI><a href="#[3b]">USART2_IRQHandler</a> from startup_stm32f4xx.o(.text) referenced from startup_stm32f4xx.o(RESET)
 <LI><a href="#[3c]">USART3_IRQHandler</a> from uartsimcan.o(.text) referenced from startup_stm32f4xx.o(RESET)
 <LI><a href="#[5c]">USART6_IRQHandler</a> from startup_stm32f4xx.o(.text) referenced from startup_stm32f4xx.o(RESET)
 <LI><a href="#[10]">UsageFault_Handler</a> from startup_stm32f4xx.o(.text) referenced from startup_stm32f4xx.o(RESET)
 <LI><a href="#[15]">WWDG_IRQHandler</a> from watchdog.o(.text) referenced from startup_stm32f4xx.o(RESET)
 <LI><a href="#[130]">Chan::Chan()</a> from chan.o(.text) referenced from chan.o(.text)
 <LI><a href="#[10d]">CANCtrl::CANCtrl()</a> from app_can.o(.text) referenced from app_can.o(.text)
 <LI><a href="#[83]">__main</a> from __main.o(!!!main) referenced from startup_stm32f4xx.o(.text)
 <LI><a href="#[7e]">__sti___11_APP_CAN_cpp</a> from app_can.o(.text) referenced from app_can.o(.init_array)
 <LI><a href="#[82]">__sti___11_SubChan_Cpp</a> from subchan.o(.text) referenced from subchan.o(.init_array)
 <LI><a href="#[81]">__sti___16_ParallelChan_Cpp</a> from parallelchan.o(.text) referenced from parallelchan.o(.init_array)
 <LI><a href="#[7f]">__sti___7_Dev_Cpp</a> from dev.o(.text) referenced from dev.o(.init_array)
 <LI><a href="#[80]">__sti___8_Chan_Cpp</a> from chan.o(.text) referenced from chan.o(.init_array)
 <LI><a href="#[af]">main_task</a> from main.o(.text) referenced from main.o(.text)
 <LI><a href="#[7c]">os_idle_demon</a> from rtx_config.o(.text) referenced from rt_task.o(i.rt_sys_init)
 <LI><a href="#[67]">rt_alloc_box</a> from rt_membox.o(i.rt_alloc_box) referenced from hal_cm4.o(.emb_text)
 <LI><a href="#[6b]">rt_dly_wait</a> from rt_time.o(i.rt_dly_wait) referenced 2 times from main.o(.text)
 <LI><a href="#[68]">rt_free_box</a> from rt_membox.o(i.rt_free_box) referenced from hal_cm4.o(.emb_text)
 <LI><a href="#[72]">rt_mbx_check</a> from rt_mailbox.o(i.rt_mbx_check) referenced 4 times from ethercmd.o(.text)
 <LI><a href="#[79]">rt_mbx_init</a> from rt_mailbox.o(i.rt_mbx_init) referenced 2 times from rtx_can.o(.text)
 <LI><a href="#[73]">rt_mbx_send</a> from rt_mailbox.o(i.rt_mbx_send) referenced 5 times from ethercmd.o(.text)
 <LI><a href="#[71]">rt_mbx_wait</a> from rt_mailbox.o(i.rt_mbx_wait) referenced 5 times from ethercmd.o(.text)
 <LI><a href="#[6d]">rt_mut_init</a> from rt_mutex.o(i.rt_mut_init) referenced from main.o(.text)
 <LI><a href="#[75]">rt_mut_release</a> from rt_mutex.o(i.rt_mut_release) referenced 3 times from dev.o(.text)
 <LI><a href="#[74]">rt_mut_wait</a> from rt_mutex.o(i.rt_mut_wait) referenced 4 times from dev.o(.text)
 <LI><a href="#[6c]">rt_sem_init</a> from rt_semaphore.o(i.rt_sem_init) referenced 4 times from main.o(.text)
 <LI><a href="#[78]">rt_sem_send</a> from rt_semaphore.o(i.rt_sem_send) referenced 4 times from chan.o(.text)
 <LI><a href="#[6a]">rt_sem_wait</a> from rt_semaphore.o(i.rt_sem_wait) referenced 2 times from main.o(.text)
 <LI><a href="#[70]">rt_sys_init</a> from rt_task.o(i.rt_sys_init) referenced from main.o(.text)
 <LI><a href="#[6f]">rt_tsk_create</a> from rt_task.o(i.rt_tsk_create) referenced from main.o(.text)
 <LI><a href="#[76]">rt_tsk_lock</a> from rt_system.o(i.rt_tsk_lock) referenced 4 times from dev.o(.text)
 <LI><a href="#[6e]">rt_tsk_prio</a> from rt_task.o(i.rt_tsk_prio) referenced from main.o(.text)
 <LI><a href="#[77]">rt_tsk_unlock</a> from rt_system.o(i.rt_tsk_unlock) referenced 4 times from dev.o(.text)
 <LI><a href="#[7d]">tcp_config</a> from net_config.o(.text) referenced from at_tcp.o(i.tcp_map_socket)
 <LI><a href="#[7d]">tcp_config</a> from net_config.o(.text) referenced from at_tcp.o(i.tcp_process)
 <LI><a href="#[7d]">tcp_config</a> from net_config.o(.text) referenced from at_tcp.o(i.tcp_process_opt)
 <LI><a href="#[7d]">tcp_config</a> from net_config.o(.text) referenced from at_tcp.o(i.tcp_send_frame)
 <LI><a href="#[7d]">tcp_config</a> from net_config.o(.text) referenced from at_tcp.o(i.tcp_send_reset)
 <LI><a href="#[7d]">tcp_config</a> from net_config.o(.text) referenced from at_tcp.o(i.tcp_transit)
 <LI><a href="#[a1]">tcpudp_task</a> from main.o(.text) referenced from main.o(.text)
 <LI><a href="#[69]">udp_callback</a> from tcpudp.o(.text) referenced from main.o(.text)
</UL>
<P>
<H3>
Global Symbols
</H3>
<P><STRONG><a name="[83]"></a>__main</STRONG> (Thumb, 8 bytes, Stack size 0 bytes, __main.o(!!!main))
<BR><BR>[Calls]<UL><LI><a href="#[8c]">&gt;&gt;</a>&nbsp;&nbsp;&nbsp;__rt_entry
<LI><a href="#[8b]">&gt;&gt;</a>&nbsp;&nbsp;&nbsp;__scatterload
</UL>

<P><STRONG><a name="[8b]"></a>__scatterload</STRONG> (Thumb, 0 bytes, Stack size unknown bytes, __scatter.o(!!!scatter))
<BR><BR>[Called By]<UL><LI><a href="#[83]">&gt;&gt;</a>&nbsp;&nbsp;&nbsp;__main
</UL>

<P><STRONG><a name="[8d]"></a>__scatterload_rt2</STRONG> (Thumb, 44 bytes, Stack size unknown bytes, __scatter.o(!!!scatter), UNUSED)
<BR><BR>[Calls]<UL><LI><a href="#[8c]">&gt;&gt;</a>&nbsp;&nbsp;&nbsp;__rt_entry
</UL>

<P><STRONG><a name="[1ea]"></a>__scatterload_rt2_thumb_only</STRONG> (Thumb, 0 bytes, Stack size unknown bytes, __scatter.o(!!!scatter), UNUSED)

<P><STRONG><a name="[1eb]"></a>__scatterload_null</STRONG> (Thumb, 0 bytes, Stack size unknown bytes, __scatter.o(!!!scatter), UNUSED)

<P><STRONG><a name="[1ec]"></a>__decompress</STRONG> (Thumb, 90 bytes, Stack size unknown bytes, __dczerorl2.o(!!dczerorl2), UNUSED)

<P><STRONG><a name="[1ed]"></a>__decompress1</STRONG> (Thumb, 0 bytes, Stack size unknown bytes, __dczerorl2.o(!!dczerorl2), UNUSED)

<P><STRONG><a name="[1ee]"></a>__scatterload_zeroinit</STRONG> (Thumb, 28 bytes, Stack size unknown bytes, __scatter_zi.o(!!handler_zi), UNUSED)

<P><STRONG><a name="[94]"></a>__rt_lib_init</STRONG> (Thumb, 0 bytes, Stack size unknown bytes, libinit.o(.ARM.Collect$$libinit$$00000000))
<BR><BR>[Called By]<UL><LI><a href="#[93]">&gt;&gt;</a>&nbsp;&nbsp;&nbsp;__rt_entry_li
</UL>

<P><STRONG><a name="[8e]"></a>__rt_lib_init_fp_1</STRONG> (Thumb, 0 bytes, Stack size unknown bytes, libinit2.o(.ARM.Collect$$libinit$$00000001))
<BR><BR>[Calls]<UL><LI><a href="#[8f]">&gt;&gt;</a>&nbsp;&nbsp;&nbsp;_fp_init
</UL>

<P><STRONG><a name="[1ef]"></a>__rt_lib_init_alloca_1</STRONG> (Thumb, 0 bytes, Stack size unknown bytes, libinit2.o(.ARM.Collect$$libinit$$0000002C))

<P><STRONG><a name="[1f0]"></a>__rt_lib_init_argv_1</STRONG> (Thumb, 0 bytes, Stack size unknown bytes, libinit2.o(.ARM.Collect$$libinit$$0000002A))

<P><STRONG><a name="[1f1]"></a>__rt_lib_init_atexit_1</STRONG> (Thumb, 0 bytes, Stack size unknown bytes, libinit2.o(.ARM.Collect$$libinit$$00000019))

<P><STRONG><a name="[1f2]"></a>__rt_lib_init_clock_1</STRONG> (Thumb, 0 bytes, Stack size unknown bytes, libinit2.o(.ARM.Collect$$libinit$$0000001F))

<P><STRONG><a name="[90]"></a>__rt_lib_init_cpp_2</STRONG> (Thumb, 0 bytes, Stack size unknown bytes, libinit2.o(.ARM.Collect$$libinit$$0000002F))
<BR><BR>[Stack]<UL><LI>Max Depth = 16 + Unknown Stack Size
<LI>Call Chain = __rt_lib_init_cpp_2 &rArr; __cpp_initialize__aeabi_
</UL>
<BR>[Calls]<UL><LI><a href="#[8a]">&gt;&gt;</a>&nbsp;&nbsp;&nbsp;__cpp_initialize__aeabi_
</UL>

<P><STRONG><a name="[1f3]"></a>__rt_lib_init_exceptions_1</STRONG> (Thumb, 0 bytes, Stack size unknown bytes, libinit2.o(.ARM.Collect$$libinit$$0000002E))

<P><STRONG><a name="[1f4]"></a>__rt_lib_init_fp_trap_1</STRONG> (Thumb, 0 bytes, Stack size unknown bytes, libinit2.o(.ARM.Collect$$libinit$$0000001D))

<P><STRONG><a name="[1f5]"></a>__rt_lib_init_getenv_1</STRONG> (Thumb, 0 bytes, Stack size unknown bytes, libinit2.o(.ARM.Collect$$libinit$$00000021))

<P><STRONG><a name="[1f6]"></a>__rt_lib_init_heap_1</STRONG> (Thumb, 0 bytes, Stack size unknown bytes, libinit2.o(.ARM.Collect$$libinit$$00000008))

<P><STRONG><a name="[1f7]"></a>__rt_lib_init_lc_collate_1</STRONG> (Thumb, 0 bytes, Stack size unknown bytes, libinit2.o(.ARM.Collect$$libinit$$0000000F))

<P><STRONG><a name="[1f8]"></a>__rt_lib_init_lc_ctype_1</STRONG> (Thumb, 0 bytes, Stack size unknown bytes, libinit2.o(.ARM.Collect$$libinit$$00000011))

<P><STRONG><a name="[1f9]"></a>__rt_lib_init_lc_monetary_1</STRONG> (Thumb, 0 bytes, Stack size unknown bytes, libinit2.o(.ARM.Collect$$libinit$$00000013))

<P><STRONG><a name="[1fa]"></a>__rt_lib_init_lc_numeric_1</STRONG> (Thumb, 0 bytes, Stack size unknown bytes, libinit2.o(.ARM.Collect$$libinit$$00000015))

<P><STRONG><a name="[1fb]"></a>__rt_lib_init_lc_time_1</STRONG> (Thumb, 0 bytes, Stack size unknown bytes, libinit2.o(.ARM.Collect$$libinit$$00000017))

<P><STRONG><a name="[1fc]"></a>__rt_lib_init_rand_1</STRONG> (Thumb, 0 bytes, Stack size unknown bytes, libinit2.o(.ARM.Collect$$libinit$$0000000C))

<P><STRONG><a name="[1fd]"></a>__rt_lib_init_signal_1</STRONG> (Thumb, 0 bytes, Stack size unknown bytes, libinit2.o(.ARM.Collect$$libinit$$0000001B))

<P><STRONG><a name="[1fe]"></a>__rt_lib_init_stdio_1</STRONG> (Thumb, 0 bytes, Stack size unknown bytes, libinit2.o(.ARM.Collect$$libinit$$00000023))

<P><STRONG><a name="[1ff]"></a>__rt_lib_init_user_alloc_1</STRONG> (Thumb, 0 bytes, Stack size unknown bytes, libinit2.o(.ARM.Collect$$libinit$$0000000A))

<P><STRONG><a name="[200]"></a>__rt_lib_init_cpp_1</STRONG> (Thumb, 0 bytes, Stack size unknown bytes, libinit2.o(.ARM.Collect$$libinit$$00000030))

<P><STRONG><a name="[201]"></a>__rt_lib_init_return</STRONG> (Thumb, 0 bytes, Stack size unknown bytes, libinit2.o(.ARM.Collect$$libinit$$00000031))

<P><STRONG><a name="[99]"></a>__rt_lib_shutdown</STRONG> (Thumb, 0 bytes, Stack size unknown bytes, libshutdown.o(.ARM.Collect$$libshutdown$$00000000))
<BR><BR>[Called By]<UL><LI><a href="#[98]">&gt;&gt;</a>&nbsp;&nbsp;&nbsp;__rt_exit_ls
</UL>

<P><STRONG><a name="[202]"></a>__rt_lib_shutdown_fp_trap_1</STRONG> (Thumb, 0 bytes, Stack size unknown bytes, libshutdown2.o(.ARM.Collect$$libshutdown$$00000006))

<P><STRONG><a name="[203]"></a>__rt_lib_shutdown_heap_1</STRONG> (Thumb, 0 bytes, Stack size unknown bytes, libshutdown2.o(.ARM.Collect$$libshutdown$$0000000E))

<P><STRONG><a name="[204]"></a>__rt_lib_shutdown_return</STRONG> (Thumb, 0 bytes, Stack size unknown bytes, libshutdown2.o(.ARM.Collect$$libshutdown$$0000000F))

<P><STRONG><a name="[205]"></a>__rt_lib_shutdown_signal_1</STRONG> (Thumb, 0 bytes, Stack size unknown bytes, libshutdown2.o(.ARM.Collect$$libshutdown$$00000009))

<P><STRONG><a name="[206]"></a>__rt_lib_shutdown_stdio_1</STRONG> (Thumb, 0 bytes, Stack size unknown bytes, libshutdown2.o(.ARM.Collect$$libshutdown$$00000003))

<P><STRONG><a name="[207]"></a>__rt_lib_shutdown_user_alloc_1</STRONG> (Thumb, 0 bytes, Stack size unknown bytes, libshutdown2.o(.ARM.Collect$$libshutdown$$0000000B))

<P><STRONG><a name="[8c]"></a>__rt_entry</STRONG> (Thumb, 0 bytes, Stack size unknown bytes, rtentry.o(.ARM.Collect$$rtentry$$00000000))
<BR><BR>[Called By]<UL><LI><a href="#[83]">&gt;&gt;</a>&nbsp;&nbsp;&nbsp;__main
<LI><a href="#[8d]">&gt;&gt;</a>&nbsp;&nbsp;&nbsp;__scatterload_rt2
</UL>

<P><STRONG><a name="[208]"></a>__rt_entry_presh_1</STRONG> (Thumb, 0 bytes, Stack size unknown bytes, rtentry2.o(.ARM.Collect$$rtentry$$00000002))

<P><STRONG><a name="[91]"></a>__rt_entry_sh</STRONG> (Thumb, 0 bytes, Stack size unknown bytes, rtentry4.o(.ARM.Collect$$rtentry$$00000004))
<BR><BR>[Stack]<UL><LI>Max Depth = 8 + Unknown Stack Size
<LI>Call Chain = __rt_entry_sh &rArr; __user_setup_stackheap
</UL>
<BR>[Calls]<UL><LI><a href="#[92]">&gt;&gt;</a>&nbsp;&nbsp;&nbsp;__user_setup_stackheap
</UL>

<P><STRONG><a name="[93]"></a>__rt_entry_li</STRONG> (Thumb, 0 bytes, Stack size unknown bytes, rtentry2.o(.ARM.Collect$$rtentry$$0000000A))
<BR><BR>[Calls]<UL><LI><a href="#[94]">&gt;&gt;</a>&nbsp;&nbsp;&nbsp;__rt_lib_init
</UL>

<P><STRONG><a name="[209]"></a>__rt_entry_postsh_1</STRONG> (Thumb, 0 bytes, Stack size unknown bytes, rtentry2.o(.ARM.Collect$$rtentry$$00000009))

<P><STRONG><a name="[95]"></a>__rt_entry_main</STRONG> (Thumb, 0 bytes, Stack size unknown bytes, rtentry2.o(.ARM.Collect$$rtentry$$0000000D))
<BR><BR>[Calls]<UL><LI><a href="#[96]">&gt;&gt;</a>&nbsp;&nbsp;&nbsp;main
<LI><a href="#[97]">&gt;&gt;</a>&nbsp;&nbsp;&nbsp;exit
</UL>

<P><STRONG><a name="[20a]"></a>__rt_entry_postli_1</STRONG> (Thumb, 0 bytes, Stack size unknown bytes, rtentry2.o(.ARM.Collect$$rtentry$$0000000C))

<P><STRONG><a name="[19a]"></a>__rt_exit</STRONG> (Thumb, 0 bytes, Stack size unknown bytes, rtexit.o(.ARM.Collect$$rtexit$$00000000))
<BR><BR>[Called By]<UL><LI><a href="#[97]">&gt;&gt;</a>&nbsp;&nbsp;&nbsp;exit
</UL>

<P><STRONG><a name="[98]"></a>__rt_exit_ls</STRONG> (Thumb, 0 bytes, Stack size unknown bytes, rtexit2.o(.ARM.Collect$$rtexit$$00000003))
<BR><BR>[Calls]<UL><LI><a href="#[99]">&gt;&gt;</a>&nbsp;&nbsp;&nbsp;__rt_lib_shutdown
</UL>

<P><STRONG><a name="[20b]"></a>__rt_exit_prels_1</STRONG> (Thumb, 0 bytes, Stack size unknown bytes, rtexit2.o(.ARM.Collect$$rtexit$$00000002))

<P><STRONG><a name="[9a]"></a>__rt_exit_exit</STRONG> (Thumb, 0 bytes, Stack size unknown bytes, rtexit2.o(.ARM.Collect$$rtexit$$00000004))
<BR><BR>[Calls]<UL><LI><a href="#[9b]">&gt;&gt;</a>&nbsp;&nbsp;&nbsp;_sys_exit
</UL>

<P><STRONG><a name="[1d9]"></a>rt_set_PSP</STRONG> (Thumb, 6 bytes, Stack size 0 bytes, hal_cm4.o(.emb_text))
<BR><BR>[Called By]<UL><LI><a href="#[70]">&gt;&gt;</a>&nbsp;&nbsp;&nbsp;rt_sys_init
</UL>

<P><STRONG><a name="[20c]"></a>rt_get_PSP</STRONG> (Thumb, 6 bytes, Stack size 0 bytes, hal_cm4.o(.emb_text), UNUSED)

<P><STRONG><a name="[be]"></a>os_set_env</STRONG> (Thumb, 24 bytes, Stack size 0 bytes, hal_cm4.o(.emb_text))
<BR><BR>[Called By]<UL><LI><a href="#[96]">&gt;&gt;</a>&nbsp;&nbsp;&nbsp;main
</UL>

<P><STRONG><a name="[101]"></a>_alloc_box</STRONG> (Thumb, 28 bytes, Stack size 0 bytes, hal_cm4.o(.emb_text))
<BR><BR>[Called By]<UL><LI><a href="#[109]">&gt;&gt;</a>&nbsp;&nbsp;&nbsp;ParallelChan::CanRxProc(unsigned char, unsigned char, int*)
<LI><a href="#[fa]">&gt;&gt;</a>&nbsp;&nbsp;&nbsp;CanNet_MsgSend
<LI><a href="#[f1]">&gt;&gt;</a>&nbsp;&nbsp;&nbsp;CanNet_CmdSend
<LI><a href="#[de]">&gt;&gt;</a>&nbsp;&nbsp;&nbsp;CMD_WR_SubChInfo_Proc
<LI><a href="#[dd]">&gt;&gt;</a>&nbsp;&nbsp;&nbsp;CMD_RD_SubChInfo_Proc
<LI><a href="#[3c]">&gt;&gt;</a>&nbsp;&nbsp;&nbsp;USART3_IRQHandler
<LI><a href="#[3a]">&gt;&gt;</a>&nbsp;&nbsp;&nbsp;USART1_IRQHandler
<LI><a href="#[55]">&gt;&gt;</a>&nbsp;&nbsp;&nbsp;CAN2_RX0_IRQHandler
<LI><a href="#[29]">&gt;&gt;</a>&nbsp;&nbsp;&nbsp;CAN1_RX0_IRQHandler
<LI><a href="#[152]">&gt;&gt;</a>&nbsp;&nbsp;&nbsp;CAN_push
</UL>

<P><STRONG><a name="[f9]"></a>_free_box</STRONG> (Thumb, 28 bytes, Stack size 0 bytes, hal_cm4.o(.emb_text))
<BR><BR>[Called By]<UL><LI><a href="#[109]">&gt;&gt;</a>&nbsp;&nbsp;&nbsp;ParallelChan::CanRxProc(unsigned char, unsigned char, int*)
<LI><a href="#[10a]">&gt;&gt;</a>&nbsp;&nbsp;&nbsp;CANCtrl::Send_Out()
<LI><a href="#[fa]">&gt;&gt;</a>&nbsp;&nbsp;&nbsp;CanNet_MsgSend
<LI><a href="#[f1]">&gt;&gt;</a>&nbsp;&nbsp;&nbsp;CanNet_CmdSend
<LI><a href="#[de]">&gt;&gt;</a>&nbsp;&nbsp;&nbsp;CMD_WR_SubChInfo_Proc
<LI><a href="#[d4]">&gt;&gt;</a>&nbsp;&nbsp;&nbsp;CMD_WR_ChanInfo_Proc
<LI><a href="#[e0]">&gt;&gt;</a>&nbsp;&nbsp;&nbsp;CMD_Transparent_Proc
<LI><a href="#[dd]">&gt;&gt;</a>&nbsp;&nbsp;&nbsp;CMD_RD_SubChInfo_Proc
<LI><a href="#[d3]">&gt;&gt;</a>&nbsp;&nbsp;&nbsp;CMD_RD_ChanInfo_Proc
<LI><a href="#[54]">&gt;&gt;</a>&nbsp;&nbsp;&nbsp;CAN2_TX_IRQHandler
<LI><a href="#[28]">&gt;&gt;</a>&nbsp;&nbsp;&nbsp;CAN1_TX_IRQHandler
<LI><a href="#[159]">&gt;&gt;</a>&nbsp;&nbsp;&nbsp;CAN_pull
<LI><a href="#[152]">&gt;&gt;</a>&nbsp;&nbsp;&nbsp;CAN_push
</UL>

<P><STRONG><a name="[11]"></a>SVC_Handler</STRONG> (Thumb, 160 bytes, Stack size 0 bytes, hal_cm4.o(.emb_text))
<BR><BR>[Stack]<UL><LI>Max Depth = 12<LI>Call Chain = SVC_Handler &rArr; rt_stk_check &rArr; os_error &rArr; OsError_Display &rArr; LED_Flash
</UL>
<BR>[Calls]<UL><LI><a href="#[9c]">&gt;&gt;</a>&nbsp;&nbsp;&nbsp;rt_stk_check
</UL>
<BR>[Address Reference Count : 1]<UL><LI> startup_stm32f4xx.o(RESET)
</UL>
<P><STRONG><a name="[13]"></a>PendSV_Handler</STRONG> (Thumb, 112 bytes, Stack size 0 bytes, hal_cm4.o(.emb_text))
<BR><BR>[Stack]<UL><LI>Max Depth = 52<LI>Call Chain = PendSV_Handler &rArr; rt_pop_req &rArr; rt_mbx_psh &rArr; os_error &rArr; OsError_Display &rArr; LED_Flash
</UL>
<BR>[Calls]<UL><LI><a href="#[9d]">&gt;&gt;</a>&nbsp;&nbsp;&nbsp;rt_pop_req
<LI><a href="#[9c]">&gt;&gt;</a>&nbsp;&nbsp;&nbsp;rt_stk_check
</UL>
<BR>[Address Reference Count : 1]<UL><LI> startup_stm32f4xx.o(RESET)
</UL>
<P><STRONG><a name="[14]"></a>SysTick_Handler</STRONG> (Thumb, 8 bytes, Stack size 0 bytes, hal_cm4.o(.emb_text))
<BR><BR>[Stack]<UL><LI>Max Depth = 36<LI>Call Chain = SysTick_Handler &rArr; rt_systick &rArr; rt_dec_dly &rArr; rt_put_prio
</UL>
<BR>[Calls]<UL><LI><a href="#[9e]">&gt;&gt;</a>&nbsp;&nbsp;&nbsp;rt_systick
</UL>
<BR>[Address Reference Count : 1]<UL><LI> startup_stm32f4xx.o(RESET)
</UL>
<P><STRONG><a name="[9f]"></a>OS_Tick_Handler</STRONG> (Thumb, 12 bytes, Stack size 0 bytes, hal_cm4.o(.emb_text), UNUSED)
<BR><BR>[Calls]<UL><LI><a href="#[a0]">&gt;&gt;</a>&nbsp;&nbsp;&nbsp;os_tick_irqack
<LI><a href="#[9e]">&gt;&gt;</a>&nbsp;&nbsp;&nbsp;rt_systick
</UL>

<P><STRONG><a name="[a1]"></a>tcpudp_task</STRONG> (Thumb, 40 bytes, Stack size 0 bytes, main.o(.text))
<BR><BR>[Stack]<UL><LI>Max Depth = 264<LI>Call Chain = tcpudp_task &rArr; main_TcpNet &rArr; run_system &rArr; eth_run_link &rArr; tcp_process &rArr; tcp_send_reset &rArr; tcp_send_ctrl &rArr; tcp_send_frame &rArr; ip_send_frame &rArr; eth_send_frame &rArr; arp_cache_find &rArr; arp_send_request &rArr; free_mem
</UL>
<BR>[Calls]<UL><LI><a href="#[a3]">&gt;&gt;</a>&nbsp;&nbsp;&nbsp;udp_open
<LI><a href="#[a2]">&gt;&gt;</a>&nbsp;&nbsp;&nbsp;udp_get_socket
<LI><a href="#[a4]">&gt;&gt;</a>&nbsp;&nbsp;&nbsp;main_TcpNet
</UL>
<BR>[Address Reference Count : 1]<UL><LI> main.o(.text)
</UL>
<P><STRONG><a name="[a5]"></a>Ctrl_task</STRONG> (Thumb, 60 bytes, Stack size 0 bytes, main.o(.text))
<BR><BR>[Stack]<UL><LI>Max Depth = 56<LI>Call Chain = Ctrl_task &rArr; ControlProc &rArr; Chan::TickControlProc() &rArr; Chan::Get_ViTiExtremum()
</UL>
<BR>[Calls]<UL><LI><a href="#[a6]">&gt;&gt;</a>&nbsp;&nbsp;&nbsp;TIM1_Init
<LI><a href="#[a7]">&gt;&gt;</a>&nbsp;&nbsp;&nbsp;SRAM_Test
<LI><a href="#[a8]">&gt;&gt;</a>&nbsp;&nbsp;&nbsp;LED_Flash
<LI><a href="#[a9]">&gt;&gt;</a>&nbsp;&nbsp;&nbsp;ControlProc
</UL>
<BR>[Address Reference Count : 1]<UL><LI> main.o(.text)
</UL>
<P><STRONG><a name="[bb]"></a>TASK_SPI</STRONG> (Thumb, 14 bytes, Stack size 0 bytes, main.o(.text))
<BR>[Address Reference Count : 1]<UL><LI> main.o(.text)
</UL>
<P><STRONG><a name="[aa]"></a>TASK_CAN1</STRONG> (Thumb, 68 bytes, Stack size 24 bytes, main.o(.text))
<BR><BR>[Stack]<UL><LI>Max Depth = 136<LI>Call Chain = TASK_CAN1 &rArr; CAN_Send_Process &rArr; CANCtrl::Send_Out() &rArr; ParallelChan::CanTxProc(unsigned char, unsigned char, unsigned char, CAN_msg*) &rArr; Chan::GetOutBit(unsigned char)
</UL>
<BR>[Calls]<UL><LI><a href="#[a8]">&gt;&gt;</a>&nbsp;&nbsp;&nbsp;LED_Flash
<LI><a href="#[ab]">&gt;&gt;</a>&nbsp;&nbsp;&nbsp;CAN_receive
<LI><a href="#[ac]">&gt;&gt;</a>&nbsp;&nbsp;&nbsp;CAN_Send_Process
<LI><a href="#[ad]">&gt;&gt;</a>&nbsp;&nbsp;&nbsp;CAN_Recv_Process
</UL>
<BR>[Address Reference Count : 1]<UL><LI> main.o(.text)
</UL>
<P><STRONG><a name="[ae]"></a>TASK_CAN2</STRONG> (Thumb, 68 bytes, Stack size 24 bytes, main.o(.text))
<BR><BR>[Stack]<UL><LI>Max Depth = 136<LI>Call Chain = TASK_CAN2 &rArr; CAN_Send_Process &rArr; CANCtrl::Send_Out() &rArr; ParallelChan::CanTxProc(unsigned char, unsigned char, unsigned char, CAN_msg*) &rArr; Chan::GetOutBit(unsigned char)
</UL>
<BR>[Calls]<UL><LI><a href="#[a8]">&gt;&gt;</a>&nbsp;&nbsp;&nbsp;LED_Flash
<LI><a href="#[ab]">&gt;&gt;</a>&nbsp;&nbsp;&nbsp;CAN_receive
<LI><a href="#[ac]">&gt;&gt;</a>&nbsp;&nbsp;&nbsp;CAN_Send_Process
<LI><a href="#[ad]">&gt;&gt;</a>&nbsp;&nbsp;&nbsp;CAN_Recv_Process
</UL>
<BR>[Address Reference Count : 1]<UL><LI> main.o(.text)
</UL>
<P><STRONG><a name="[af]"></a>main_task</STRONG> (Thumb, 232 bytes, Stack size 0 bytes, main.o(.text))
<BR><BR>[Stack]<UL><LI>Max Depth = 96<LI>Call Chain = main_task &rArr; CAN_Init &rArr; CANCtrl::Hard_Init() &rArr; CAN_init &rArr; CAN_hw_init &rArr; CAN_hw_set_baudrate &rArr; CAN_set_timing
</UL>
<BR>[Calls]<UL><LI><a href="#[bd]">&gt;&gt;</a>&nbsp;&nbsp;&nbsp;timer_tick
<LI><a href="#[b7]">&gt;&gt;</a>&nbsp;&nbsp;&nbsp;init_TcpNet
<LI><a href="#[b9]">&gt;&gt;</a>&nbsp;&nbsp;&nbsp;Sys_OS_Init
<LI><a href="#[b0]">&gt;&gt;</a>&nbsp;&nbsp;&nbsp;SimCan_ReadBit
<LI><a href="#[b3]">&gt;&gt;</a>&nbsp;&nbsp;&nbsp;SimCan_Init
<LI><a href="#[b2]">&gt;&gt;</a>&nbsp;&nbsp;&nbsp;SPI_Init
<LI><a href="#[b4]">&gt;&gt;</a>&nbsp;&nbsp;&nbsp;LED_Init
<LI><a href="#[b6]">&gt;&gt;</a>&nbsp;&nbsp;&nbsp;Init_ParallelChan
<LI><a href="#[b5]">&gt;&gt;</a>&nbsp;&nbsp;&nbsp;Init_Dev
<LI><a href="#[bc]">&gt;&gt;</a>&nbsp;&nbsp;&nbsp;IP_Reset_Test
<LI><a href="#[b1]">&gt;&gt;</a>&nbsp;&nbsp;&nbsp;GPIO_Init
<LI><a href="#[ba]">&gt;&gt;</a>&nbsp;&nbsp;&nbsp;FuncSel_ReadWord
<LI><a href="#[b8]">&gt;&gt;</a>&nbsp;&nbsp;&nbsp;CAN_Init
</UL>
<BR>[Address Reference Count : 1]<UL><LI> main.o(.text)
</UL>
<P><STRONG><a name="[96]"></a>main</STRONG> (Thumb, 20 bytes, Stack size 0 bytes, main.o(.text))
<BR><BR>[Calls]<UL><LI><a href="#[be]">&gt;&gt;</a>&nbsp;&nbsp;&nbsp;os_set_env
</UL>
<BR>[Called By]<UL><LI><a href="#[95]">&gt;&gt;</a>&nbsp;&nbsp;&nbsp;__rt_entry_main
</UL>

<P><STRONG><a name="[186]"></a>Delay</STRONG> (Thumb, 10 bytes, Stack size 0 bytes, main.o(.text))
<BR><BR>[Called By]<UL><LI><a href="#[b0]">&gt;&gt;</a>&nbsp;&nbsp;&nbsp;SimCan_ReadBit
<LI><a href="#[185]">&gt;&gt;</a>&nbsp;&nbsp;&nbsp;MRAM_Init
</UL>

<P><STRONG><a name="[bf]"></a>OsError_Display</STRONG> (Thumb, 166 bytes, Stack size 8 bytes, main.o(.text))
<BR><BR>[Stack]<UL><LI>Max Depth = 12<LI>Call Chain = OsError_Display &rArr; LED_Flash
</UL>
<BR>[Calls]<UL><LI><a href="#[c0]">&gt;&gt;</a>&nbsp;&nbsp;&nbsp;LED_On
<LI><a href="#[c1]">&gt;&gt;</a>&nbsp;&nbsp;&nbsp;LED_Off
<LI><a href="#[a8]">&gt;&gt;</a>&nbsp;&nbsp;&nbsp;LED_Flash
</UL>
<BR>[Called By]<UL><LI><a href="#[85]">&gt;&gt;</a>&nbsp;&nbsp;&nbsp;os_error
</UL>

<P><STRONG><a name="[c2]"></a>HardFault_Display</STRONG> (Thumb, 172 bytes, Stack size 0 bytes, main.o(.text))
<BR><BR>[Stack]<UL><LI>Max Depth = 4<LI>Call Chain = HardFault_Display &rArr; LED_Flash
</UL>
<BR>[Calls]<UL><LI><a href="#[c0]">&gt;&gt;</a>&nbsp;&nbsp;&nbsp;LED_On
<LI><a href="#[c1]">&gt;&gt;</a>&nbsp;&nbsp;&nbsp;LED_Off
<LI><a href="#[a8]">&gt;&gt;</a>&nbsp;&nbsp;&nbsp;LED_Flash
</UL>
<BR>[Called By]<UL><LI><a href="#[d]">&gt;&gt;</a>&nbsp;&nbsp;&nbsp;HardFault_Handler
</UL>

<P><STRONG><a name="[c3]"></a>Udpproc_data</STRONG> (Thumb, 116 bytes, Stack size 16 bytes, tcpudp.o(.text))
<BR><BR>[Stack]<UL><LI>Max Depth = 224<LI>Call Chain = Udpproc_data &rArr; App_L1_Process &rArr; App_L2_Process &rArr; App_L3_Process &rArr; CMD_RD_REALDATA_Proc &rArr; Chan::SetRealDate(unsigned char*)
</UL>
<BR>[Calls]<UL><LI><a href="#[c7]">&gt;&gt;</a>&nbsp;&nbsp;&nbsp;udp_send
<LI><a href="#[c6]">&gt;&gt;</a>&nbsp;&nbsp;&nbsp;udp_get_buf
<LI><a href="#[c4]">&gt;&gt;</a>&nbsp;&nbsp;&nbsp;App_L1_Process
<LI><a href="#[c5]">&gt;&gt;</a>&nbsp;&nbsp;&nbsp;App_Er_Process
<LI><a href="#[a8]">&gt;&gt;</a>&nbsp;&nbsp;&nbsp;LED_Flash
</UL>
<BR>[Called By]<UL><LI><a href="#[69]">&gt;&gt;</a>&nbsp;&nbsp;&nbsp;udp_callback
</UL>

<P><STRONG><a name="[c8]"></a>RemIP_Test</STRONG> (Thumb, 4 bytes, Stack size 0 bytes, tcpudp.o(.text))
<BR><BR>[Called By]<UL><LI><a href="#[69]">&gt;&gt;</a>&nbsp;&nbsp;&nbsp;udp_callback
</UL>

<P><STRONG><a name="[69]"></a>udp_callback</STRONG> (Thumb, 82 bytes, Stack size 24 bytes, tcpudp.o(.text))
<BR><BR>[Stack]<UL><LI>Max Depth = 248<LI>Call Chain = udp_callback &rArr; Udpproc_data &rArr; App_L1_Process &rArr; App_L2_Process &rArr; App_L3_Process &rArr; CMD_RD_REALDATA_Proc &rArr; Chan::SetRealDate(unsigned char*)
</UL>
<BR>[Calls]<UL><LI><a href="#[c8]">&gt;&gt;</a>&nbsp;&nbsp;&nbsp;RemIP_Test
<LI><a href="#[c3]">&gt;&gt;</a>&nbsp;&nbsp;&nbsp;Udpproc_data
<LI><a href="#[a8]">&gt;&gt;</a>&nbsp;&nbsp;&nbsp;LED_Flash
</UL>
<BR>[Address Reference Count : 1]<UL><LI> main.o(.text)
</UL>
<P><STRONG><a name="[c5]"></a>App_Er_Process</STRONG> (Thumb, 32 bytes, Stack size 8 bytes, applayer.o(.text))
<BR><BR>[Stack]<UL><LI>Max Depth = 12<LI>Call Chain = App_Er_Process &rArr; LED_Flash
</UL>
<BR>[Calls]<UL><LI><a href="#[a8]">&gt;&gt;</a>&nbsp;&nbsp;&nbsp;LED_Flash
</UL>
<BR>[Called By]<UL><LI><a href="#[c3]">&gt;&gt;</a>&nbsp;&nbsp;&nbsp;Udpproc_data
</UL>

<P><STRONG><a name="[e2]"></a>Crc16</STRONG> (Thumb, 40 bytes, Stack size 8 bytes, applayer.o(.text))
<BR><BR>[Stack]<UL><LI>Max Depth = 8<LI>Call Chain = Crc16
</UL>
<BR>[Called By]<UL><LI><a href="#[128]">&gt;&gt;</a>&nbsp;&nbsp;&nbsp;Dev::SetMACIP(unsigned char*)
<LI><a href="#[127]">&gt;&gt;</a>&nbsp;&nbsp;&nbsp;Dev::SaveDevInfo()
<LI><a href="#[125]">&gt;&gt;</a>&nbsp;&nbsp;&nbsp;Dev::Wr_DevInfo(unsigned char*)
<LI><a href="#[122]">&gt;&gt;</a>&nbsp;&nbsp;&nbsp;Dev::LoadCtrlCfg()
<LI><a href="#[11f]">&gt;&gt;</a>&nbsp;&nbsp;&nbsp;Dev::LoadDevInfo()
<LI><a href="#[11c]">&gt;&gt;</a>&nbsp;&nbsp;&nbsp;Dev::LoadHostCtrl()
<LI><a href="#[11b]">&gt;&gt;</a>&nbsp;&nbsp;&nbsp;Dev::LoadSubChCfg()
<LI><a href="#[119]">&gt;&gt;</a>&nbsp;&nbsp;&nbsp;Dev::LoadSchHdCfg(unsigned char)
<LI><a href="#[118]">&gt;&gt;</a>&nbsp;&nbsp;&nbsp;Dev::LoadSampCfg()
<LI><a href="#[113]">&gt;&gt;</a>&nbsp;&nbsp;&nbsp;Dev::LoadNetInfo()
<LI><a href="#[ff]">&gt;&gt;</a>&nbsp;&nbsp;&nbsp;Dev::SaveSubHdCfg(unsigned char*, unsigned char)
<LI><a href="#[e4]">&gt;&gt;</a>&nbsp;&nbsp;&nbsp;Dev::SaveHostCtrl()
<LI><a href="#[fd]">&gt;&gt;</a>&nbsp;&nbsp;&nbsp;Dev::SaveCtrlCfg(unsigned char*)
<LI><a href="#[c4]">&gt;&gt;</a>&nbsp;&nbsp;&nbsp;App_L1_Process
<LI><a href="#[bc]">&gt;&gt;</a>&nbsp;&nbsp;&nbsp;IP_Reset_Test
<LI><a href="#[194]">&gt;&gt;</a>&nbsp;&nbsp;&nbsp;SimCAN_hw_wr
<LI><a href="#[3c]">&gt;&gt;</a>&nbsp;&nbsp;&nbsp;USART3_IRQHandler
<LI><a href="#[3a]">&gt;&gt;</a>&nbsp;&nbsp;&nbsp;USART1_IRQHandler
</UL>

<P><STRONG><a name="[c9]"></a>App_L3_Process</STRONG> (Thumb, 620 bytes, Stack size 24 bytes, applayer.o(.text))
<BR><BR>[Stack]<UL><LI>Max Depth = 128<LI>Call Chain = App_L3_Process &rArr; CMD_RD_REALDATA_Proc &rArr; Chan::SetRealDate(unsigned char*)
</UL>
<BR>[Calls]<UL><LI><a href="#[da]">&gt;&gt;</a>&nbsp;&nbsp;&nbsp;CMD_WR_SubChSCfg_Proc
<LI><a href="#[de]">&gt;&gt;</a>&nbsp;&nbsp;&nbsp;CMD_WR_SubChInfo_Proc
<LI><a href="#[d8]">&gt;&gt;</a>&nbsp;&nbsp;&nbsp;CMD_WR_SubChHCfg_Proc
<LI><a href="#[d6]">&gt;&gt;</a>&nbsp;&nbsp;&nbsp;CMD_WR_CtrlCfg_Proc
<LI><a href="#[d4]">&gt;&gt;</a>&nbsp;&nbsp;&nbsp;CMD_WR_ChanInfo_Proc
<LI><a href="#[e0]">&gt;&gt;</a>&nbsp;&nbsp;&nbsp;CMD_Transparent_Proc
<LI><a href="#[d2]">&gt;&gt;</a>&nbsp;&nbsp;&nbsp;CMD_RQ_HOSTCTRL_Proc
<LI><a href="#[db]">&gt;&gt;</a>&nbsp;&nbsp;&nbsp;CMD_RESET_Dev_Proc
<LI><a href="#[d9]">&gt;&gt;</a>&nbsp;&nbsp;&nbsp;CMD_RD_SubChSCfg_Proc
<LI><a href="#[dc]">&gt;&gt;</a>&nbsp;&nbsp;&nbsp;CMD_RD_SubChReal_Proc
<LI><a href="#[dd]">&gt;&gt;</a>&nbsp;&nbsp;&nbsp;CMD_RD_SubChInfo_Proc
<LI><a href="#[d7]">&gt;&gt;</a>&nbsp;&nbsp;&nbsp;CMD_RD_SubChHCfg_Proc
<LI><a href="#[cb]">&gt;&gt;</a>&nbsp;&nbsp;&nbsp;CMD_RD_REALDATA_Proc
<LI><a href="#[d1]">&gt;&gt;</a>&nbsp;&nbsp;&nbsp;CMD_RD_HIP_SMAC_Proc
<LI><a href="#[d0]">&gt;&gt;</a>&nbsp;&nbsp;&nbsp;CMD_RD_DEV_MAC_IP_Proc
<LI><a href="#[d5]">&gt;&gt;</a>&nbsp;&nbsp;&nbsp;CMD_RD_CtrlCfg_Proc
<LI><a href="#[d3]">&gt;&gt;</a>&nbsp;&nbsp;&nbsp;CMD_RD_ChanInfo_Proc
<LI><a href="#[ce]">&gt;&gt;</a>&nbsp;&nbsp;&nbsp;CMD_MODIFY_DEVINFO_Proc
<LI><a href="#[df]">&gt;&gt;</a>&nbsp;&nbsp;&nbsp;CMD_CommTransfer_Proc
<LI><a href="#[ca]">&gt;&gt;</a>&nbsp;&nbsp;&nbsp;CMD_CONNECTION_Proc
<LI><a href="#[cd]">&gt;&gt;</a>&nbsp;&nbsp;&nbsp;CMD_CIRCUIT_START_Proc
<LI><a href="#[cc]">&gt;&gt;</a>&nbsp;&nbsp;&nbsp;CMD_CIRCUIT_CTRL_Proc
<LI><a href="#[cf]">&gt;&gt;</a>&nbsp;&nbsp;&nbsp;CMD_CFG_MAC_IP_Proc
</UL>
<BR>[Called By]<UL><LI><a href="#[e1]">&gt;&gt;</a>&nbsp;&nbsp;&nbsp;App_L2_Process
</UL>

<P><STRONG><a name="[e1]"></a>App_L2_Process</STRONG> (Thumb, 116 bytes, Stack size 24 bytes, applayer.o(.text))
<BR><BR>[Stack]<UL><LI>Max Depth = 152<LI>Call Chain = App_L2_Process &rArr; App_L3_Process &rArr; CMD_RD_REALDATA_Proc &rArr; Chan::SetRealDate(unsigned char*)
</UL>
<BR>[Calls]<UL><LI><a href="#[c9]">&gt;&gt;</a>&nbsp;&nbsp;&nbsp;App_L3_Process
</UL>
<BR>[Called By]<UL><LI><a href="#[c4]">&gt;&gt;</a>&nbsp;&nbsp;&nbsp;App_L1_Process
</UL>

<P><STRONG><a name="[c4]"></a>App_L1_Process</STRONG> (Thumb, 726 bytes, Stack size 56 bytes, applayer.o(.text))
<BR><BR>[Stack]<UL><LI>Max Depth = 208<LI>Call Chain = App_L1_Process &rArr; App_L2_Process &rArr; App_L3_Process &rArr; CMD_RD_REALDATA_Proc &rArr; Chan::SetRealDate(unsigned char*)
</UL>
<BR>[Calls]<UL><LI><a href="#[e1]">&gt;&gt;</a>&nbsp;&nbsp;&nbsp;App_L2_Process
<LI><a href="#[e2]">&gt;&gt;</a>&nbsp;&nbsp;&nbsp;Crc16
</UL>
<BR>[Called By]<UL><LI><a href="#[c3]">&gt;&gt;</a>&nbsp;&nbsp;&nbsp;Udpproc_data
</UL>

<P><STRONG><a name="[ca]"></a>CMD_CONNECTION_Proc</STRONG> (Thumb, 76 bytes, Stack size 24 bytes, ethercmd.o(.text))
<BR><BR>[Stack]<UL><LI>Max Depth = 80<LI>Call Chain = CMD_CONNECTION_Proc &rArr; Dev::SaveHostCtrl() &rArr; MRAM_Wr &rArr; SPI_Wr
</UL>
<BR>[Calls]<UL><LI><a href="#[e3]">&gt;&gt;</a>&nbsp;&nbsp;&nbsp;Dev::Test_RemotePC(const unsigned char*)
<LI><a href="#[e4]">&gt;&gt;</a>&nbsp;&nbsp;&nbsp;Dev::SaveHostCtrl()
<LI><a href="#[e5]">&gt;&gt;</a>&nbsp;&nbsp;&nbsp;Dev::Rd_DevInfo(unsigned char*, unsigned char)
</UL>
<BR>[Called By]<UL><LI><a href="#[c9]">&gt;&gt;</a>&nbsp;&nbsp;&nbsp;App_L3_Process
</UL>

<P><STRONG><a name="[cb]"></a>CMD_RD_REALDATA_Proc</STRONG> (Thumb, 1222 bytes, Stack size 64 bytes, ethercmd.o(.text))
<BR><BR>[Stack]<UL><LI>Max Depth = 104<LI>Call Chain = CMD_RD_REALDATA_Proc &rArr; Chan::SetRealDate(unsigned char*)
</UL>
<BR>[Calls]<UL><LI><a href="#[e9]">&gt;&gt;</a>&nbsp;&nbsp;&nbsp;Chan::GetUnReadRecNum() const
<LI><a href="#[eb]">&gt;&gt;</a>&nbsp;&nbsp;&nbsp;Chan::GetReadRecType() const
<LI><a href="#[e6]">&gt;&gt;</a>&nbsp;&nbsp;&nbsp;Dev::GetGblFault() const
<LI><a href="#[ef]">&gt;&gt;</a>&nbsp;&nbsp;&nbsp;SubChan::SetIOData(unsigned char*, unsigned char)
<LI><a href="#[ec]">&gt;&gt;</a>&nbsp;&nbsp;&nbsp;Chan::SetOneRec(unsigned char*)
<LI><a href="#[e7]">&gt;&gt;</a>&nbsp;&nbsp;&nbsp;Chan::SetDummyRealDate(unsigned char*, unsigned char)
<LI><a href="#[e8]">&gt;&gt;</a>&nbsp;&nbsp;&nbsp;Chan::RecoverReadPoint()
<LI><a href="#[ea]">&gt;&gt;</a>&nbsp;&nbsp;&nbsp;Chan::CoverReadPoint()
<LI><a href="#[ee]">&gt;&gt;</a>&nbsp;&nbsp;&nbsp;Chan::SetRealDate(unsigned char*)
<LI><a href="#[ed]">&gt;&gt;</a>&nbsp;&nbsp;&nbsp;Chan::SetProcRec(unsigned char*)
<LI><a href="#[e3]">&gt;&gt;</a>&nbsp;&nbsp;&nbsp;Dev::Test_RemotePC(const unsigned char*)
<LI><a href="#[a8]">&gt;&gt;</a>&nbsp;&nbsp;&nbsp;LED_Flash
</UL>
<BR>[Called By]<UL><LI><a href="#[c9]">&gt;&gt;</a>&nbsp;&nbsp;&nbsp;App_L3_Process
</UL>

<P><STRONG><a name="[cc]"></a>CMD_CIRCUIT_CTRL_Proc</STRONG> (Thumb, 132 bytes, Stack size 32 bytes, ethercmd.o(.text))
<BR><BR>[Stack]<UL><LI>Max Depth = 72<LI>Call Chain = CMD_CIRCUIT_CTRL_Proc &rArr; CanNet_CmdSend
</UL>
<BR>[Calls]<UL><LI><a href="#[f0]">&gt;&gt;</a>&nbsp;&nbsp;&nbsp;Chan::ManualCtrl(unsigned char*)
<LI><a href="#[e3]">&gt;&gt;</a>&nbsp;&nbsp;&nbsp;Dev::Test_RemotePC(const unsigned char*)
<LI><a href="#[f1]">&gt;&gt;</a>&nbsp;&nbsp;&nbsp;CanNet_CmdSend
</UL>
<BR>[Called By]<UL><LI><a href="#[c9]">&gt;&gt;</a>&nbsp;&nbsp;&nbsp;App_L3_Process
</UL>

<P><STRONG><a name="[f2]"></a>Chk_StartHead(_strStartCmd_*)</STRONG> (Thumb, 96 bytes, Stack size 0 bytes, ethercmd.o(.text))
<BR><BR>[Called By]<UL><LI><a href="#[cd]">&gt;&gt;</a>&nbsp;&nbsp;&nbsp;CMD_CIRCUIT_START_Proc
</UL>

<P><STRONG><a name="[f5]"></a>Chk_StpProg(_strStpPrg_, unsigned char)</STRONG> (Thumb, 84 bytes, Stack size 16 bytes, ethercmd.o(.text))
<BR><BR>[Stack]<UL><LI>Max Depth = 16<LI>Call Chain = Chk_StpProg(_strStpPrg_, unsigned char)
</UL>
<BR>[Called By]<UL><LI><a href="#[cd]">&gt;&gt;</a>&nbsp;&nbsp;&nbsp;CMD_CIRCUIT_START_Proc
</UL>

<P><STRONG><a name="[cd]"></a>CMD_CIRCUIT_START_Proc</STRONG> (Thumb, 428 bytes, Stack size 72 bytes, ethercmd.o(.text))
<BR><BR>[Stack]<UL><LI>Max Depth = 104<LI>Call Chain = CMD_CIRCUIT_START_Proc &rArr; Dev::Test_RemotePC(const unsigned char*)
</UL>
<BR>[Calls]<UL><LI><a href="#[e3]">&gt;&gt;</a>&nbsp;&nbsp;&nbsp;Dev::Test_RemotePC(const unsigned char*)
<LI><a href="#[f5]">&gt;&gt;</a>&nbsp;&nbsp;&nbsp;Chk_StpProg(_strStpPrg_, unsigned char)
<LI><a href="#[f2]">&gt;&gt;</a>&nbsp;&nbsp;&nbsp;Chk_StartHead(_strStartCmd_*)
<LI><a href="#[f4]">&gt;&gt;</a>&nbsp;&nbsp;&nbsp;__aeabi_memcpy4
<LI><a href="#[f3]">&gt;&gt;</a>&nbsp;&nbsp;&nbsp;__aeabi_memcpy
</UL>
<BR>[Called By]<UL><LI><a href="#[c9]">&gt;&gt;</a>&nbsp;&nbsp;&nbsp;App_L3_Process
</UL>

<P><STRONG><a name="[ce]"></a>CMD_MODIFY_DEVINFO_Proc</STRONG> (Thumb, 4 bytes, Stack size 0 bytes, ethercmd.o(.text))
<BR><BR>[Called By]<UL><LI><a href="#[c9]">&gt;&gt;</a>&nbsp;&nbsp;&nbsp;App_L3_Process
</UL>

<P><STRONG><a name="[cf]"></a>CMD_CFG_MAC_IP_Proc</STRONG> (Thumb, 4 bytes, Stack size 0 bytes, ethercmd.o(.text))
<BR><BR>[Called By]<UL><LI><a href="#[c9]">&gt;&gt;</a>&nbsp;&nbsp;&nbsp;App_L3_Process
</UL>

<P><STRONG><a name="[d0]"></a>CMD_RD_DEV_MAC_IP_Proc</STRONG> (Thumb, 22 bytes, Stack size 16 bytes, ethercmd.o(.text))
<BR><BR>[Stack]<UL><LI>Max Depth = 24<LI>Call Chain = CMD_RD_DEV_MAC_IP_Proc &rArr; Dev::GetMACIP(unsigned char*)
</UL>
<BR>[Calls]<UL><LI><a href="#[f6]">&gt;&gt;</a>&nbsp;&nbsp;&nbsp;Dev::GetMACIP(unsigned char*)
</UL>
<BR>[Called By]<UL><LI><a href="#[c9]">&gt;&gt;</a>&nbsp;&nbsp;&nbsp;App_L3_Process
</UL>

<P><STRONG><a name="[d1]"></a>CMD_RD_HIP_SMAC_Proc</STRONG> (Thumb, 32 bytes, Stack size 16 bytes, ethercmd.o(.text))
<BR><BR>[Stack]<UL><LI>Max Depth = 48<LI>Call Chain = CMD_RD_HIP_SMAC_Proc &rArr; Dev::Test_RemotePC(const unsigned char*)
</UL>
<BR>[Calls]<UL><LI><a href="#[f7]">&gt;&gt;</a>&nbsp;&nbsp;&nbsp;Dev::RD_HIP_SMAC_Proc(unsigned char*, unsigned char)
<LI><a href="#[e3]">&gt;&gt;</a>&nbsp;&nbsp;&nbsp;Dev::Test_RemotePC(const unsigned char*)
</UL>
<BR>[Called By]<UL><LI><a href="#[c9]">&gt;&gt;</a>&nbsp;&nbsp;&nbsp;App_L3_Process
</UL>

<P><STRONG><a name="[d2]"></a>CMD_RQ_HOSTCTRL_Proc</STRONG> (Thumb, 100 bytes, Stack size 16 bytes, ethercmd.o(.text))
<BR><BR>[Stack]<UL><LI>Max Depth = 72<LI>Call Chain = CMD_RQ_HOSTCTRL_Proc &rArr; Dev::SaveHostCtrl() &rArr; MRAM_Wr &rArr; SPI_Wr
</UL>
<BR>[Calls]<UL><LI><a href="#[f8]">&gt;&gt;</a>&nbsp;&nbsp;&nbsp;Dev::EmptyPCSlaCtrl(unsigned char)
<LI><a href="#[e3]">&gt;&gt;</a>&nbsp;&nbsp;&nbsp;Dev::Test_RemotePC(const unsigned char*)
<LI><a href="#[e4]">&gt;&gt;</a>&nbsp;&nbsp;&nbsp;Dev::SaveHostCtrl()
</UL>
<BR>[Called By]<UL><LI><a href="#[c9]">&gt;&gt;</a>&nbsp;&nbsp;&nbsp;App_L3_Process
</UL>

<P><STRONG><a name="[d3]"></a>CMD_RD_ChanInfo_Proc</STRONG> (Thumb, 490 bytes, Stack size 40 bytes, ethercmd.o(.text))
<BR><BR>[Stack]<UL><LI>Max Depth = 80<LI>Call Chain = CMD_RD_ChanInfo_Proc &rArr; CanNet_MsgSend
</UL>
<BR>[Calls]<UL><LI><a href="#[f9]">&gt;&gt;</a>&nbsp;&nbsp;&nbsp;_free_box
<LI><a href="#[fa]">&gt;&gt;</a>&nbsp;&nbsp;&nbsp;CanNet_MsgSend
<LI><a href="#[f1]">&gt;&gt;</a>&nbsp;&nbsp;&nbsp;CanNet_CmdSend
</UL>
<BR>[Called By]<UL><LI><a href="#[c9]">&gt;&gt;</a>&nbsp;&nbsp;&nbsp;App_L3_Process
</UL>

<P><STRONG><a name="[d4]"></a>CMD_WR_ChanInfo_Proc</STRONG> (Thumb, 498 bytes, Stack size 48 bytes, ethercmd.o(.text))
<BR><BR>[Stack]<UL><LI>Max Depth = 88<LI>Call Chain = CMD_WR_ChanInfo_Proc &rArr; CanNet_MsgSend
</UL>
<BR>[Calls]<UL><LI><a href="#[f9]">&gt;&gt;</a>&nbsp;&nbsp;&nbsp;_free_box
<LI><a href="#[e3]">&gt;&gt;</a>&nbsp;&nbsp;&nbsp;Dev::Test_RemotePC(const unsigned char*)
<LI><a href="#[fa]">&gt;&gt;</a>&nbsp;&nbsp;&nbsp;CanNet_MsgSend
<LI><a href="#[f1]">&gt;&gt;</a>&nbsp;&nbsp;&nbsp;CanNet_CmdSend
</UL>
<BR>[Called By]<UL><LI><a href="#[c9]">&gt;&gt;</a>&nbsp;&nbsp;&nbsp;App_L3_Process
</UL>

<P><STRONG><a name="[d5]"></a>CMD_RD_CtrlCfg_Proc</STRONG> (Thumb, 68 bytes, Stack size 16 bytes, ethercmd.o(.text))
<BR><BR>[Stack]<UL><LI>Max Depth = 24<LI>Call Chain = CMD_RD_CtrlCfg_Proc &rArr; Dev::CopyCtrlCfg(unsigned char*)
</UL>
<BR>[Calls]<UL><LI><a href="#[fb]">&gt;&gt;</a>&nbsp;&nbsp;&nbsp;Dev::CopyCtrlCfg(unsigned char*)
</UL>
<BR>[Called By]<UL><LI><a href="#[c9]">&gt;&gt;</a>&nbsp;&nbsp;&nbsp;App_L3_Process
</UL>

<P><STRONG><a name="[d6]"></a>CMD_WR_CtrlCfg_Proc</STRONG> (Thumb, 56 bytes, Stack size 8 bytes, ethercmd.o(.text))
<BR><BR>[Stack]<UL><LI>Max Depth = 64<LI>Call Chain = CMD_WR_CtrlCfg_Proc &rArr; Dev::SaveCtrlCfg(unsigned char*) &rArr; MRAM_Wr &rArr; SPI_Wr
</UL>
<BR>[Calls]<UL><LI><a href="#[e3]">&gt;&gt;</a>&nbsp;&nbsp;&nbsp;Dev::Test_RemotePC(const unsigned char*)
<LI><a href="#[fc]">&gt;&gt;</a>&nbsp;&nbsp;&nbsp;Dev::CheckCtrlCfg(const _strCtrlCfg_*)
<LI><a href="#[fd]">&gt;&gt;</a>&nbsp;&nbsp;&nbsp;Dev::SaveCtrlCfg(unsigned char*)
</UL>
<BR>[Called By]<UL><LI><a href="#[c9]">&gt;&gt;</a>&nbsp;&nbsp;&nbsp;App_L3_Process
</UL>

<P><STRONG><a name="[d7]"></a>CMD_RD_SubChHCfg_Proc</STRONG> (Thumb, 50 bytes, Stack size 16 bytes, ethercmd.o(.text))
<BR><BR>[Stack]<UL><LI>Max Depth = 32<LI>Call Chain = CMD_RD_SubChHCfg_Proc &rArr; Dev::CopySubHdCfg(unsigned char*, unsigned char)
</UL>
<BR>[Calls]<UL><LI><a href="#[fe]">&gt;&gt;</a>&nbsp;&nbsp;&nbsp;Dev::CopySubHdCfg(unsigned char*, unsigned char)
</UL>
<BR>[Called By]<UL><LI><a href="#[c9]">&gt;&gt;</a>&nbsp;&nbsp;&nbsp;App_L3_Process
</UL>

<P><STRONG><a name="[d8]"></a>CMD_WR_SubChHCfg_Proc</STRONG> (Thumb, 56 bytes, Stack size 16 bytes, ethercmd.o(.text))
<BR><BR>[Stack]<UL><LI>Max Depth = 80<LI>Call Chain = CMD_WR_SubChHCfg_Proc &rArr; Dev::SaveSubHdCfg(unsigned char*, unsigned char) &rArr; MRAM_Wr &rArr; SPI_Wr
</UL>
<BR>[Calls]<UL><LI><a href="#[e3]">&gt;&gt;</a>&nbsp;&nbsp;&nbsp;Dev::Test_RemotePC(const unsigned char*)
<LI><a href="#[ff]">&gt;&gt;</a>&nbsp;&nbsp;&nbsp;Dev::SaveSubHdCfg(unsigned char*, unsigned char)
</UL>
<BR>[Called By]<UL><LI><a href="#[c9]">&gt;&gt;</a>&nbsp;&nbsp;&nbsp;App_L3_Process
</UL>

<P><STRONG><a name="[d9]"></a>CMD_RD_SubChSCfg_Proc</STRONG> (Thumb, 50 bytes, Stack size 16 bytes, ethercmd.o(.text))
<BR><BR>[Stack]<UL><LI>Max Depth = 32<LI>Call Chain = CMD_RD_SubChSCfg_Proc &rArr; Dev::CopySubHdCfg(unsigned char*, unsigned char)
</UL>
<BR>[Calls]<UL><LI><a href="#[fe]">&gt;&gt;</a>&nbsp;&nbsp;&nbsp;Dev::CopySubHdCfg(unsigned char*, unsigned char)
</UL>
<BR>[Called By]<UL><LI><a href="#[c9]">&gt;&gt;</a>&nbsp;&nbsp;&nbsp;App_L3_Process
</UL>

<P><STRONG><a name="[da]"></a>CMD_WR_SubChSCfg_Proc</STRONG> (Thumb, 56 bytes, Stack size 16 bytes, ethercmd.o(.text))
<BR><BR>[Stack]<UL><LI>Max Depth = 80<LI>Call Chain = CMD_WR_SubChSCfg_Proc &rArr; Dev::SaveSubHdCfg(unsigned char*, unsigned char) &rArr; MRAM_Wr &rArr; SPI_Wr
</UL>
<BR>[Calls]<UL><LI><a href="#[e3]">&gt;&gt;</a>&nbsp;&nbsp;&nbsp;Dev::Test_RemotePC(const unsigned char*)
<LI><a href="#[ff]">&gt;&gt;</a>&nbsp;&nbsp;&nbsp;Dev::SaveSubHdCfg(unsigned char*, unsigned char)
</UL>
<BR>[Called By]<UL><LI><a href="#[c9]">&gt;&gt;</a>&nbsp;&nbsp;&nbsp;App_L3_Process
</UL>

<P><STRONG><a name="[db]"></a>CMD_RESET_Dev_Proc</STRONG> (Thumb, 28 bytes, Stack size 16 bytes, ethercmd.o(.text))
<BR><BR>[Stack]<UL><LI>Max Depth = 48<LI>Call Chain = CMD_RESET_Dev_Proc &rArr; Dev::Test_RemotePC(const unsigned char*)
</UL>
<BR>[Calls]<UL><LI><a href="#[e3]">&gt;&gt;</a>&nbsp;&nbsp;&nbsp;Dev::Test_RemotePC(const unsigned char*)
</UL>
<BR>[Called By]<UL><LI><a href="#[c9]">&gt;&gt;</a>&nbsp;&nbsp;&nbsp;App_L3_Process
</UL>

<P><STRONG><a name="[dc]"></a>CMD_RD_SubChReal_Proc</STRONG> (Thumb, 4 bytes, Stack size 0 bytes, ethercmd.o(.text))
<BR><BR>[Called By]<UL><LI><a href="#[c9]">&gt;&gt;</a>&nbsp;&nbsp;&nbsp;App_L3_Process
</UL>

<P><STRONG><a name="[100]"></a>Check_SubAddr</STRONG> (Thumb, 120 bytes, Stack size 0 bytes, ethercmd.o(.text))
<BR><BR>[Called By]<UL><LI><a href="#[de]">&gt;&gt;</a>&nbsp;&nbsp;&nbsp;CMD_WR_SubChInfo_Proc
<LI><a href="#[dd]">&gt;&gt;</a>&nbsp;&nbsp;&nbsp;CMD_RD_SubChInfo_Proc
</UL>

<P><STRONG><a name="[dd]"></a>CMD_RD_SubChInfo_Proc</STRONG> (Thumb, 482 bytes, Stack size 40 bytes, ethercmd.o(.text))
<BR><BR>[Stack]<UL><LI>Max Depth = 40<LI>Call Chain = CMD_RD_SubChInfo_Proc
</UL>
<BR>[Calls]<UL><LI><a href="#[f9]">&gt;&gt;</a>&nbsp;&nbsp;&nbsp;_free_box
<LI><a href="#[101]">&gt;&gt;</a>&nbsp;&nbsp;&nbsp;_alloc_box
<LI><a href="#[100]">&gt;&gt;</a>&nbsp;&nbsp;&nbsp;Check_SubAddr
</UL>
<BR>[Called By]<UL><LI><a href="#[c9]">&gt;&gt;</a>&nbsp;&nbsp;&nbsp;App_L3_Process
</UL>

<P><STRONG><a name="[de]"></a>CMD_WR_SubChInfo_Proc</STRONG> (Thumb, 536 bytes, Stack size 32 bytes, ethercmd.o(.text))
<BR><BR>[Stack]<UL><LI>Max Depth = 64<LI>Call Chain = CMD_WR_SubChInfo_Proc &rArr; Dev::Test_RemotePC(const unsigned char*)
</UL>
<BR>[Calls]<UL><LI><a href="#[f9]">&gt;&gt;</a>&nbsp;&nbsp;&nbsp;_free_box
<LI><a href="#[101]">&gt;&gt;</a>&nbsp;&nbsp;&nbsp;_alloc_box
<LI><a href="#[e3]">&gt;&gt;</a>&nbsp;&nbsp;&nbsp;Dev::Test_RemotePC(const unsigned char*)
<LI><a href="#[100]">&gt;&gt;</a>&nbsp;&nbsp;&nbsp;Check_SubAddr
</UL>
<BR>[Called By]<UL><LI><a href="#[c9]">&gt;&gt;</a>&nbsp;&nbsp;&nbsp;App_L3_Process
</UL>

<P><STRONG><a name="[df]"></a>CMD_CommTransfer_Proc</STRONG> (Thumb, 28 bytes, Stack size 16 bytes, ethercmd.o(.text))
<BR><BR>[Stack]<UL><LI>Max Depth = 48<LI>Call Chain = CMD_CommTransfer_Proc &rArr; Dev::Test_RemotePC(const unsigned char*)
</UL>
<BR>[Calls]<UL><LI><a href="#[e3]">&gt;&gt;</a>&nbsp;&nbsp;&nbsp;Dev::Test_RemotePC(const unsigned char*)
</UL>
<BR>[Called By]<UL><LI><a href="#[c9]">&gt;&gt;</a>&nbsp;&nbsp;&nbsp;App_L3_Process
</UL>

<P><STRONG><a name="[e0]"></a>CMD_Transparent_Proc</STRONG> (Thumb, 396 bytes, Stack size 32 bytes, ethercmd.o(.text))
<BR><BR>[Stack]<UL><LI>Max Depth = 72<LI>Call Chain = CMD_Transparent_Proc &rArr; CanNet_MsgSend
</UL>
<BR>[Calls]<UL><LI><a href="#[f9]">&gt;&gt;</a>&nbsp;&nbsp;&nbsp;_free_box
<LI><a href="#[e3]">&gt;&gt;</a>&nbsp;&nbsp;&nbsp;Dev::Test_RemotePC(const unsigned char*)
<LI><a href="#[fa]">&gt;&gt;</a>&nbsp;&nbsp;&nbsp;CanNet_MsgSend
</UL>
<BR>[Called By]<UL><LI><a href="#[c9]">&gt;&gt;</a>&nbsp;&nbsp;&nbsp;App_L3_Process
</UL>

<P><STRONG><a name="[103]"></a>CANCtrl::Get_WorkInfo()</STRONG> (Thumb, 4 bytes, Stack size 0 bytes, app_can.o(.text))
<BR><BR>[Called By]<UL><LI><a href="#[102]">&gt;&gt;</a>&nbsp;&nbsp;&nbsp;Get_CANWorkInfo
</UL>

<P><STRONG><a name="[102]"></a>Get_CANWorkInfo</STRONG> (Thumb, 12 bytes, Stack size 0 bytes, app_can.o(.text))
<BR><BR>[Calls]<UL><LI><a href="#[103]">&gt;&gt;</a>&nbsp;&nbsp;&nbsp;CANCtrl::Get_WorkInfo()
</UL>
<BR>[Called By]<UL><LI><a href="#[179]">&gt;&gt;</a>&nbsp;&nbsp;&nbsp;CAN_hw_rx_object_add
</UL>

<P><STRONG><a name="[f1]"></a>CanNet_CmdSend</STRONG> (Thumb, 110 bytes, Stack size 40 bytes, app_can.o(.text))
<BR><BR>[Stack]<UL><LI>Max Depth = 40<LI>Call Chain = CanNet_CmdSend
</UL>
<BR>[Calls]<UL><LI><a href="#[f9]">&gt;&gt;</a>&nbsp;&nbsp;&nbsp;_free_box
<LI><a href="#[101]">&gt;&gt;</a>&nbsp;&nbsp;&nbsp;_alloc_box
</UL>
<BR>[Called By]<UL><LI><a href="#[d4]">&gt;&gt;</a>&nbsp;&nbsp;&nbsp;CMD_WR_ChanInfo_Proc
<LI><a href="#[d3]">&gt;&gt;</a>&nbsp;&nbsp;&nbsp;CMD_RD_ChanInfo_Proc
<LI><a href="#[cc]">&gt;&gt;</a>&nbsp;&nbsp;&nbsp;CMD_CIRCUIT_CTRL_Proc
</UL>

<P><STRONG><a name="[fa]"></a>CanNet_MsgSend</STRONG> (Thumb, 78 bytes, Stack size 40 bytes, app_can.o(.text))
<BR><BR>[Stack]<UL><LI>Max Depth = 40<LI>Call Chain = CanNet_MsgSend
</UL>
<BR>[Calls]<UL><LI><a href="#[f9]">&gt;&gt;</a>&nbsp;&nbsp;&nbsp;_free_box
<LI><a href="#[101]">&gt;&gt;</a>&nbsp;&nbsp;&nbsp;_alloc_box
</UL>
<BR>[Called By]<UL><LI><a href="#[d4]">&gt;&gt;</a>&nbsp;&nbsp;&nbsp;CMD_WR_ChanInfo_Proc
<LI><a href="#[e0]">&gt;&gt;</a>&nbsp;&nbsp;&nbsp;CMD_Transparent_Proc
<LI><a href="#[d3]">&gt;&gt;</a>&nbsp;&nbsp;&nbsp;CMD_RD_ChanInfo_Proc
</UL>

<P><STRONG><a name="[104]"></a>CANCtrl::Hard_Init()</STRONG> (Thumb, 54 bytes, Stack size 8 bytes, app_can.o(.text))
<BR><BR>[Stack]<UL><LI>Max Depth = 72<LI>Call Chain = CANCtrl::Hard_Init() &rArr; CAN_init &rArr; CAN_hw_init &rArr; CAN_hw_set_baudrate &rArr; CAN_set_timing
</UL>
<BR>[Calls]<UL><LI><a href="#[107]">&gt;&gt;</a>&nbsp;&nbsp;&nbsp;CAN_start
<LI><a href="#[105]">&gt;&gt;</a>&nbsp;&nbsp;&nbsp;CAN_init
<LI><a href="#[106]">&gt;&gt;</a>&nbsp;&nbsp;&nbsp;CAN_hw_rx_object
</UL>
<BR>[Called By]<UL><LI><a href="#[b8]">&gt;&gt;</a>&nbsp;&nbsp;&nbsp;CAN_Init
</UL>

<P><STRONG><a name="[b8]"></a>CAN_Init</STRONG> (Thumb, 38 bytes, Stack size 24 bytes, app_can.o(.text))
<BR><BR>[Stack]<UL><LI>Max Depth = 96<LI>Call Chain = CAN_Init &rArr; CANCtrl::Hard_Init() &rArr; CAN_init &rArr; CAN_hw_init &rArr; CAN_hw_set_baudrate &rArr; CAN_set_timing
</UL>
<BR>[Calls]<UL><LI><a href="#[104]">&gt;&gt;</a>&nbsp;&nbsp;&nbsp;CANCtrl::Hard_Init()
</UL>
<BR>[Called By]<UL><LI><a href="#[af]">&gt;&gt;</a>&nbsp;&nbsp;&nbsp;main_task
</UL>

<P><STRONG><a name="[108]"></a>CANCtrl::Recv_In(CAN_msg*)</STRONG> (Thumb, 58 bytes, Stack size 0 bytes, app_can.o(.text))
<BR><BR>[Stack]<UL><LI>Max Depth = 48<LI>Call Chain = CANCtrl::Recv_In(CAN_msg*) &rArr; ParallelChan::CanRxProc(unsigned char, unsigned char, int*) &rArr; Chan::Set_ExData(int, int)
</UL>
<BR>[Calls]<UL><LI><a href="#[109]">&gt;&gt;</a>&nbsp;&nbsp;&nbsp;ParallelChan::CanRxProc(unsigned char, unsigned char, int*)
</UL>
<BR>[Called By]<UL><LI><a href="#[ad]">&gt;&gt;</a>&nbsp;&nbsp;&nbsp;CAN_Recv_Process
</UL>

<P><STRONG><a name="[ad]"></a>CAN_Recv_Process</STRONG> (Thumb, 18 bytes, Stack size 0 bytes, app_can.o(.text))
<BR><BR>[Stack]<UL><LI>Max Depth = 48<LI>Call Chain = CAN_Recv_Process &rArr; CANCtrl::Recv_In(CAN_msg*) &rArr; ParallelChan::CanRxProc(unsigned char, unsigned char, int*) &rArr; Chan::Set_ExData(int, int)
</UL>
<BR>[Calls]<UL><LI><a href="#[108]">&gt;&gt;</a>&nbsp;&nbsp;&nbsp;CANCtrl::Recv_In(CAN_msg*)
</UL>
<BR>[Called By]<UL><LI><a href="#[ae]">&gt;&gt;</a>&nbsp;&nbsp;&nbsp;TASK_CAN2
<LI><a href="#[aa]">&gt;&gt;</a>&nbsp;&nbsp;&nbsp;TASK_CAN1
</UL>

<P><STRONG><a name="[10a]"></a>CANCtrl::Send_Out()</STRONG> (Thumb, 252 bytes, Stack size 24 bytes, app_can.o(.text))
<BR><BR>[Stack]<UL><LI>Max Depth = 112<LI>Call Chain = CANCtrl::Send_Out() &rArr; ParallelChan::CanTxProc(unsigned char, unsigned char, unsigned char, CAN_msg*) &rArr; Chan::GetOutBit(unsigned char)
</UL>
<BR>[Calls]<UL><LI><a href="#[10b]">&gt;&gt;</a>&nbsp;&nbsp;&nbsp;ParallelChan::CanTxProc(unsigned char, unsigned char, unsigned char, CAN_msg*)
<LI><a href="#[10c]">&gt;&gt;</a>&nbsp;&nbsp;&nbsp;CAN_send
<LI><a href="#[f9]">&gt;&gt;</a>&nbsp;&nbsp;&nbsp;_free_box
</UL>
<BR>[Called By]<UL><LI><a href="#[ac]">&gt;&gt;</a>&nbsp;&nbsp;&nbsp;CAN_Send_Process
</UL>

<P><STRONG><a name="[ac]"></a>CAN_Send_Process</STRONG> (Thumb, 18 bytes, Stack size 0 bytes, app_can.o(.text))
<BR><BR>[Stack]<UL><LI>Max Depth = 112<LI>Call Chain = CAN_Send_Process &rArr; CANCtrl::Send_Out() &rArr; ParallelChan::CanTxProc(unsigned char, unsigned char, unsigned char, CAN_msg*) &rArr; Chan::GetOutBit(unsigned char)
</UL>
<BR>[Calls]<UL><LI><a href="#[10a]">&gt;&gt;</a>&nbsp;&nbsp;&nbsp;CANCtrl::Send_Out()
</UL>
<BR>[Called By]<UL><LI><a href="#[ae]">&gt;&gt;</a>&nbsp;&nbsp;&nbsp;TASK_CAN2
<LI><a href="#[aa]">&gt;&gt;</a>&nbsp;&nbsp;&nbsp;TASK_CAN1
</UL>

<P><STRONG><a name="[10d]"></a>CANCtrl::CANCtrl()</STRONG> (Thumb, 56 bytes, Stack size 12 bytes, app_can.o(.text))
<BR><BR>[Stack]<UL><LI>Max Depth = 12<LI>Call Chain = CANCtrl::CANCtrl()
</UL>
<BR>[Address Reference Count : 1]<UL><LI> app_can.o(.text)
</UL>
<P><STRONG><a name="[20d]"></a>CANCtrl::CANCtrl__sub_object()</STRONG> (Thumb, 0 bytes, Stack size 12 bytes, app_can.o(.text), UNUSED)

<P><STRONG><a name="[20e]"></a>TstDevExfun</STRONG> (Thumb, 18 bytes, Stack size 0 bytes, dev.o(.text), UNUSED)

<P><STRONG><a name="[110]"></a>Dev::SetGblFault(unsigned)</STRONG> (Thumb, 14 bytes, Stack size 0 bytes, dev.o(.text))
<BR><BR>[Called By]<UL><LI><a href="#[a7]">&gt;&gt;</a>&nbsp;&nbsp;&nbsp;SRAM_Test
</UL>

<P><STRONG><a name="[a7]"></a>SRAM_Test</STRONG> (Thumb, 48 bytes, Stack size 16 bytes, dev.o(.text))
<BR><BR>[Stack]<UL><LI>Max Depth = 16<LI>Call Chain = SRAM_Test
</UL>
<BR>[Calls]<UL><LI><a href="#[10f]">&gt;&gt;</a>&nbsp;&nbsp;&nbsp;Chan::Test_PdMark()
<LI><a href="#[110]">&gt;&gt;</a>&nbsp;&nbsp;&nbsp;Dev::SetGblFault(unsigned)
</UL>
<BR>[Called By]<UL><LI><a href="#[a5]">&gt;&gt;</a>&nbsp;&nbsp;&nbsp;Ctrl_task
</UL>

<P><STRONG><a name="[bc]"></a>IP_Reset_Test</STRONG> (Thumb, 194 bytes, Stack size 8 bytes, dev.o(.text))
<BR><BR>[Stack]<UL><LI>Max Depth = 48<LI>Call Chain = IP_Reset_Test &rArr; MRAM_Wr &rArr; SPI_Wr
</UL>
<BR>[Calls]<UL><LI><a href="#[111]">&gt;&gt;</a>&nbsp;&nbsp;&nbsp;MRAM_Wr
<LI><a href="#[112]">&gt;&gt;</a>&nbsp;&nbsp;&nbsp;IWdg_Init
<LI><a href="#[e2]">&gt;&gt;</a>&nbsp;&nbsp;&nbsp;Crc16
<LI><a href="#[c0]">&gt;&gt;</a>&nbsp;&nbsp;&nbsp;LED_On
<LI><a href="#[ba]">&gt;&gt;</a>&nbsp;&nbsp;&nbsp;FuncSel_ReadWord
</UL>
<BR>[Called By]<UL><LI><a href="#[af]">&gt;&gt;</a>&nbsp;&nbsp;&nbsp;main_task
</UL>

<P><STRONG><a name="[115]"></a>Dev::ReflashNetCfg()</STRONG> (Thumb, 80 bytes, Stack size 12 bytes, dev.o(.text))
<BR><BR>[Stack]<UL><LI>Max Depth = 12<LI>Call Chain = Dev::ReflashNetCfg()
</UL>
<BR>[Called By]<UL><LI><a href="#[128]">&gt;&gt;</a>&nbsp;&nbsp;&nbsp;Dev::SetMACIP(unsigned char*)
<LI><a href="#[113]">&gt;&gt;</a>&nbsp;&nbsp;&nbsp;Dev::LoadNetInfo()
</UL>

<P><STRONG><a name="[113]"></a>Dev::LoadNetInfo()</STRONG> (Thumb, 136 bytes, Stack size 24 bytes, dev.o(.text))
<BR><BR>[Stack]<UL><LI>Max Depth = 64<LI>Call Chain = Dev::LoadNetInfo() &rArr; MRAM_Wr &rArr; SPI_Wr
</UL>
<BR>[Calls]<UL><LI><a href="#[111]">&gt;&gt;</a>&nbsp;&nbsp;&nbsp;MRAM_Wr
<LI><a href="#[114]">&gt;&gt;</a>&nbsp;&nbsp;&nbsp;MRAM_Rd
<LI><a href="#[115]">&gt;&gt;</a>&nbsp;&nbsp;&nbsp;Dev::ReflashNetCfg()
<LI><a href="#[e2]">&gt;&gt;</a>&nbsp;&nbsp;&nbsp;Crc16
<LI><a href="#[f4]">&gt;&gt;</a>&nbsp;&nbsp;&nbsp;__aeabi_memcpy4
</UL>
<BR>[Called By]<UL><LI><a href="#[b5]">&gt;&gt;</a>&nbsp;&nbsp;&nbsp;Init_Dev
</UL>

<P><STRONG><a name="[116]"></a>Dev::CheckSampTbl(const _strSampTbl_*, unsigned char)</STRONG> (Thumb, 294 bytes, Stack size 56 bytes, dev.o(.text))
<BR><BR>[Stack]<UL><LI>Max Depth = 60<LI>Call Chain = Dev::CheckSampTbl(const _strSampTbl_*, unsigned char) &rArr; __aeabi_memclr4
</UL>
<BR>[Calls]<UL><LI><a href="#[117]">&gt;&gt;</a>&nbsp;&nbsp;&nbsp;__aeabi_memclr4
</UL>
<BR>[Called By]<UL><LI><a href="#[118]">&gt;&gt;</a>&nbsp;&nbsp;&nbsp;Dev::LoadSampCfg()
</UL>

<P><STRONG><a name="[118]"></a>Dev::LoadSampCfg()</STRONG> (Thumb, 136 bytes, Stack size 24 bytes, dev.o(.text))
<BR><BR>[Stack]<UL><LI>Max Depth = 84<LI>Call Chain = Dev::LoadSampCfg() &rArr; Dev::CheckSampTbl(const _strSampTbl_*, unsigned char) &rArr; __aeabi_memclr4
</UL>
<BR>[Calls]<UL><LI><a href="#[114]">&gt;&gt;</a>&nbsp;&nbsp;&nbsp;MRAM_Rd
<LI><a href="#[116]">&gt;&gt;</a>&nbsp;&nbsp;&nbsp;Dev::CheckSampTbl(const _strSampTbl_*, unsigned char)
<LI><a href="#[e2]">&gt;&gt;</a>&nbsp;&nbsp;&nbsp;Crc16
</UL>
<BR>[Called By]<UL><LI><a href="#[b5]">&gt;&gt;</a>&nbsp;&nbsp;&nbsp;Init_Dev
</UL>

<P><STRONG><a name="[11a]"></a>Dev::CheckSchHdCfg(unsigned char, const unsigned char*)</STRONG> (Thumb, 4 bytes, Stack size 0 bytes, dev.o(.text))
<BR><BR>[Called By]<UL><LI><a href="#[119]">&gt;&gt;</a>&nbsp;&nbsp;&nbsp;Dev::LoadSchHdCfg(unsigned char)
</UL>

<P><STRONG><a name="[119]"></a>Dev::LoadSchHdCfg(unsigned char)</STRONG> (Thumb, 602 bytes, Stack size 32 bytes, dev.o(.text))
<BR><BR>[Stack]<UL><LI>Max Depth = 72<LI>Call Chain = Dev::LoadSchHdCfg(unsigned char) &rArr; MRAM_Rd &rArr; SPI_Rd
</UL>
<BR>[Calls]<UL><LI><a href="#[114]">&gt;&gt;</a>&nbsp;&nbsp;&nbsp;MRAM_Rd
<LI><a href="#[11a]">&gt;&gt;</a>&nbsp;&nbsp;&nbsp;Dev::CheckSchHdCfg(unsigned char, const unsigned char*)
<LI><a href="#[e2]">&gt;&gt;</a>&nbsp;&nbsp;&nbsp;Crc16
</UL>
<BR>[Called By]<UL><LI><a href="#[b5]">&gt;&gt;</a>&nbsp;&nbsp;&nbsp;Init_Dev
</UL>

<P><STRONG><a name="[11b]"></a>Dev::LoadSubChCfg()</STRONG> (Thumb, 72 bytes, Stack size 16 bytes, dev.o(.text))
<BR><BR>[Stack]<UL><LI>Max Depth = 56<LI>Call Chain = Dev::LoadSubChCfg() &rArr; MRAM_Rd &rArr; SPI_Rd
</UL>
<BR>[Calls]<UL><LI><a href="#[114]">&gt;&gt;</a>&nbsp;&nbsp;&nbsp;MRAM_Rd
<LI><a href="#[e2]">&gt;&gt;</a>&nbsp;&nbsp;&nbsp;Crc16
</UL>
<BR>[Called By]<UL><LI><a href="#[b5]">&gt;&gt;</a>&nbsp;&nbsp;&nbsp;Init_Dev
</UL>

<P><STRONG><a name="[11d]"></a>Dev::InitHostCtrl()</STRONG> (Thumb, 38 bytes, Stack size 0 bytes, dev.o(.text))
<BR><BR>[Called By]<UL><LI><a href="#[11c]">&gt;&gt;</a>&nbsp;&nbsp;&nbsp;Dev::LoadHostCtrl()
</UL>

<P><STRONG><a name="[11e]"></a>Dev::CheckHostCtrl(const _strHostCtrl_*)</STRONG> (Thumb, 14 bytes, Stack size 0 bytes, dev.o(.text))
<BR><BR>[Called By]<UL><LI><a href="#[11c]">&gt;&gt;</a>&nbsp;&nbsp;&nbsp;Dev::LoadHostCtrl()
<LI><a href="#[e4]">&gt;&gt;</a>&nbsp;&nbsp;&nbsp;Dev::SaveHostCtrl()
</UL>

<P><STRONG><a name="[11c]"></a>Dev::LoadHostCtrl()</STRONG> (Thumb, 80 bytes, Stack size 24 bytes, dev.o(.text))
<BR><BR>[Stack]<UL><LI>Max Depth = 64<LI>Call Chain = Dev::LoadHostCtrl() &rArr; MRAM_Rd &rArr; SPI_Rd
</UL>
<BR>[Calls]<UL><LI><a href="#[114]">&gt;&gt;</a>&nbsp;&nbsp;&nbsp;MRAM_Rd
<LI><a href="#[11e]">&gt;&gt;</a>&nbsp;&nbsp;&nbsp;Dev::CheckHostCtrl(const _strHostCtrl_*)
<LI><a href="#[11d]">&gt;&gt;</a>&nbsp;&nbsp;&nbsp;Dev::InitHostCtrl()
<LI><a href="#[e2]">&gt;&gt;</a>&nbsp;&nbsp;&nbsp;Crc16
</UL>
<BR>[Called By]<UL><LI><a href="#[b5]">&gt;&gt;</a>&nbsp;&nbsp;&nbsp;Init_Dev
</UL>

<P><STRONG><a name="[121]"></a>Dev::PackLenSetProc()</STRONG> (Thumb, 106 bytes, Stack size 0 bytes, dev.o(.text))
<BR><BR>[Called By]<UL><LI><a href="#[125]">&gt;&gt;</a>&nbsp;&nbsp;&nbsp;Dev::Wr_DevInfo(unsigned char*)
<LI><a href="#[11f]">&gt;&gt;</a>&nbsp;&nbsp;&nbsp;Dev::LoadDevInfo()
</UL>

<P><STRONG><a name="[120]"></a>Dev::CheckDevInfo(const _strDevInfo_*)</STRONG> (Thumb, 378 bytes, Stack size 0 bytes, dev.o(.text))
<BR><BR>[Called By]<UL><LI><a href="#[127]">&gt;&gt;</a>&nbsp;&nbsp;&nbsp;Dev::SaveDevInfo()
<LI><a href="#[125]">&gt;&gt;</a>&nbsp;&nbsp;&nbsp;Dev::Wr_DevInfo(unsigned char*)
<LI><a href="#[11f]">&gt;&gt;</a>&nbsp;&nbsp;&nbsp;Dev::LoadDevInfo()
</UL>

<P><STRONG><a name="[11f]"></a>Dev::LoadDevInfo()</STRONG> (Thumb, 140 bytes, Stack size 16 bytes, dev.o(.text))
<BR><BR>[Stack]<UL><LI>Max Depth = 56<LI>Call Chain = Dev::LoadDevInfo() &rArr; MRAM_Rd &rArr; SPI_Rd
</UL>
<BR>[Calls]<UL><LI><a href="#[114]">&gt;&gt;</a>&nbsp;&nbsp;&nbsp;MRAM_Rd
<LI><a href="#[120]">&gt;&gt;</a>&nbsp;&nbsp;&nbsp;Dev::CheckDevInfo(const _strDevInfo_*)
<LI><a href="#[121]">&gt;&gt;</a>&nbsp;&nbsp;&nbsp;Dev::PackLenSetProc()
<LI><a href="#[e2]">&gt;&gt;</a>&nbsp;&nbsp;&nbsp;Crc16
<LI><a href="#[f4]">&gt;&gt;</a>&nbsp;&nbsp;&nbsp;__aeabi_memcpy4
</UL>
<BR>[Called By]<UL><LI><a href="#[b5]">&gt;&gt;</a>&nbsp;&nbsp;&nbsp;Init_Dev
</UL>

<P><STRONG><a name="[fc]"></a>Dev::CheckCtrlCfg(const _strCtrlCfg_*)</STRONG> (Thumb, 468 bytes, Stack size 8 bytes, dev.o(.text))
<BR><BR>[Stack]<UL><LI>Max Depth = 8<LI>Call Chain = Dev::CheckCtrlCfg(const _strCtrlCfg_*)
</UL>
<BR>[Called By]<UL><LI><a href="#[122]">&gt;&gt;</a>&nbsp;&nbsp;&nbsp;Dev::LoadCtrlCfg()
<LI><a href="#[d6]">&gt;&gt;</a>&nbsp;&nbsp;&nbsp;CMD_WR_CtrlCfg_Proc
</UL>

<P><STRONG><a name="[122]"></a>Dev::LoadCtrlCfg()</STRONG> (Thumb, 258 bytes, Stack size 24 bytes, dev.o(.text))
<BR><BR>[Stack]<UL><LI>Max Depth = 64<LI>Call Chain = Dev::LoadCtrlCfg() &rArr; MRAM_Rd &rArr; SPI_Rd
</UL>
<BR>[Calls]<UL><LI><a href="#[114]">&gt;&gt;</a>&nbsp;&nbsp;&nbsp;MRAM_Rd
<LI><a href="#[fc]">&gt;&gt;</a>&nbsp;&nbsp;&nbsp;Dev::CheckCtrlCfg(const _strCtrlCfg_*)
<LI><a href="#[e2]">&gt;&gt;</a>&nbsp;&nbsp;&nbsp;Crc16
</UL>
<BR>[Called By]<UL><LI><a href="#[b5]">&gt;&gt;</a>&nbsp;&nbsp;&nbsp;Init_Dev
</UL>

<P><STRONG><a name="[b5]"></a>Init_Dev</STRONG> (Thumb, 82 bytes, Stack size 8 bytes, dev.o(.text))
<BR><BR>[Stack]<UL><LI>Max Depth = 92<LI>Call Chain = Init_Dev &rArr; Dev::LoadSampCfg() &rArr; Dev::CheckSampTbl(const _strSampTbl_*, unsigned char) &rArr; __aeabi_memclr4
</UL>
<BR>[Calls]<UL><LI><a href="#[122]">&gt;&gt;</a>&nbsp;&nbsp;&nbsp;Dev::LoadCtrlCfg()
<LI><a href="#[11f]">&gt;&gt;</a>&nbsp;&nbsp;&nbsp;Dev::LoadDevInfo()
<LI><a href="#[11c]">&gt;&gt;</a>&nbsp;&nbsp;&nbsp;Dev::LoadHostCtrl()
<LI><a href="#[11b]">&gt;&gt;</a>&nbsp;&nbsp;&nbsp;Dev::LoadSubChCfg()
<LI><a href="#[119]">&gt;&gt;</a>&nbsp;&nbsp;&nbsp;Dev::LoadSchHdCfg(unsigned char)
<LI><a href="#[118]">&gt;&gt;</a>&nbsp;&nbsp;&nbsp;Dev::LoadSampCfg()
<LI><a href="#[113]">&gt;&gt;</a>&nbsp;&nbsp;&nbsp;Dev::LoadNetInfo()
</UL>
<BR>[Called By]<UL><LI><a href="#[af]">&gt;&gt;</a>&nbsp;&nbsp;&nbsp;main_task
</UL>

<P><STRONG><a name="[124]"></a>Dev::RstGblFault(unsigned)</STRONG> (Thumb, 14 bytes, Stack size 0 bytes, dev.o(.text))
<BR><BR>[Called By]<UL><LI><a href="#[123]">&gt;&gt;</a>&nbsp;&nbsp;&nbsp;Dev::Dev()
</UL>

<P><STRONG><a name="[123]"></a>Dev::Dev()</STRONG> (Thumb, 356 bytes, Stack size 12 bytes, dev.o(.text))
<BR><BR>[Stack]<UL><LI>Max Depth = 12<LI>Call Chain = Dev::Dev()
</UL>
<BR>[Calls]<UL><LI><a href="#[124]">&gt;&gt;</a>&nbsp;&nbsp;&nbsp;Dev::RstGblFault(unsigned)
</UL>
<BR>[Called By]<UL><LI><a href="#[7f]">&gt;&gt;</a>&nbsp;&nbsp;&nbsp;__sti___7_Dev_Cpp
</UL>

<P><STRONG><a name="[20f]"></a>Dev::Dev__sub_object()</STRONG> (Thumb, 0 bytes, Stack size 12 bytes, dev.o(.text), UNUSED)

<P><STRONG><a name="[e5]"></a>Dev::Rd_DevInfo(unsigned char*, unsigned char)</STRONG> (Thumb, 934 bytes, Stack size 20 bytes, dev.o(.text))
<BR><BR>[Stack]<UL><LI>Max Depth = 20<LI>Call Chain = Dev::Rd_DevInfo(unsigned char*, unsigned char)
</UL>
<BR>[Called By]<UL><LI><a href="#[ca]">&gt;&gt;</a>&nbsp;&nbsp;&nbsp;CMD_CONNECTION_Proc
</UL>

<P><STRONG><a name="[125]"></a>Dev::Wr_DevInfo(unsigned char*)</STRONG> (Thumb, 458 bytes, Stack size 16 bytes, dev.o(.text), UNUSED)
<BR><BR>[Calls]<UL><LI><a href="#[111]">&gt;&gt;</a>&nbsp;&nbsp;&nbsp;MRAM_Wr
<LI><a href="#[114]">&gt;&gt;</a>&nbsp;&nbsp;&nbsp;MRAM_Rd
<LI><a href="#[126]">&gt;&gt;</a>&nbsp;&nbsp;&nbsp;ChanRecPtrRstProc
<LI><a href="#[120]">&gt;&gt;</a>&nbsp;&nbsp;&nbsp;Dev::CheckDevInfo(const _strDevInfo_*)
<LI><a href="#[121]">&gt;&gt;</a>&nbsp;&nbsp;&nbsp;Dev::PackLenSetProc()
<LI><a href="#[e2]">&gt;&gt;</a>&nbsp;&nbsp;&nbsp;Crc16
<LI><a href="#[f4]">&gt;&gt;</a>&nbsp;&nbsp;&nbsp;__aeabi_memcpy4
</UL>

<P><STRONG><a name="[127]"></a>Dev::SaveDevInfo()</STRONG> (Thumb, 100 bytes, Stack size 24 bytes, dev.o(.text), UNUSED)
<BR><BR>[Calls]<UL><LI><a href="#[111]">&gt;&gt;</a>&nbsp;&nbsp;&nbsp;MRAM_Wr
<LI><a href="#[114]">&gt;&gt;</a>&nbsp;&nbsp;&nbsp;MRAM_Rd
<LI><a href="#[120]">&gt;&gt;</a>&nbsp;&nbsp;&nbsp;Dev::CheckDevInfo(const _strDevInfo_*)
<LI><a href="#[e2]">&gt;&gt;</a>&nbsp;&nbsp;&nbsp;Crc16
</UL>

<P><STRONG><a name="[e4]"></a>Dev::SaveHostCtrl()</STRONG> (Thumb, 78 bytes, Stack size 16 bytes, dev.o(.text))
<BR><BR>[Stack]<UL><LI>Max Depth = 56<LI>Call Chain = Dev::SaveHostCtrl() &rArr; MRAM_Wr &rArr; SPI_Wr
</UL>
<BR>[Calls]<UL><LI><a href="#[111]">&gt;&gt;</a>&nbsp;&nbsp;&nbsp;MRAM_Wr
<LI><a href="#[11e]">&gt;&gt;</a>&nbsp;&nbsp;&nbsp;Dev::CheckHostCtrl(const _strHostCtrl_*)
<LI><a href="#[e2]">&gt;&gt;</a>&nbsp;&nbsp;&nbsp;Crc16
</UL>
<BR>[Called By]<UL><LI><a href="#[d2]">&gt;&gt;</a>&nbsp;&nbsp;&nbsp;CMD_RQ_HOSTCTRL_Proc
<LI><a href="#[ca]">&gt;&gt;</a>&nbsp;&nbsp;&nbsp;CMD_CONNECTION_Proc
</UL>

<P><STRONG><a name="[fb]"></a>Dev::CopyCtrlCfg(unsigned char*)</STRONG> (Thumb, 30 bytes, Stack size 8 bytes, dev.o(.text))
<BR><BR>[Stack]<UL><LI>Max Depth = 8<LI>Call Chain = Dev::CopyCtrlCfg(unsigned char*)
</UL>
<BR>[Called By]<UL><LI><a href="#[d5]">&gt;&gt;</a>&nbsp;&nbsp;&nbsp;CMD_RD_CtrlCfg_Proc
</UL>

<P><STRONG><a name="[fd]"></a>Dev::SaveCtrlCfg(unsigned char*)</STRONG> (Thumb, 74 bytes, Stack size 16 bytes, dev.o(.text))
<BR><BR>[Stack]<UL><LI>Max Depth = 56<LI>Call Chain = Dev::SaveCtrlCfg(unsigned char*) &rArr; MRAM_Wr &rArr; SPI_Wr
</UL>
<BR>[Calls]<UL><LI><a href="#[111]">&gt;&gt;</a>&nbsp;&nbsp;&nbsp;MRAM_Wr
<LI><a href="#[e2]">&gt;&gt;</a>&nbsp;&nbsp;&nbsp;Crc16
</UL>
<BR>[Called By]<UL><LI><a href="#[d6]">&gt;&gt;</a>&nbsp;&nbsp;&nbsp;CMD_WR_CtrlCfg_Proc
</UL>

<P><STRONG><a name="[fe]"></a>Dev::CopySubHdCfg(unsigned char*, unsigned char)</STRONG> (Thumb, 130 bytes, Stack size 16 bytes, dev.o(.text))
<BR><BR>[Stack]<UL><LI>Max Depth = 16<LI>Call Chain = Dev::CopySubHdCfg(unsigned char*, unsigned char)
</UL>
<BR>[Called By]<UL><LI><a href="#[d9]">&gt;&gt;</a>&nbsp;&nbsp;&nbsp;CMD_RD_SubChSCfg_Proc
<LI><a href="#[d7]">&gt;&gt;</a>&nbsp;&nbsp;&nbsp;CMD_RD_SubChHCfg_Proc
</UL>

<P><STRONG><a name="[ff]"></a>Dev::SaveSubHdCfg(unsigned char*, unsigned char)</STRONG> (Thumb, 794 bytes, Stack size 24 bytes, dev.o(.text))
<BR><BR>[Stack]<UL><LI>Max Depth = 64<LI>Call Chain = Dev::SaveSubHdCfg(unsigned char*, unsigned char) &rArr; MRAM_Wr &rArr; SPI_Wr
</UL>
<BR>[Calls]<UL><LI><a href="#[111]">&gt;&gt;</a>&nbsp;&nbsp;&nbsp;MRAM_Wr
<LI><a href="#[e2]">&gt;&gt;</a>&nbsp;&nbsp;&nbsp;Crc16
</UL>
<BR>[Called By]<UL><LI><a href="#[da]">&gt;&gt;</a>&nbsp;&nbsp;&nbsp;CMD_WR_SubChSCfg_Proc
<LI><a href="#[d8]">&gt;&gt;</a>&nbsp;&nbsp;&nbsp;CMD_WR_SubChHCfg_Proc
</UL>

<P><STRONG><a name="[210]"></a>Dev::CheckSubChCfg(const _strSubChCfg_*)</STRONG> (Thumb, 16 bytes, Stack size 0 bytes, dev.o(.text), UNUSED)

<P><STRONG><a name="[211]"></a>Dev::CopySchHdCfg(unsigned char, unsigned char*)</STRONG> (Thumb, 4 bytes, Stack size 0 bytes, dev.o(.text), UNUSED)

<P><STRONG><a name="[212]"></a>Dev::SaveSchHdCfg(unsigned char, unsigned char*)</STRONG> (Thumb, 4 bytes, Stack size 0 bytes, dev.o(.text), UNUSED)

<P><STRONG><a name="[213]"></a>Dev::CopySampCfg(unsigned char*)</STRONG> (Thumb, 4 bytes, Stack size 0 bytes, dev.o(.text), UNUSED)

<P><STRONG><a name="[214]"></a>Dev::SaveSampCfg(unsigned char*)</STRONG> (Thumb, 4 bytes, Stack size 0 bytes, dev.o(.text), UNUSED)

<P><STRONG><a name="[215]"></a>Dev::CheckNetInfo(const _strLocalM_*)</STRONG> (Thumb, 16 bytes, Stack size 0 bytes, dev.o(.text), UNUSED)

<P><STRONG><a name="[216]"></a>Dev::Test_AnyChRunning()</STRONG> (Thumb, 56 bytes, Stack size 8 bytes, dev.o(.text), UNUSED)

<P><STRONG><a name="[128]"></a>Dev::SetMACIP(unsigned char*)</STRONG> (Thumb, 150 bytes, Stack size 16 bytes, dev.o(.text), UNUSED)
<BR><BR>[Calls]<UL><LI><a href="#[111]">&gt;&gt;</a>&nbsp;&nbsp;&nbsp;MRAM_Wr
<LI><a href="#[115]">&gt;&gt;</a>&nbsp;&nbsp;&nbsp;Dev::ReflashNetCfg()
<LI><a href="#[e2]">&gt;&gt;</a>&nbsp;&nbsp;&nbsp;Crc16
</UL>

<P><STRONG><a name="[f6]"></a>Dev::GetMACIP(unsigned char*)</STRONG> (Thumb, 74 bytes, Stack size 8 bytes, dev.o(.text))
<BR><BR>[Stack]<UL><LI>Max Depth = 8<LI>Call Chain = Dev::GetMACIP(unsigned char*)
</UL>
<BR>[Called By]<UL><LI><a href="#[d0]">&gt;&gt;</a>&nbsp;&nbsp;&nbsp;CMD_RD_DEV_MAC_IP_Proc
</UL>

<P><STRONG><a name="[217]"></a>Dev::SetUIMark(unsigned char*)</STRONG> (Thumb, 26 bytes, Stack size 8 bytes, dev.o(.text), UNUSED)

<P><STRONG><a name="[f7]"></a>Dev::RD_HIP_SMAC_Proc(unsigned char*, unsigned char)</STRONG> (Thumb, 120 bytes, Stack size 16 bytes, dev.o(.text))
<BR><BR>[Stack]<UL><LI>Max Depth = 16<LI>Call Chain = Dev::RD_HIP_SMAC_Proc(unsigned char*, unsigned char)
</UL>
<BR>[Called By]<UL><LI><a href="#[d1]">&gt;&gt;</a>&nbsp;&nbsp;&nbsp;CMD_RD_HIP_SMAC_Proc
</UL>

<P><STRONG><a name="[218]"></a>Dev::GetRTC()</STRONG> (Thumb, 2 bytes, Stack size 0 bytes, dev.o(.text), UNUSED)

<P><STRONG><a name="[e3]"></a>Dev::Test_RemotePC(const unsigned char*)</STRONG> (Thumb, 222 bytes, Stack size 32 bytes, dev.o(.text))
<BR><BR>[Stack]<UL><LI>Max Depth = 32<LI>Call Chain = Dev::Test_RemotePC(const unsigned char*)
</UL>
<BR>[Called By]<UL><LI><a href="#[da]">&gt;&gt;</a>&nbsp;&nbsp;&nbsp;CMD_WR_SubChSCfg_Proc
<LI><a href="#[de]">&gt;&gt;</a>&nbsp;&nbsp;&nbsp;CMD_WR_SubChInfo_Proc
<LI><a href="#[d8]">&gt;&gt;</a>&nbsp;&nbsp;&nbsp;CMD_WR_SubChHCfg_Proc
<LI><a href="#[d6]">&gt;&gt;</a>&nbsp;&nbsp;&nbsp;CMD_WR_CtrlCfg_Proc
<LI><a href="#[d4]">&gt;&gt;</a>&nbsp;&nbsp;&nbsp;CMD_WR_ChanInfo_Proc
<LI><a href="#[e0]">&gt;&gt;</a>&nbsp;&nbsp;&nbsp;CMD_Transparent_Proc
<LI><a href="#[d2]">&gt;&gt;</a>&nbsp;&nbsp;&nbsp;CMD_RQ_HOSTCTRL_Proc
<LI><a href="#[db]">&gt;&gt;</a>&nbsp;&nbsp;&nbsp;CMD_RESET_Dev_Proc
<LI><a href="#[cb]">&gt;&gt;</a>&nbsp;&nbsp;&nbsp;CMD_RD_REALDATA_Proc
<LI><a href="#[d1]">&gt;&gt;</a>&nbsp;&nbsp;&nbsp;CMD_RD_HIP_SMAC_Proc
<LI><a href="#[df]">&gt;&gt;</a>&nbsp;&nbsp;&nbsp;CMD_CommTransfer_Proc
<LI><a href="#[ca]">&gt;&gt;</a>&nbsp;&nbsp;&nbsp;CMD_CONNECTION_Proc
<LI><a href="#[cd]">&gt;&gt;</a>&nbsp;&nbsp;&nbsp;CMD_CIRCUIT_START_Proc
<LI><a href="#[cc]">&gt;&gt;</a>&nbsp;&nbsp;&nbsp;CMD_CIRCUIT_CTRL_Proc
</UL>

<P><STRONG><a name="[f8]"></a>Dev::EmptyPCSlaCtrl(unsigned char)</STRONG> (Thumb, 42 bytes, Stack size 0 bytes, dev.o(.text))
<BR><BR>[Called By]<UL><LI><a href="#[d2]">&gt;&gt;</a>&nbsp;&nbsp;&nbsp;CMD_RQ_HOSTCTRL_Proc
</UL>

<P><STRONG><a name="[12c]"></a>Dev::PCSlaTout()</STRONG> (Thumb, 62 bytes, Stack size 8 bytes, dev.o(.text))
<BR><BR>[Stack]<UL><LI>Max Depth = 8<LI>Call Chain = Dev::PCSlaTout()
</UL>
<BR>[Called By]<UL><LI><a href="#[a9]">&gt;&gt;</a>&nbsp;&nbsp;&nbsp;ControlProc
</UL>

<P><STRONG><a name="[e6]"></a>Dev::GetGblFault() const</STRONG> (Thumb, 6 bytes, Stack size 0 bytes, dev.o(.text))
<BR><BR>[Called By]<UL><LI><a href="#[cb]">&gt;&gt;</a>&nbsp;&nbsp;&nbsp;CMD_RD_REALDATA_Proc
</UL>

<P><STRONG><a name="[219]"></a>Get_RenewLine(unsigned short)</STRONG> (Thumb, 66 bytes, Stack size 12 bytes, chan.o(.text), UNUSED)

<P><STRONG><a name="[129]"></a>Chan::RecPtrRst()</STRONG> (Thumb, 36 bytes, Stack size 0 bytes, chan.o(.text), UNUSED)
<BR><BR>[Called By]<UL><LI><a href="#[126]">&gt;&gt;</a>&nbsp;&nbsp;&nbsp;ChanRecPtrRstProc
</UL>

<P><STRONG><a name="[126]"></a>ChanRecPtrRstProc</STRONG> (Thumb, 34 bytes, Stack size 12 bytes, chan.o(.text), UNUSED)
<BR><BR>[Calls]<UL><LI><a href="#[129]">&gt;&gt;</a>&nbsp;&nbsp;&nbsp;Chan::RecPtrRst()
</UL>
<BR>[Called By]<UL><LI><a href="#[125]">&gt;&gt;</a>&nbsp;&nbsp;&nbsp;Dev::Wr_DevInfo(unsigned char*)
</UL>

<P><STRONG><a name="[12b]"></a>Chan::Get_ViTiExtremum()</STRONG> (Thumb, 220 bytes, Stack size 28 bytes, chan.o(.text))
<BR><BR>[Stack]<UL><LI>Max Depth = 28<LI>Call Chain = Chan::Get_ViTiExtremum()
</UL>
<BR>[Called By]<UL><LI><a href="#[12a]">&gt;&gt;</a>&nbsp;&nbsp;&nbsp;Chan::TickControlProc()
</UL>

<P><STRONG><a name="[12a]"></a>Chan::TickControlProc()</STRONG> (Thumb, 206 bytes, Stack size 12 bytes, chan.o(.text))
<BR><BR>[Stack]<UL><LI>Max Depth = 40<LI>Call Chain = Chan::TickControlProc() &rArr; Chan::Get_ViTiExtremum()
</UL>
<BR>[Calls]<UL><LI><a href="#[12b]">&gt;&gt;</a>&nbsp;&nbsp;&nbsp;Chan::Get_ViTiExtremum()
</UL>
<BR>[Called By]<UL><LI><a href="#[a9]">&gt;&gt;</a>&nbsp;&nbsp;&nbsp;ControlProc
</UL>

<P><STRONG><a name="[a9]"></a>ControlProc</STRONG> (Thumb, 40 bytes, Stack size 16 bytes, chan.o(.text))
<BR><BR>[Stack]<UL><LI>Max Depth = 56<LI>Call Chain = ControlProc &rArr; Chan::TickControlProc() &rArr; Chan::Get_ViTiExtremum()
</UL>
<BR>[Calls]<UL><LI><a href="#[12a]">&gt;&gt;</a>&nbsp;&nbsp;&nbsp;Chan::TickControlProc()
[...]
<LI><a href="#[15d]">&gt;&gt;</a>&nbsp;&nbsp;&nbsp;sys_error
<LI><a href="#[1e5]">&gt;&gt;</a>&nbsp;&nbsp;&nbsp;tcp_transit
<LI><a href="#[1e1]">&gt;&gt;</a>&nbsp;&nbsp;&nbsp;tcp_set_retransmit
<LI><a href="#[1e0]">&gt;&gt;</a>&nbsp;&nbsp;&nbsp;tcp_send_reset
<LI><a href="#[1e2]">&gt;&gt;</a>&nbsp;&nbsp;&nbsp;tcp_send_ctrl
<LI><a href="#[1e3]">&gt;&gt;</a>&nbsp;&nbsp;&nbsp;tcp_process_opt
<LI><a href="#[1de]">&gt;&gt;</a>&nbsp;&nbsp;&nbsp;tcp_map_socket
</UL>
<BR>[Called By]<UL><LI><a href="#[166]">&gt;&gt;</a>&nbsp;&nbsp;&nbsp;ip_run_local
<LI><a href="#[165]">&gt;&gt;</a>&nbsp;&nbsp;&nbsp;eth_run_link
</UL>

<P><STRONG><a name="[bd]"></a>timer_tick</STRONG> (Thumb, 8 bytes, Stack size 0 bytes, at_system.o(i.timer_tick))
<BR><BR>[Called By]<UL><LI><a href="#[af]">&gt;&gt;</a>&nbsp;&nbsp;&nbsp;main_task
</UL>

<P><STRONG><a name="[c6]"></a>udp_get_buf</STRONG> (Thumb, 32 bytes, Stack size 8 bytes, at_udp.o(i.udp_get_buf))
<BR><BR>[Stack]<UL><LI>Max Depth = 32<LI>Call Chain = udp_get_buf &rArr; alloc_mem
</UL>
<BR>[Calls]<UL><LI><a href="#[172]">&gt;&gt;</a>&nbsp;&nbsp;&nbsp;alloc_mem
</UL>
<BR>[Called By]<UL><LI><a href="#[c3]">&gt;&gt;</a>&nbsp;&nbsp;&nbsp;Udpproc_data
</UL>

<P><STRONG><a name="[a2]"></a>udp_get_socket</STRONG> (Thumb, 62 bytes, Stack size 16 bytes, at_udp.o(i.udp_get_socket))
<BR><BR>[Stack]<UL><LI>Max Depth = 16<LI>Call Chain = udp_get_socket
</UL>
<BR>[Calls]<UL><LI><a href="#[15d]">&gt;&gt;</a>&nbsp;&nbsp;&nbsp;sys_error
</UL>
<BR>[Called By]<UL><LI><a href="#[a1]">&gt;&gt;</a>&nbsp;&nbsp;&nbsp;tcpudp_task
</UL>

<P><STRONG><a name="[162]"></a>udp_init</STRONG> (Thumb, 18 bytes, Stack size 0 bytes, at_udp.o(i.udp_init))
<BR><BR>[Calls]<UL><LI><a href="#[1e8]">&gt;&gt;</a>&nbsp;&nbsp;&nbsp;mem_set
</UL>
<BR>[Called By]<UL><LI><a href="#[15e]">&gt;&gt;</a>&nbsp;&nbsp;&nbsp;init_system
</UL>

<P><STRONG><a name="[a3]"></a>udp_open</STRONG> (Thumb, 96 bytes, Stack size 16 bytes, at_udp.o(i.udp_open))
<BR><BR>[Stack]<UL><LI>Max Depth = 24<LI>Call Chain = udp_open &rArr; udp_port_in_use
</UL>
<BR>[Calls]<UL><LI><a href="#[1e9]">&gt;&gt;</a>&nbsp;&nbsp;&nbsp;udp_port_in_use
</UL>
<BR>[Called By]<UL><LI><a href="#[a1]">&gt;&gt;</a>&nbsp;&nbsp;&nbsp;tcpudp_task
</UL>

<P><STRONG><a name="[1b5]"></a>udp_process</STRONG> (Thumb, 178 bytes, Stack size 32 bytes, at_udp.o(i.udp_process))
<BR><BR>[Stack]<UL><LI>Max Depth = 32<LI>Call Chain = udp_process
</UL>
<BR>[Calls]<UL><LI><a href="#[1df]">&gt;&gt;</a>&nbsp;&nbsp;&nbsp;chksum16_val
<LI><a href="#[1ae]">&gt;&gt;</a>&nbsp;&nbsp;&nbsp;chksum16_buf
</UL>
<BR>[Called By]<UL><LI><a href="#[166]">&gt;&gt;</a>&nbsp;&nbsp;&nbsp;ip_run_local
<LI><a href="#[165]">&gt;&gt;</a>&nbsp;&nbsp;&nbsp;eth_run_link
</UL>

<P><STRONG><a name="[c7]"></a>udp_send</STRONG> (Thumb, 280 bytes, Stack size 32 bytes, at_udp.o(i.udp_send))
<BR><BR>[Stack]<UL><LI>Max Depth = 160<LI>Call Chain = udp_send &rArr; ip_send_frame &rArr; eth_send_frame &rArr; arp_cache_find &rArr; arp_send_request &rArr; free_mem
</UL>
<BR>[Calls]<UL><LI><a href="#[1df]">&gt;&gt;</a>&nbsp;&nbsp;&nbsp;chksum16_val
<LI><a href="#[1ae]">&gt;&gt;</a>&nbsp;&nbsp;&nbsp;chksum16_buf
<LI><a href="#[1b8]">&gt;&gt;</a>&nbsp;&nbsp;&nbsp;ip_send_frame
<LI><a href="#[1bd]">&gt;&gt;</a>&nbsp;&nbsp;&nbsp;ip_get_locadr
<LI><a href="#[1a1]">&gt;&gt;</a>&nbsp;&nbsp;&nbsp;nrd_u32be
<LI><a href="#[1ac]">&gt;&gt;</a>&nbsp;&nbsp;&nbsp;free_mem
</UL>
<BR>[Called By]<UL><LI><a href="#[c3]">&gt;&gt;</a>&nbsp;&nbsp;&nbsp;Udpproc_data
</UL>

<P><STRONG><a name="[8f]"></a>_fp_init</STRONG> (Thumb, 10 bytes, Stack size 0 bytes, fpinit.o(x$fpl$fpinit))
<BR><BR>[Called By]<UL><LI><a href="#[8e]">&gt;&gt;</a>&nbsp;&nbsp;&nbsp;__rt_lib_init_fp_1
</UL>

<P><STRONG><a name="[245]"></a>__fplib_config_fpu_vfp</STRONG> (Thumb, 0 bytes, Stack size unknown bytes, fpinit.o(x$fpl$fpinit), UNUSED)

<P><STRONG><a name="[246]"></a>__fplib_config_pureend_doubles</STRONG> (Thumb, 0 bytes, Stack size unknown bytes, fpinit.o(x$fpl$fpinit), UNUSED)
<P>
<H3>
Local Symbols
</H3>
<P><STRONG><a name="[7e]"></a>__sti___11_APP_CAN_cpp</STRONG> (Thumb, 14 bytes, Stack size 0 bytes, app_can.o(.text))
<BR><BR>[Stack]<UL><LI>Max Depth = 24<LI>Call Chain = __sti___11_APP_CAN_cpp &rArr; __aeabi_vec_ctor_nocookie_nodtor
</UL>
<BR>[Calls]<UL><LI><a href="#[10e]">&gt;&gt;</a>&nbsp;&nbsp;&nbsp;__aeabi_vec_ctor_nocookie_nodtor
</UL>
<BR>[Address Reference Count : 1]<UL><LI> app_can.o(.init_array)
</UL>
<P><STRONG><a name="[7f]"></a>__sti___7_Dev_Cpp</STRONG> (Thumb, 6 bytes, Stack size 0 bytes, dev.o(.text))
<BR><BR>[Stack]<UL><LI>Max Depth = 12<LI>Call Chain = __sti___7_Dev_Cpp &rArr; Dev::Dev()
</UL>
<BR>[Calls]<UL><LI><a href="#[123]">&gt;&gt;</a>&nbsp;&nbsp;&nbsp;Dev::Dev()
</UL>
<BR>[Address Reference Count : 1]<UL><LI> dev.o(.init_array)
</UL>
<P><STRONG><a name="[80]"></a>__sti___8_Chan_Cpp</STRONG> (Thumb, 16 bytes, Stack size 0 bytes, chan.o(.text))
<BR><BR>[Stack]<UL><LI>Max Depth = 24<LI>Call Chain = __sti___8_Chan_Cpp &rArr; __aeabi_vec_ctor_nocookie_nodtor
</UL>
<BR>[Calls]<UL><LI><a href="#[10e]">&gt;&gt;</a>&nbsp;&nbsp;&nbsp;__aeabi_vec_ctor_nocookie_nodtor
</UL>
<BR>[Address Reference Count : 1]<UL><LI> chan.o(.init_array)
</UL>
<P><STRONG><a name="[81]"></a>__sti___16_ParallelChan_Cpp</STRONG> (Thumb, 4 bytes, Stack size 0 bytes, parallelchan.o(.text))
<BR><BR>[Calls]<UL><LI><a href="#[14c]">&gt;&gt;</a>&nbsp;&nbsp;&nbsp;ParallelChan::ParallelChan()
</UL>
<BR>[Address Reference Count : 1]<UL><LI> parallelchan.o(.init_array)
</UL>
<P><STRONG><a name="[82]"></a>__sti___11_SubChan_Cpp</STRONG> (Thumb, 4 bytes, Stack size 0 bytes, subchan.o(.text))
<BR><BR>[Stack]<UL><LI>Max Depth = 32<LI>Call Chain = __sti___11_SubChan_Cpp &rArr; SubChan::SubChan()
</UL>
<BR>[Calls]<UL><LI><a href="#[14d]">&gt;&gt;</a>&nbsp;&nbsp;&nbsp;SubChan::SubChan()
</UL>
<BR>[Address Reference Count : 1]<UL><LI> subchan.o(.init_array)
</UL>
<P><STRONG><a name="[152]"></a>CAN_push</STRONG> (Thumb, 158 bytes, Stack size 24 bytes, rtx_can.o(.text))
<BR><BR>[Stack]<UL><LI>Max Depth = 40<LI>Call Chain = CAN_push &rArr; CAN_hw_wr
</UL>
<BR>[Calls]<UL><LI><a href="#[f9]">&gt;&gt;</a>&nbsp;&nbsp;&nbsp;_free_box
<LI><a href="#[101]">&gt;&gt;</a>&nbsp;&nbsp;&nbsp;_alloc_box
<LI><a href="#[154]">&gt;&gt;</a>&nbsp;&nbsp;&nbsp;CAN_hw_wr
<LI><a href="#[153]">&gt;&gt;</a>&nbsp;&nbsp;&nbsp;CAN_hw_tx_empty
</UL>
<BR>[Called By]<UL><LI><a href="#[10c]">&gt;&gt;</a>&nbsp;&nbsp;&nbsp;CAN_send
<LI><a href="#[156]">&gt;&gt;</a>&nbsp;&nbsp;&nbsp;CAN_request
</UL>

<P><STRONG><a name="[159]"></a>CAN_pull</STRONG> (Thumb, 60 bytes, Stack size 16 bytes, rtx_can.o(.text))
<BR><BR>[Stack]<UL><LI>Max Depth = 16<LI>Call Chain = CAN_pull
</UL>
<BR>[Calls]<UL><LI><a href="#[f9]">&gt;&gt;</a>&nbsp;&nbsp;&nbsp;_free_box
</UL>
<BR>[Called By]<UL><LI><a href="#[ab]">&gt;&gt;</a>&nbsp;&nbsp;&nbsp;CAN_receive
</UL>

<P><STRONG><a name="[16c]"></a>SetSysClock</STRONG> (Thumb, 168 bytes, Stack size 12 bytes, system_stm32f4xx.o(.text))
<BR><BR>[Stack]<UL><LI>Max Depth = 12<LI>Call Chain = SetSysClock
</UL>
<BR>[Called By]<UL><LI><a href="#[7a]">&gt;&gt;</a>&nbsp;&nbsp;&nbsp;SystemInit
</UL>

<P><STRONG><a name="[169]"></a>SystemInit_ExtMemCtl</STRONG> (Thumb, 226 bytes, Stack size 92 bytes, system_stm32f4xx.o(.text))
<BR><BR>[Stack]<UL><LI>Max Depth = 104<LI>Call Chain = SystemInit_ExtMemCtl &rArr; FSMC_NORSRAMInit
</UL>
<BR>[Calls]<UL><LI><a href="#[16a]">&gt;&gt;</a>&nbsp;&nbsp;&nbsp;FSMC_NORSRAMInit
<LI><a href="#[16b]">&gt;&gt;</a>&nbsp;&nbsp;&nbsp;FSMC_NORSRAMCmd
</UL>
<BR>[Called By]<UL><LI><a href="#[7a]">&gt;&gt;</a>&nbsp;&nbsp;&nbsp;SystemInit
</UL>

<P><STRONG><a name="[171]"></a>tx_descr_init</STRONG> (Thumb, 62 bytes, Stack size 16 bytes, eth_stm32f4xx.o(.text))
<BR><BR>[Stack]<UL><LI>Max Depth = 16<LI>Call Chain = tx_descr_init
</UL>
<BR>[Called By]<UL><LI><a href="#[16d]">&gt;&gt;</a>&nbsp;&nbsp;&nbsp;init_ethernet
</UL>

<P><STRONG><a name="[170]"></a>rx_descr_init</STRONG> (Thumb, 72 bytes, Stack size 20 bytes, eth_stm32f4xx.o(.text))
<BR><BR>[Stack]<UL><LI>Max Depth = 20<LI>Call Chain = rx_descr_init
</UL>
<BR>[Called By]<UL><LI><a href="#[16d]">&gt;&gt;</a>&nbsp;&nbsp;&nbsp;init_ethernet
</UL>

<P><STRONG><a name="[16f]"></a>write_PHY</STRONG> (Thumb, 34 bytes, Stack size 0 bytes, eth_stm32f4xx.o(.text))
<BR><BR>[Called By]<UL><LI><a href="#[16d]">&gt;&gt;</a>&nbsp;&nbsp;&nbsp;init_ethernet
</UL>

<P><STRONG><a name="[16e]"></a>read_PHY</STRONG> (Thumb, 36 bytes, Stack size 0 bytes, eth_stm32f4xx.o(.text))
<BR><BR>[Called By]<UL><LI><a href="#[16d]">&gt;&gt;</a>&nbsp;&nbsp;&nbsp;init_ethernet
</UL>

<P><STRONG><a name="[176]"></a>CAN_set_timing</STRONG> (Thumb, 62 bytes, Stack size 16 bytes, can_stm32f40x.o(.text))
<BR><BR>[Stack]<UL><LI>Max Depth = 16<LI>Call Chain = CAN_set_timing
</UL>
<BR>[Called By]<UL><LI><a href="#[175]">&gt;&gt;</a>&nbsp;&nbsp;&nbsp;CAN_hw_set_baudrate
</UL>

<P><STRONG><a name="[175]"></a>CAN_hw_set_baudrate</STRONG> (Thumb, 38 bytes, Stack size 8 bytes, can_stm32f40x.o(.text))
<BR><BR>[Stack]<UL><LI>Max Depth = 24<LI>Call Chain = CAN_hw_set_baudrate &rArr; CAN_set_timing
</UL>
<BR>[Calls]<UL><LI><a href="#[176]">&gt;&gt;</a>&nbsp;&nbsp;&nbsp;CAN_set_timing
</UL>
<BR>[Called By]<UL><LI><a href="#[150]">&gt;&gt;</a>&nbsp;&nbsp;&nbsp;CAN_hw_init
</UL>

<P><STRONG><a name="[17c]"></a>CAN_hw_rd</STRONG> (Thumb, 130 bytes, Stack size 8 bytes, can_stm32f40x.o(.text))
<BR><BR>[Stack]<UL><LI>Max Depth = 8<LI>Call Chain = CAN_hw_rd
</UL>
<BR>[Called By]<UL><LI><a href="#[55]">&gt;&gt;</a>&nbsp;&nbsp;&nbsp;CAN2_RX0_IRQHandler
<LI><a href="#[29]">&gt;&gt;</a>&nbsp;&nbsp;&nbsp;CAN1_RX0_IRQHandler
</UL>

<P><STRONG><a name="[17a]"></a>CAN_hw_rx_object_chk</STRONG> (Thumb, 154 bytes, Stack size 12 bytes, can_stm32f40x.o(.text))
<BR><BR>[Stack]<UL><LI>Max Depth = 12<LI>Call Chain = CAN_hw_rx_object_chk
</UL>
<BR>[Called By]<UL><LI><a href="#[106]">&gt;&gt;</a>&nbsp;&nbsp;&nbsp;CAN_hw_rx_object
</UL>

<P><STRONG><a name="[179]"></a>CAN_hw_rx_object_add</STRONG> (Thumb, 332 bytes, Stack size 32 bytes, can_stm32f40x.o(.text))
<BR><BR>[Stack]<UL><LI>Max Depth = 32<LI>Call Chain = CAN_hw_rx_object_add
</UL>
<BR>[Calls]<UL><LI><a href="#[102]">&gt;&gt;</a>&nbsp;&nbsp;&nbsp;Get_CANWorkInfo
</UL>
<BR>[Called By]<UL><LI><a href="#[106]">&gt;&gt;</a>&nbsp;&nbsp;&nbsp;CAN_hw_rx_object
</UL>

<P><STRONG><a name="[178]"></a>NVIC_EnableIRQ</STRONG> (Thumb, 24 bytes, Stack size 0 bytes, can_stm32f40x.o(.text))
<BR><BR>[Called By]<UL><LI><a href="#[14f]">&gt;&gt;</a>&nbsp;&nbsp;&nbsp;CAN_hw_setup
</UL>

<P><STRONG><a name="[177]"></a>NVIC_SetPriority</STRONG> (Thumb, 24 bytes, Stack size 0 bytes, can_stm32f40x.o(.text))
<BR><BR>[Called By]<UL><LI><a href="#[14f]">&gt;&gt;</a>&nbsp;&nbsp;&nbsp;CAN_hw_setup
</UL>

<P><STRONG><a name="[190]"></a>NVIC_EnableIRQ</STRONG> (Thumb, 24 bytes, Stack size 0 bytes, uartsimcan.o(.text))
<BR><BR>[Called By]<UL><LI><a href="#[193]">&gt;&gt;</a>&nbsp;&nbsp;&nbsp;TIM3_Init
<LI><a href="#[192]">&gt;&gt;</a>&nbsp;&nbsp;&nbsp;TIM2_Init
<LI><a href="#[191]">&gt;&gt;</a>&nbsp;&nbsp;&nbsp;Uart3SimCan_Init
<LI><a href="#[18e]">&gt;&gt;</a>&nbsp;&nbsp;&nbsp;Uart1SimCan_Init
</UL>

<P><STRONG><a name="[18f]"></a>NVIC_SetPriority</STRONG> (Thumb, 24 bytes, Stack size 0 bytes, uartsimcan.o(.text))
<BR><BR>[Called By]<UL><LI><a href="#[193]">&gt;&gt;</a>&nbsp;&nbsp;&nbsp;TIM3_Init
<LI><a href="#[192]">&gt;&gt;</a>&nbsp;&nbsp;&nbsp;TIM2_Init
<LI><a href="#[191]">&gt;&gt;</a>&nbsp;&nbsp;&nbsp;Uart3SimCan_Init
<LI><a href="#[18e]">&gt;&gt;</a>&nbsp;&nbsp;&nbsp;Uart1SimCan_Init
</UL>

<P><STRONG><a name="[1a2]"></a>arp_cache_alloc</STRONG> (Thumb, 132 bytes, Stack size 20 bytes, at_arp.o(i.arp_cache_alloc))
<BR><BR>[Stack]<UL><LI>Max Depth = 20<LI>Call Chain = arp_cache_alloc
</UL>
<BR>[Called By]<UL><LI><a href="#[1a6]">&gt;&gt;</a>&nbsp;&nbsp;&nbsp;arp_cache_find
<LI><a href="#[1a4]">&gt;&gt;</a>&nbsp;&nbsp;&nbsp;arp_cache_early
<LI><a href="#[19d]">&gt;&gt;</a>&nbsp;&nbsp;&nbsp;arp_cache_add
</UL>

<P><STRONG><a name="[19e]"></a>arp_is_cacheable</STRONG> (Thumb, 48 bytes, Stack size 0 bytes, at_arp.o(i.arp_is_cacheable))
<BR><BR>[Called By]<UL><LI><a href="#[1a4]">&gt;&gt;</a>&nbsp;&nbsp;&nbsp;arp_cache_early
<LI><a href="#[19d]">&gt;&gt;</a>&nbsp;&nbsp;&nbsp;arp_cache_add
</UL>

<P><STRONG><a name="[1a8]"></a>arp_proc_response</STRONG> (Thumb, 130 bytes, Stack size 32 bytes, at_arp.o(i.arp_proc_response))
<BR><BR>[Stack]<UL><LI>Max Depth = 40<LI>Call Chain = arp_proc_response &rArr; mem_copy
</UL>
<BR>[Calls]<UL><LI><a href="#[1a3]">&gt;&gt;</a>&nbsp;&nbsp;&nbsp;mem_copy
<LI><a href="#[19f]">&gt;&gt;</a>&nbsp;&nbsp;&nbsp;mem_comp
</UL>
<BR>[Called By]<UL><LI><a href="#[1a9]">&gt;&gt;</a>&nbsp;&nbsp;&nbsp;arp_process
</UL>

<P><STRONG><a name="[1aa]"></a>arp_send_reply</STRONG> (Thumb, 150 bytes, Stack size 24 bytes, at_arp.o(i.arp_send_reply))
<BR><BR>[Stack]<UL><LI>Max Depth = 48<LI>Call Chain = arp_send_reply &rArr; free_mem
</UL>
<BR>[Calls]<UL><LI><a href="#[1a3]">&gt;&gt;</a>&nbsp;&nbsp;&nbsp;mem_copy
<LI><a href="#[1ac]">&gt;&gt;</a>&nbsp;&nbsp;&nbsp;free_mem
<LI><a href="#[172]">&gt;&gt;</a>&nbsp;&nbsp;&nbsp;alloc_mem
<LI><a href="#[1ab]">&gt;&gt;</a>&nbsp;&nbsp;&nbsp;send_frame
</UL>
<BR>[Called By]<UL><LI><a href="#[1a9]">&gt;&gt;</a>&nbsp;&nbsp;&nbsp;arp_process
</UL>

<P><STRONG><a name="[1a5]"></a>arp_send_request</STRONG> (Thumb, 170 bytes, Stack size 24 bytes, at_arp.o(i.arp_send_request))
<BR><BR>[Stack]<UL><LI>Max Depth = 48<LI>Call Chain = arp_send_request &rArr; free_mem
</UL>
<BR>[Calls]<UL><LI><a href="#[1a3]">&gt;&gt;</a>&nbsp;&nbsp;&nbsp;mem_copy
<LI><a href="#[1ac]">&gt;&gt;</a>&nbsp;&nbsp;&nbsp;free_mem
<LI><a href="#[172]">&gt;&gt;</a>&nbsp;&nbsp;&nbsp;alloc_mem
<LI><a href="#[1ab]">&gt;&gt;</a>&nbsp;&nbsp;&nbsp;send_frame
</UL>
<BR>[Called By]<UL><LI><a href="#[1a7]">&gt;&gt;</a>&nbsp;&nbsp;&nbsp;arp_cache_update
<LI><a href="#[1a6]">&gt;&gt;</a>&nbsp;&nbsp;&nbsp;arp_cache_find
<LI><a href="#[1a4]">&gt;&gt;</a>&nbsp;&nbsp;&nbsp;arp_cache_early
<LI><a href="#[163]">&gt;&gt;</a>&nbsp;&nbsp;&nbsp;arp_notify
</UL>

<P><STRONG><a name="[1bc]"></a>ip_get_chksum</STRONG> (Thumb, 10 bytes, Stack size 0 bytes, at_ip.o(i.ip_get_chksum))
<BR><BR>[Stack]<UL><LI>Max Depth = 4<LI>Call Chain = ip_get_chksum &rArr; calc_chksum16be
</UL>
<BR>[Calls]<UL><LI><a href="#[1ad]">&gt;&gt;</a>&nbsp;&nbsp;&nbsp;calc_chksum16be
</UL>
<BR>[Called By]<UL><LI><a href="#[1b8]">&gt;&gt;</a>&nbsp;&nbsp;&nbsp;ip_send_frame
<LI><a href="#[1b2]">&gt;&gt;</a>&nbsp;&nbsp;&nbsp;ip_chk_frame
</UL>

<P><STRONG><a name="[1b9]"></a>icmp_send_message</STRONG> (Thumb, 108 bytes, Stack size 16 bytes, at_icmp.o(i.icmp_send_message))
<BR><BR>[Stack]<UL><LI>Max Depth = 144<LI>Call Chain = icmp_send_message &rArr; ip_send_frame &rArr; eth_send_frame &rArr; arp_cache_find &rArr; arp_send_request &rArr; free_mem
</UL>
<BR>[Calls]<UL><LI><a href="#[1ad]">&gt;&gt;</a>&nbsp;&nbsp;&nbsp;calc_chksum16be
<LI><a href="#[1b8]">&gt;&gt;</a>&nbsp;&nbsp;&nbsp;ip_send_frame
<LI><a href="#[1ac]">&gt;&gt;</a>&nbsp;&nbsp;&nbsp;free_mem
<LI><a href="#[172]">&gt;&gt;</a>&nbsp;&nbsp;&nbsp;alloc_mem
</UL>
<BR>[Called By]<UL><LI><a href="#[167]">&gt;&gt;</a>&nbsp;&nbsp;&nbsp;icmp_run_engine
</UL>

<P><STRONG><a name="[1e9]"></a>udp_port_in_use</STRONG> (Thumb, 40 bytes, Stack size 8 bytes, at_udp.o(i.udp_port_in_use))
<BR><BR>[Stack]<UL><LI>Max Depth = 8<LI>Call Chain = udp_port_in_use
</UL>
<BR>[Called By]<UL><LI><a href="#[a3]">&gt;&gt;</a>&nbsp;&nbsp;&nbsp;udp_open
</UL>

<P><STRONG><a name="[1d1]"></a>rt_init_context</STRONG> (Thumb, 70 bytes, Stack size 16 bytes, rt_task.o(i.rt_init_context))
<BR><BR>[Stack]<UL><LI>Max Depth = 24<LI>Call Chain = rt_init_context &rArr; rt_init_stack
</UL>
<BR>[Calls]<UL><LI><a href="#[1d2]">&gt;&gt;</a>&nbsp;&nbsp;&nbsp;rt_init_stack
<LI><a href="#[67]">&gt;&gt;</a>&nbsp;&nbsp;&nbsp;rt_alloc_box
</UL>
<BR>[Called By]<UL><LI><a href="#[6f]">&gt;&gt;</a>&nbsp;&nbsp;&nbsp;rt_tsk_create
<LI><a href="#[70]">&gt;&gt;</a>&nbsp;&nbsp;&nbsp;rt_sys_init
</UL>

<P><STRONG><a name="[1de]"></a>tcp_map_socket</STRONG> (Thumb, 150 bytes, Stack size 24 bytes, at_tcp.o(i.tcp_map_socket))
<BR><BR>[Stack]<UL><LI>Max Depth = 32<LI>Call Chain = tcp_map_socket &rArr; mem_copy
</UL>
<BR>[Calls]<UL><LI><a href="#[1a3]">&gt;&gt;</a>&nbsp;&nbsp;&nbsp;mem_copy
<LI><a href="#[19f]">&gt;&gt;</a>&nbsp;&nbsp;&nbsp;mem_comp
</UL>
<BR>[Called By]<UL><LI><a href="#[1b6]">&gt;&gt;</a>&nbsp;&nbsp;&nbsp;tcp_process
</UL>

<P><STRONG><a name="[1e3]"></a>tcp_process_opt</STRONG> (Thumb, 116 bytes, Stack size 20 bytes, at_tcp.o(i.tcp_process_opt))
<BR><BR>[Stack]<UL><LI>Max Depth = 20<LI>Call Chain = tcp_process_opt
</UL>
<BR>[Called By]<UL><LI><a href="#[1b6]">&gt;&gt;</a>&nbsp;&nbsp;&nbsp;tcp_process
</UL>

<P><STRONG><a name="[1e2]"></a>tcp_send_ctrl</STRONG> (Thumb, 34 bytes, Stack size 16 bytes, at_tcp.o(i.tcp_send_ctrl))
<BR><BR>[Stack]<UL><LI>Max Depth = 176<LI>Call Chain = tcp_send_ctrl &rArr; tcp_send_frame &rArr; ip_send_frame &rArr; eth_send_frame &rArr; arp_cache_find &rArr; arp_send_request &rArr; free_mem
</UL>
<BR>[Calls]<UL><LI><a href="#[1ac]">&gt;&gt;</a>&nbsp;&nbsp;&nbsp;free_mem
<LI><a href="#[172]">&gt;&gt;</a>&nbsp;&nbsp;&nbsp;alloc_mem
<LI><a href="#[1e6]">&gt;&gt;</a>&nbsp;&nbsp;&nbsp;tcp_send_frame
</UL>
<BR>[Called By]<UL><LI><a href="#[1b6]">&gt;&gt;</a>&nbsp;&nbsp;&nbsp;tcp_process
<LI><a href="#[1e0]">&gt;&gt;</a>&nbsp;&nbsp;&nbsp;tcp_send_reset
</UL>

<P><STRONG><a name="[1e6]"></a>tcp_send_frame</STRONG> (Thumb, 258 bytes, Stack size 32 bytes, at_tcp.o(i.tcp_send_frame))
<BR><BR>[Stack]<UL><LI>Max Depth = 160<LI>Call Chain = tcp_send_frame &rArr; ip_send_frame &rArr; eth_send_frame &rArr; arp_cache_find &rArr; arp_send_request &rArr; free_mem
</UL>
<BR>[Calls]<UL><LI><a href="#[1df]">&gt;&gt;</a>&nbsp;&nbsp;&nbsp;chksum16_val
<LI><a href="#[1ae]">&gt;&gt;</a>&nbsp;&nbsp;&nbsp;chksum16_buf
<LI><a href="#[1b8]">&gt;&gt;</a>&nbsp;&nbsp;&nbsp;ip_send_frame
<LI><a href="#[1bd]">&gt;&gt;</a>&nbsp;&nbsp;&nbsp;ip_get_locadr
<LI><a href="#[1e7]">&gt;&gt;</a>&nbsp;&nbsp;&nbsp;nwr_u32be
</UL>
<BR>[Called By]<UL><LI><a href="#[1e2]">&gt;&gt;</a>&nbsp;&nbsp;&nbsp;tcp_send_ctrl
</UL>

<P><STRONG><a name="[1e0]"></a>tcp_send_reset</STRONG> (Thumb, 124 bytes, Stack size 16 bytes, at_tcp.o(i.tcp_send_reset))
<BR><BR>[Stack]<UL><LI>Max Depth = 192<LI>Call Chain = tcp_send_reset &rArr; tcp_send_ctrl &rArr; tcp_send_frame &rArr; ip_send_frame &rArr; eth_send_frame &rArr; arp_cache_find &rArr; arp_send_request &rArr; free_mem
</UL>
<BR>[Calls]<UL><LI><a href="#[1a1]">&gt;&gt;</a>&nbsp;&nbsp;&nbsp;nrd_u32be
<LI><a href="#[1a3]">&gt;&gt;</a>&nbsp;&nbsp;&nbsp;mem_copy
<LI><a href="#[1e2]">&gt;&gt;</a>&nbsp;&nbsp;&nbsp;tcp_send_ctrl
</UL>
<BR>[Called By]<UL><LI><a href="#[1b6]">&gt;&gt;</a>&nbsp;&nbsp;&nbsp;tcp_process
</UL>

<P><STRONG><a name="[1e1]"></a>tcp_set_retransmit</STRONG> (Thumb, 18 bytes, Stack size 16 bytes, at_tcp.o(i.tcp_set_retransmit))
<BR><BR>[Stack]<UL><LI>Max Depth = 40<LI>Call Chain = tcp_set_retransmit &rArr; free_mem
</UL>
<BR>[Calls]<UL><LI><a href="#[1ac]">&gt;&gt;</a>&nbsp;&nbsp;&nbsp;free_mem
</UL>
<BR>[Called By]<UL><LI><a href="#[1b6]">&gt;&gt;</a>&nbsp;&nbsp;&nbsp;tcp_process
<LI><a href="#[1e5]">&gt;&gt;</a>&nbsp;&nbsp;&nbsp;tcp_transit
</UL>

<P><STRONG><a name="[1e5]"></a>tcp_transit</STRONG> (Thumb, 108 bytes, Stack size 8 bytes, at_tcp.o(i.tcp_transit))
<BR><BR>[Stack]<UL><LI>Max Depth = 48<LI>Call Chain = tcp_transit &rArr; tcp_set_retransmit &rArr; free_mem
</UL>
<BR>[Calls]<UL><LI><a href="#[1e1]">&gt;&gt;</a>&nbsp;&nbsp;&nbsp;tcp_set_retransmit
</UL>
<BR>[Called By]<UL><LI><a href="#[1b6]">&gt;&gt;</a>&nbsp;&nbsp;&nbsp;tcp_process
</UL>

<P><STRONG><a name="[1c3]"></a>get_crc32</STRONG> (Thumb, 34 bytes, Stack size 8 bytes, at_lib.o(i.get_crc32))
<BR><BR>[Stack]<UL><LI>Max Depth = 8<LI>Call Chain = get_crc32
</UL>
<BR>[Called By]<UL><LI><a href="#[1b1]">&gt;&gt;</a>&nbsp;&nbsp;&nbsp;mem_crc32
</UL>
<P>
<H3>
Undefined Global Symbols
</H3><HR></body></html>
