ARM Linker, 5.03 [Build 76] [MDK-ARM Standard][RL-ARM]

==============================================================================

Section Cross References

    main.o(.text) refers to at_udp.o(i.udp_get_socket) for udp_get_socket
    main.o(.text) refers to at_udp.o(i.udp_open) for udp_open
    main.o(.text) refers to at_system.o(i.main_TcpNet) for main_TcpNet
    main.o(.text) refers to timer.o(.text) for TIM1_Init
    main.o(.text) refers to dev.o(.text) for SRAM_Test
    main.o(.text) refers to led.o(.text) for LED_Flash
    main.o(.text) refers to chan.o(.text) for ControlProc
    main.o(.text) refers to rtx_can.o(.text) for CAN_receive
    main.o(.text) refers to app_can.o(.text) for CAN_Recv_Process
    main.o(.text) refers to gpio.o(.text) for SimCan_ReadBit
    main.o(.text) refers to spi.o(.text) for SPI_Init
    main.o(.text) refers to uartsimcan.o(.text) for SimCan_Init
    main.o(.text) refers to parallelchan.o(.text) for Init_ParallelChan
    main.o(.text) refers to at_system.o(i.init_TcpNet) for init_TcpNet
    main.o(.text) refers to sys_config.o(.text) for Sys_OS_Init
    main.o(.text) refers to at_system.o(i.timer_tick) for timer_tick
    main.o(.text) refers to hal_cm4.o(.emb_text) for os_set_env
    main.o(.text) refers to tcpudp.o(.text) for udp_callback
    main.o(.text) refers to main.o(.data) for socket_udp
    main.o(.text) refers to tcpudp.o(.data) for Loc_PORT
    main.o(.text) refers to sys_config.o(.data) for semETH
    main.o(.text) refers to rt_semaphore.o(i.rt_sem_wait) for rt_sem_wait
    main.o(.text) refers to rt_time.o(i.rt_dly_wait) for rt_dly_wait
    main.o(.text) refers to rt_semaphore.o(i.rt_sem_init) for rt_sem_init
    main.o(.text) refers to sys_config.o(.bss) for SPI_mutex
    main.o(.text) refers to rt_mutex.o(i.rt_mut_init) for rt_mut_init
    main.o(.text) refers to main.o(.constdata) for B8_MASK_N
    main.o(.text) refers to rt_task.o(i.rt_tsk_prio) for rt_tsk_prio
    main.o(.text) refers to main.o(.bss) for ctr_stack
    main.o(.text) refers to rt_task.o(i.rt_tsk_create) for rt_tsk_create
    main.o(.text) refers to rt_task.o(i.rt_sys_init) for rt_sys_init
    tcpudp.o(.text) refers to applayer.o(.text) for App_L1_Process
    tcpudp.o(.text) refers to at_udp.o(i.udp_get_buf) for udp_get_buf
    tcpudp.o(.text) refers to at_udp.o(i.udp_send) for udp_send
    tcpudp.o(.text) refers to led.o(.text) for LED_Flash
    tcpudp.o(.text) refers to tcpudp.o(.bss) for BackBuf
    tcpudp.o(.text) refers to main.o(.data) for gEtherTout
    tcpudp.o(.text) refers to tcpudp.o(.data) for Rem_PORT
    applayer.o(.text) refers to led.o(.text) for LED_Flash
    applayer.o(.text) refers to ethercmd.o(.text) for CMD_CONNECTION_Proc
    applayer.o(.text) refers to applayer.o(.constdata) for crc_tab
    applayer.o(.text) refers to applayer.o(.bss) for L2_Buf
    ethercmd.o(.text) refers to dev.o(.text) for Dev::Test_RemotePC(const unsigned char*)
    ethercmd.o(.text) refers to chanether.o(.text) for Chan::SetDummyRealDate(unsigned char*, unsigned char)
    ethercmd.o(.text) refers to led.o(.text) for LED_Flash
    ethercmd.o(.text) refers to dev.o(.bss) for cDev
    ethercmd.o(.text) refers to chan.o(.bss) for cChan
    ethercmd.o(.text) refers to chan.o(.data) for pRecBackUp
    ethercmd.o(.text) refers to ethercmd.o(.bss) for ProcDataBuf
    ethercmd.o(.text) refers to subchan.o(.text) for SubChan::SetIOData(unsigned char*, unsigned char)
    ethercmd.o(.text) refers to app_can.o(.text) for CanNet_CmdSend
    ethercmd.o(.text) refers to rt_memcpy_v6.o(.text) for __aeabi_memcpy
    ethercmd.o(.text) refers to subchan.o(.bss) for cSubChan
    ethercmd.o(.text) refers to ethercmd.o(.constdata) for B8_MASK_N
    ethercmd.o(.text) refers to sys_config.o(.bss) for MBX_Net2MCan
    ethercmd.o(.text) refers to rt_memcpy_w.o(.text) for __aeabi_memcpy4
    ethercmd.o(.text) refers to hal_cm4.o(.emb_text) for _free_box
    ethercmd.o(.text) refers to ethercmd.o(.data) for rmsg
    ethercmd.o(.text) refers to rt_mailbox.o(i.rt_mbx_wait) for rt_mbx_wait
    ethercmd.o(.text) refers to rt_mailbox.o(i.rt_mbx_check) for rt_mbx_check
    ethercmd.o(.text) refers to rt_mailbox.o(i.rt_mbx_send) for rt_mbx_send
    ethercmd.o(.ARM.exidx) refers to ethercmd.o(.text) for .text
    app_can.o(.text) refers to hal_cm4.o(.emb_text) for _alloc_box
    app_can.o(.text) refers to rtx_can.o(.text) for CAN_init
    app_can.o(.text) refers to can_stm32f40x.o(.text) for CAN_hw_rx_object
    app_can.o(.text) refers to parallelchan.o(.text) for ParallelChan::CanRxProc(unsigned char, unsigned char, int*)
    app_can.o(.text) refers to aeabi_vec_ctor_nocookie_nodtor.o(i.__aeabi_vec_ctor_nocookie_nodtor) for __aeabi_vec_ctor_nocookie_nodtor
    app_can.o(.text) refers to app_can.o(.bss) for cCAN
    app_can.o(.text) refers to sys_config.o(.bss) for CanNet_mpool
    app_can.o(.text) refers to rt_mailbox.o(i.rt_mbx_check) for rt_mbx_check
[...]
    TASK_CAN2                                0x080004df   Thumb Code    86  main.o(.text)
    main_task                                0x08000535   Thumb Code   260  main.o(.text)
    main                                     0x08000639   Thumb Code    22  main.o(.text)
    Delay                                    0x0800064f   Thumb Code    10  main.o(.text)
    OsError_Display                          0x08000659   Thumb Code   184  main.o(.text)
    HardFault_Display                        0x08000711   Thumb Code   186  main.o(.text)
    Udpproc_data                             0x08000885   Thumb Code   146  tcpudp.o(.text)
    RemIP_Test                               0x08000917   Thumb Code     8  tcpudp.o(.text)
    udp_callback                             0x0800091f   Thumb Code    84  tcpudp.o(.text)
    App_Er_Process                           0x08000989   Thumb Code    76  applayer.o(.text)
    Crc16                                    0x080009d5   Thumb Code    40  applayer.o(.text)
    App_L3_Process                           0x080009fd   Thumb Code   852  applayer.o(.text)
    App_L2_Process                           0x08000d51   Thumb Code   144  applayer.o(.text)
    App_L1_Process                           0x08000de1   Thumb Code   904  applayer.o(.text)
    CMD_CONNECTION_Proc                      0x08001171   Thumb Code    88  ethercmd.o(.text)
    CMD_RD_REALDATA_Proc                     0x080011c9   Thumb Code  1480  ethercmd.o(.text)
    CMD_CIRCUIT_CTRL_Proc                    0x08001791   Thumb Code   160  ethercmd.o(.text)
    Chk_StartHead(_strStartCmd_*)            0x08001831   Thumb Code   118  ethercmd.o(.text)
    Chk_StpProg(_strStpPrg_, unsigned char)  0x080018a7   Thumb Code   102  ethercmd.o(.text)
    CMD_CIRCUIT_START_Proc                   0x0800190d   Thumb Code   578  ethercmd.o(.text)
    CMD_MODIFY_DEVINFO_Proc                  0x08001b4f   Thumb Code     6  ethercmd.o(.text)
    CMD_CFG_MAC_IP_Proc                      0x08001b55   Thumb Code     6  ethercmd.o(.text)
    CMD_RD_DEV_MAC_IP_Proc                   0x08001b5b   Thumb Code    28  ethercmd.o(.text)
    CMD_RD_HIP_SMAC_Proc                     0x08001b77   Thumb Code    48  ethercmd.o(.text)
    CMD_RQ_HOSTCTRL_Proc                     0x08001ba7   Thumb Code    94  ethercmd.o(.text)
    CMD_RD_ChanInfo_Proc                     0x08001c05   Thumb Code   542  ethercmd.o(.text)
    CMD_WR_ChanInfo_Proc                     0x08001e23   Thumb Code   540  ethercmd.o(.text)
    CMD_RD_CtrlCfg_Proc                      0x0800203f   Thumb Code    48  ethercmd.o(.text)
    CMD_WR_CtrlCfg_Proc                      0x0800206f   Thumb Code    74  ethercmd.o(.text)
    CMD_RD_SubChHCfg_Proc                    0x080020b9   Thumb Code    62  ethercmd.o(.text)
    CMD_WR_SubChHCfg_Proc                    0x080020f7   Thumb Code    80  ethercmd.o(.text)
    CMD_RD_SubChSCfg_Proc                    0x08002147   Thumb Code    62  ethercmd.o(.text)
    CMD_WR_SubChSCfg_Proc                    0x08002185   Thumb Code   116  ethercmd.o(.text)
    CMD_RESET_Dev_Proc                       0x080021f9   Thumb Code    42  ethercmd.o(.text)
    CMD_RD_SubChReal_Proc                    0x08002223   Thumb Code    18  ethercmd.o(.text)
    Check_SubAddr                            0x08002235   Thumb Code   126  ethercmd.o(.text)
    CMD_RD_SubChInfo_Proc                    0x080022b3   Thumb Code   542  ethercmd.o(.text)
    CMD_WR_SubChInfo_Proc                    0x080024d1   Thumb Code   662  ethercmd.o(.text)
    CMD_CommTransfer_Proc                    0x08002767   Thumb Code    40  ethercmd.o(.text)
    CMD_Transparent_Proc                     0x0800278f   Thumb Code   508  ethercmd.o(.text)
    CANCtrl::Get_WorkInfo()                  0x080029cd   Thumb Code     6  app_can.o(.text)
    Get_CANWorkInfo                          0x080029d3   Thumb Code    20  app_can.o(.text)
    CanNet_CmdSend                           0x080029e7   Thumb Code   150  app_can.o(.text)
    CanNet_MsgSend                           0x08002a7d   Thumb Code    80  app_can.o(.text)
    CANCtrl::Hard_Init()                     0x08002acd   Thumb Code    52  app_can.o(.text)
    CAN_Init                                 0x08002b01   Thumb Code    38  app_can.o(.text)
    CANCtrl::Recv_In(CAN_msg*)               0x08002b27   Thumb Code    88  app_can.o(.text)
    CAN_Recv_Process                         0x08002b7f   Thumb Code    32  app_can.o(.text)
    CANCtrl::Send_Out()                      0x08002b9f   Thumb Code   298  app_can.o(.text)
    CAN_Send_Process                         0x08002cc9   Thumb Code    28  app_can.o(.text)
    CANCtrl::CANCtrl()                       0x08002ce5   Thumb Code    80  app_can.o(.text)
    CANCtrl::CANCtrl__sub_object()           0x08002ce5   Thumb Code     0  app_can.o(.text)
    TstDevExfun                              0x08002d81   Thumb Code    18  dev.o(.text)
    Dev::SetGblFault(unsigned)               0x08002d93   Thumb Code    16  dev.o(.text)
    SRAM_Test                                0x08002da3   Thumb Code    50  dev.o(.text)
    IP_Reset_Test                            0x08002dd5   Thumb Code   208  dev.o(.text)
    Dev::ReflashNetCfg()                     0x08002ea5   Thumb Code   104  dev.o(.text)
    Dev::LoadNetInfo()                       0x08002f0d   Thumb Code   144  dev.o(.text)
    Dev::CheckSampTbl(const _strSampTbl_*, unsigned char) 0x08002f9d   Thumb Code   556  dev.o(.text)
    Dev::LoadSampCfg()                       0x080031c9   Thumb Code   250  dev.o(.text)
    Dev::CheckSchHdCfg(unsigned char, const unsigned char*) 0x080032c3   Thumb Code     8  dev.o(.text)
    Dev::LoadSchHdCfg(unsigned char)         0x080032cb   Thumb Code   716  dev.o(.text)
    Dev::LoadSubChCfg()                      0x08003597   Thumb Code    84  dev.o(.text)
    Dev::InitHostCtrl()                      0x080035eb   Thumb Code    46  dev.o(.text)
    Dev::CheckHostCtrl(const _strHostCtrl_*) 0x08003619   Thumb Code    16  dev.o(.text)
    Dev::LoadHostCtrl()                      0x08003629   Thumb Code    88  dev.o(.text)
    Dev::PackLenSetProc()                    0x08003681   Thumb Code   146  dev.o(.text)
    Dev::CheckDevInfo(const _strDevInfo_*)   0x08003713   Thumb Code   780  dev.o(.text)
    Dev::LoadDevInfo()                       0x08003a1f   Thumb Code   252  dev.o(.text)
    Dev::CheckCtrlCfg(const _strCtrlCfg_*)   0x08003b1b   Thumb Code   664  dev.o(.text)
    Dev::LoadCtrlCfg()                       0x08003db3   Thumb Code   330  dev.o(.text)
    Init_Dev                                 0x08003efd   Thumb Code    80  dev.o(.text)
    Dev::RstGblFault(unsigned)               0x08003f4d   Thumb Code    16  dev.o(.text)
    Dev::Dev()                               0x08003f5d   Thumb Code   526  dev.o(.text)
    Dev::Dev__sub_object()                   0x08003f5d   Thumb Code     0  dev.o(.text)
    Dev::Rd_DevInfo(unsigned char*, unsigned char) 0x0800416b   Thumb Code  1186  dev.o(.text)
    Dev::Wr_DevInfo(unsigned char*)          0x0800460d   Thumb Code   616  dev.o(.text)
    Dev::SaveDevInfo()                       0x08004875   Thumb Code   108  dev.o(.text)
    Dev::SaveHostCtrl()                      0x080048e1   Thumb Code    92  dev.o(.text)
    Dev::CopyCtrlCfg(unsigned char*)         0x0800493d   Thumb Code    34  dev.o(.text)
    Dev::SaveCtrlCfg(unsigned char*)         0x0800495f   Thumb Code    86  dev.o(.text)
    Dev::CopySubHdCfg(unsigned char*, unsigned char) 0x080049b5   Thumb Code   166  dev.o(.text)
    Dev::SaveSubHdCfg(unsigned char*, unsigned char) 0x08004a5b   Thumb Code   910  dev.o(.text)
    Dev::CheckSubChCfg(const _strSubChCfg_*) 0x08004de9   Thumb Code    18  dev.o(.text)
    Dev::CopySchHdCfg(unsigned char, unsigned char*) 0x08004dfb   Thumb Code     8  dev.o(.text)
    Dev::SaveSchHdCfg(unsigned char, unsigned char*) 0x08004e03   Thumb Code     8  dev.o(.text)
    Dev::CopySampCfg(unsigned char*)         0x08004e0b   Thumb Code     6  dev.o(.text)
    Dev::SaveSampCfg(unsigned char*)         0x08004e11   Thumb Code     6  dev.o(.text)
    Dev::CheckNetInfo(const _strLocalM_*)    0x08004e17   Thumb Code    18  dev.o(.text)
    Dev::Test_AnyChRunning()                 0x08004e29   Thumb Code    90  dev.o(.text)
    Dev::SetMACIP(unsigned char*)            0x08004e83   Thumb Code   170  dev.o(.text)
    Dev::GetMACIP(unsigned char*)            0x08004f2d   Thumb Code    86  dev.o(.text)
    Dev::SetUIMark(unsigned char*)           0x08004f83   Thumb Code    28  dev.o(.text)
    Dev::RD_HIP_SMAC_Proc(unsigned char*, unsigned char) 0x08004f9f   Thumb Code   184  dev.o(.text)
    Dev::GetRTC()                            0x08005057   Thumb Code     2  dev.o(.text)
    Dev::Test_RemotePC(const unsigned char*) 0x08005059   Thumb Code   286  dev.o(.text)
    Dev::EmptyPCSlaCtrl(unsigned char)       0x08005177   Thumb Code   120  dev.o(.text)
    Dev::PCSlaTout()                         0x080051ef   Thumb Code   110  dev.o(.text)
    Dev::GetGblFault() const                 0x0800525d   Thumb Code    10  dev.o(.text)
    Get_RenewLine(unsigned short)            0x08005275   Thumb Code    70  chan.o(.text)
    Chan::RecPtrRst()                        0x080052bb   Thumb Code    40  chan.o(.text)
    ChanRecPtrRstProc                        0x080052e3   Thumb Code    34  chan.o(.text)
    Chan::Get_ViTiExtremum()                 0x08005305   Thumb Code   368  chan.o(.text)
    Chan::TickControlProc()                  0x08005475   Thumb Code   282  chan.o(.text)
    ControlProc                              0x0800558f   Thumb Code    40  chan.o(.text)
    Chan::Init_PdCntDn()                     0x080055b7   Thumb Code    20  chan.o(.text)
    Chan::Init_WkData()                      0x080055cb   Thumb Code    92  chan.o(.text)
    Chan::Clear_Program()                    0x08005627   Thumb Code    44  chan.o(.text)
    Chan::Init_PdData()                      0x08005653   Thumb Code   380  chan.o(.text)
    Chan::Test_PdData()                      0x080057cf   Thumb Code   144  chan.o(.text)
    Chan::Init_PdMark()                      0x0800585f   Thumb Code    10  chan.o(.text)
    Chan::Test_PdMark()                      0x08005869   Thumb Code    22  chan.o(.text)
    Chan::ClrCanExData()                     0x0800587f   Thumb Code    18  chan.o(.text)
    Chan::ClrCanCtrlData(unsigned char*)     0x08005891   Thumb Code    16  chan.o(.text)
    Chan::Chan()                             0x080058a1   Thumb Code   480  chan.o(.text)
    Chan::Chan__sub_object()                 0x080058a1   Thumb Code     0  chan.o(.text)
    Chan::Test_WkStat(unsigned char)         0x08005a81   Thumb Code    98  chan.o(.text)
    Chan::Test_PdResumeMode()                0x08005ae3   Thumb Code    26  chan.o(.text)
    Chan::Set_PdWkState()                    0x08005afd   Thumb Code   254  chan.o(.text)
    Chan::SetTiNum(unsigned char)            0x08005bfb   Thumb Code     2  chan.o(.text)
    Chan::Save_Program()                     0x08005bfd   Thumb Code   484  chan.o(.text)
    Chan::Save_RenewStp(unsigned short)      0x08005de1   Thumb Code    14  chan.o(.text)
    Chan::PrgRcvStartCtrl(unsigned short)    0x08005def   Thumb Code    94  chan.o(.text)
    Chan::GetCtrlData() const                0x08005e4d   Thumb Code    20  chan.o(.text)
    Chan::GetOutBit(unsigned char)           0x08005e61   Thumb Code   152  chan.o(.text)
    Chan::Test_RealAbn()                     0x08005ef9   Thumb Code    10  chan.o(.text)
    Chan::Set_RealAbn(unsigned short)        0x08005f03   Thumb Code     8  chan.o(.text)
    Chan::Set_RealCur(float)                 0x08005f0b   Thumb Code    42  chan.o(.text)
    Chan::Set_InstCur(int)                   0x08005f35   Thumb Code    38  chan.o(.text)
    Chan::Set_RealVol(float)                 0x08005f5b   Thumb Code    10  chan.o(.text)
    Chan::Set_InstVol(int)                   0x08005f65   Thumb Code    38  chan.o(.text)
    Chan::GetSimSetVol()                     0x08005f8b   Thumb Code   122  chan.o(.text)
    Chan::Set_RealTemp(short)                0x08006005   Thumb Code    30  chan.o(.text)
    Chan::Set_RealPow()                      0x08006023   Thumb Code     2  chan.o(.text)
    Chan::Set_RealRes()                      0x08006025   Thumb Code     2  chan.o(.text)
    Chan::Set_RealEngy(float)                0x08006027   Thumb Code    10  chan.o(.text)
    Chan::Set_RealMVi(int)                   0x08006031   Thumb Code    22  chan.o(.text)
    Chan::Set_RealMTi(int)                   0x08006047   Thumb Code    22  chan.o(.text)
    Chan::Set_Stat(unsigned)                 0x0800605d   Thumb Code     8  chan.o(.text)
    Chan::Set_ExData(int, int)               0x08006065   Thumb Code   128  chan.o(.text)
    Chan::SmokeSemSend()                     0x080060e5   Thumb Code    16  chan.o(.text)
    Chan::InPlaceSemSend()                   0x080060f5   Thumb Code    16  chan.o(.text)
    Chan::ManualCtrl(unsigned char*)         0x08006129   Thumb Code   688  chanether.o(.text)
    Chan::CoverReadPoint()                   0x080063d9   Thumb Code    14  chanether.o(.text)
    Chan::RecoverReadPoint()                 0x080063e7   Thumb Code    14  chanether.o(.text)
    Chan::GetLoadPackLen(unsigned short) const 0x080063f5   Thumb Code    38  chanether.o(.text)
    Chan::GetUnReadRecNum() const            0x0800641b   Thumb Code    66  chanether.o(.text)
    Chan::GetReadRecType() const             0x0800645d   Thumb Code    42  chanether.o(.text)
    Chan::SetDummyRealDate(unsigned char*, unsigned char) 0x08006487   Thumb Code   306  chanether.o(.text)
    Chan::SetXitem(unsigned char*, unsigned) 0x080065b9   Thumb Code   282  chanether.o(.text)
    Chan::SetRealDate(unsigned char*)        0x080066d3   Thumb Code   804  chanether.o(.text)
    Chan::SetOneRec(unsigned char*)          0x080069f7   Thumb Code   934  chanether.o(.text)
    Chan::SetProcRec(unsigned char*)         0x08006d9d   Thumb Code   370  chanether.o(.text)
    Chan::RdRate(unsigned char*)             0x08006f0f   Thumb Code    12  chanether.o(.text)
    Chan::WrRate(unsigned char*)             0x08006f1b   Thumb Code    12  chanether.o(.text)
    Chan::RdCalib(unsigned char*)            0x08006f27   Thumb Code    12  chanether.o(.text)
    Chan::WrCalib(unsigned char*)            0x08006f33   Thumb Code    12  chanether.o(.text)
    ParallelChan::InitNodeTbl()              0x08006f4d   Thumb Code   110  parallelchan.o(.text)
    ParallelChan::LoadNodeTbl()              0x08006fbb   Thumb Code    18  parallelchan.o(.text)
    Init_ParallelChan                        0x08006fcd   Thumb Code    10  parallelchan.o(.text)
    ParallelChan::ParallelChan()             0x08006fd7   Thumb Code    80  parallelchan.o(.text)
    ParallelChan::ParallelChan__sub_object() 0x08006fd7   Thumb Code     0  parallelchan.o(.text)
    ParallelChan::SaveNodeTbl(unsigned char*) 0x08007027   Thumb Code     6  parallelchan.o(.text)
    ParallelChan::CheckNodeTbl(_strNodeTbl_*) 0x0800702d   Thumb Code   108  parallelchan.o(.text)
    ParallelChan::GetConnectStat(unsigned char) 0x08007099   Thumb Code     8  parallelchan.o(.text)
    ParallelChan::CanOffTest(unsigned char, short) 0x080070a1   Thumb Code    78  parallelchan.o(.text)
    ParallelChan::ClrCanData(unsigned char)  0x080070ef   Thumb Code    28  parallelchan.o(.text)
    ParallelChan::CanConnectTxProc(unsigned char, CAN_msg*) 0x0800710b   Thumb Code    90  parallelchan.o(.text)
    ParallelChan::CanTxProc(unsigned char, unsigned char, unsigned char, CAN_msg*) 0x08007165   Thumb Code   966  parallelchan.o(.text)
    ParallelChan::CanRxProc(unsigned char, unsigned char, int*) 0x0800752b   Thumb Code  1064  parallelchan.o(.text)
    ParallelChan::AllocCanData(_strCanCtrl_) 0x08007953   Thumb Code    22  parallelchan.o(.text)
    SubChan::SubChan()                       0x0800797d   Thumb Code   194  subchan.o(.text)
    SubChan::SubChan__sub_object()           0x0800797d   Thumb Code     0  subchan.o(.text)
    SubChan::CanSendProc(CAN_msg*)           0x08007a3f   Thumb Code    40  subchan.o(.text)
    SubChan::SetIOData(unsigned char*, unsigned char) 0x08007a67   Thumb Code   106  subchan.o(.text)
    CAN_init                                 0x08007ae9   Thumb Code   146  rtx_can.o(.text)
    CAN_start                                0x08007b7b   Thumb Code    32  rtx_can.o(.text)
    CAN_send                                 0x08007c41   Thumb Code    52  rtx_can.o(.text)
    CAN_request                              0x08007c75   Thumb Code    24  rtx_can.o(.text)
    CAN_set                                  0x08007c8d   Thumb Code    80  rtx_can.o(.text)
    CAN_receive                              0x08007d1f   Thumb Code    20  rtx_can.o(.text)
    CAN_rx_object                            0x08007d33   Thumb Code    28  rtx_can.o(.text)
    CAN_tx_object                            0x08007d4f   Thumb Code    20  rtx_can.o(.text)
    sys_error                                0x08007d95   Thumb Code   164  net_config.o(.text)
    init_system                              0x08007e39   Thumb Code    26  net_config.o(.text)
    run_system                               0x08007e53   Thumb Code    18  net_config.o(.text)
    igmp_is_member                           0x08007e65   Thumb Code     4  net_config.o(.text)
    igmp_process                             0x08007e69   Thumb Code     2  net_config.o(.text)
    dhcp_disable                             0x08007e6b   Thumb Code     2  net_config.o(.text)
    ppp_send_frame                           0x08007e6d   Thumb Code     4  net_config.o(.text)
    slip_send_frame                          0x08007e71   Thumb Code     4  net_config.o(.text)
    tcp_config                               0x08007e75   Thumb Code     2  net_config.o(.text)
    os_idle_demon                            0x08007e79   Thumb Code     4  rtx_config.o(.text)
    os_tmr_call                              0x08007e7d   Thumb Code     2  rtx_config.o(.text)
    os_error                                 0x08007e7f   Thumb Code    38  rtx_config.o(.text)
    __user_perthread_libspace                0x08007ea5   Thumb Code    26  rtx_config.o(.text)
    _mutex_initialize                        0x08007ebf   Thumb Code    38  rtx_config.o(.text)
    _mutex_acquire                           0x08007ee5   Thumb Code    26  rtx_config.o(.text)
    _mutex_release                           0x08007eff   Thumb Code    22  rtx_config.o(.text)
    Sys_OS_Init                              0x08007f2d   Thumb Code    68  sys_config.o(.text)
    Reset_Handler                            0x08007f91   Thumb Code     8  startup_stm32f4xx.o(.text)
    NMI_Handler                              0x08007f99   Thumb Code     2  startup_stm32f4xx.o(.text)
    MemManage_Handler                        0x08007f9d   Thumb Code     2  startup_stm32f4xx.o(.text)
    BusFault_Handler                         0x08007f9f   Thumb Code     2  startup_stm32f4xx.o(.text)
    UsageFault_Handler                       0x08007fa1   Thumb Code     2  startup_stm32f4xx.o(.text)
    DebugMon_Handler                         0x08007fa5   Thumb Code     2  startup_stm32f4xx.o(.text)
    ADC_IRQHandler                           0x08007fab   Thumb Code     0  startup_stm32f4xx.o(.text)
    CAN1_RX1_IRQHandler                      0x08007fab   Thumb Code     0  startup_stm32f4xx.o(.text)
    CAN1_SCE_IRQHandler                      0x08007fab   Thumb Code     0  startup_stm32f4xx.o(.text)
    CAN2_RX1_IRQHandler                      0x08007fab   Thumb Code     0  startup_stm32f4xx.o(.text)
    CAN2_SCE_IRQHandler                      0x08007fab   Thumb Code     0  startup_stm32f4xx.o(.text)
    CRYP_IRQHandler                          0x08007fab   Thumb Code     0  startup_stm32f4xx.o(.text)
    DCMI_IRQHandler                          0x08007fab   Thumb Code     0  startup_stm32f4xx.o(.text)
    DMA1_Stream0_IRQHandler                  0x08007fab   Thumb Code     0  startup_stm32f4xx.o(.text)
    DMA1_Stream1_IRQHandler                  0x08007fab   Thumb Code     0  startup_stm32f4xx.o(.text)
    DMA1_Stream2_IRQHandler                  0x08007fab   Thumb Code     0  startup_stm32f4xx.o(.text)
    DMA1_Stream4_IRQHandler                  0x08007fab   Thumb Code     0  startup_stm32f4xx.o(.text)
    DMA1_Stream5_IRQHandler                  0x08007fab   Thumb Code     0  startup_stm32f4xx.o(.text)
    DMA1_Stream6_IRQHandler                  0x08007fab   Thumb Code     0  startup_stm32f4xx.o(.text)
    DMA1_Stream7_IRQHandler                  0x08007fab   Thumb Code     0  startup_stm32f4xx.o(.text)
    DMA2_Stream0_IRQHandler                  0x08007fab   Thumb Code     0  startup_stm32f4xx.o(.text)
    DMA2_Stream1_IRQHandler                  0x08007fab   Thumb Code     0  startup_stm32f4xx.o(.text)
    DMA2_Stream2_IRQHandler                  0x08007fab   Thumb Code     0  startup_stm32f4xx.o(.text)
    DMA2_Stream3_IRQHandler                  0x08007fab   Thumb Code     0  startup_stm32f4xx.o(.text)
    DMA2_Stream4_IRQHandler                  0x08007fab   Thumb Code     0  startup_stm32f4xx.o(.text)
    DMA2_Stream5_IRQHandler                  0x08007fab   Thumb Code     0  startup_stm32f4xx.o(.text)
    DMA2_Stream6_IRQHandler                  0x08007fab   Thumb Code     0  startup_stm32f4xx.o(.text)
    ETH_WKUP_IRQHandler                      0x08007fab   Thumb Code     0  startup_stm32f4xx.o(.text)
    EXTI0_IRQHandler                         0x08007fab   Thumb Code     0  startup_stm32f4xx.o(.text)
    EXTI15_10_IRQHandler                     0x08007fab   Thumb Code     0  startup_stm32f4xx.o(.text)
    EXTI1_IRQHandler                         0x08007fab   Thumb Code     0  startup_stm32f4xx.o(.text)
    EXTI2_IRQHandler                         0x08007fab   Thumb Code     0  startup_stm32f4xx.o(.text)
    EXTI3_IRQHandler                         0x08007fab   Thumb Code     0  startup_stm32f4xx.o(.text)
    EXTI4_IRQHandler                         0x08007fab   Thumb Code     0  startup_stm32f4xx.o(.text)
    EXTI9_5_IRQHandler                       0x08007fab   Thumb Code     0  startup_stm32f4xx.o(.text)
    FLASH_IRQHandler                         0x08007fab   Thumb Code     0  startup_stm32f4xx.o(.text)
    FPU_IRQHandler                           0x08007fab   Thumb Code     0  startup_stm32f4xx.o(.text)
    FSMC_IRQHandler                          0x08007fab   Thumb Code     0  startup_stm32f4xx.o(.text)
    HASH_RNG_IRQHandler                      0x08007fab   Thumb Code     0  startup_stm32f4xx.o(.text)
    I2C1_ER_IRQHandler                       0x08007fab   Thumb Code     0  startup_stm32f4xx.o(.text)
    I2C1_EV_IRQHandler                       0x08007fab   Thumb Code     0  startup_stm32f4xx.o(.text)
    I2C2_ER_IRQHandler                       0x08007fab   Thumb Code     0  startup_stm32f4xx.o(.text)
    I2C2_EV_IRQHandler                       0x08007fab   Thumb Code     0  startup_stm32f4xx.o(.text)
    I2C3_ER_IRQHandler                       0x08007fab   Thumb Code     0  startup_stm32f4xx.o(.text)
    I2C3_EV_IRQHandler                       0x08007fab   Thumb Code     0  startup_stm32f4xx.o(.text)
    OTG_FS_IRQHandler                        0x08007fab   Thumb Code     0  startup_stm32f4xx.o(.text)
    OTG_FS_WKUP_IRQHandler                   0x08007fab   Thumb Code     0  startup_stm32f4xx.o(.text)
    OTG_HS_EP1_IN_IRQHandler                 0x08007fab   Thumb Code     0  startup_stm32f4xx.o(.text)
    OTG_HS_EP1_OUT_IRQHandler                0x08007fab   Thumb Code     0  startup_stm32f4xx.o(.text)
    OTG_HS_IRQHandler                        0x08007fab   Thumb Code     0  startup_stm32f4xx.o(.text)
    OTG_HS_WKUP_IRQHandler                   0x08007fab   Thumb Code     0  startup_stm32f4xx.o(.text)
    PVD_IRQHandler                           0x08007fab   Thumb Code     0  startup_stm32f4xx.o(.text)
    RCC_IRQHandler                           0x08007fab   Thumb Code     0  startup_stm32f4xx.o(.text)
    RTC_Alarm_IRQHandler                     0x08007fab   Thumb Code     0  startup_stm32f4xx.o(.text)
    RTC_WKUP_IRQHandler                      0x08007fab   Thumb Code     0  startup_stm32f4xx.o(.text)
    SDIO_IRQHandler                          0x08007fab   Thumb Code     0  startup_stm32f4xx.o(.text)
    SPI1_IRQHandler                          0x08007fab   Thumb Code     0  startup_stm32f4xx.o(.text)
    SPI3_IRQHandler                          0x08007fab   Thumb Code     0  startup_stm32f4xx.o(.text)
    TAMP_STAMP_IRQHandler                    0x08007fab   Thumb Code     0  startup_stm32f4xx.o(.text)
    TIM1_BRK_TIM9_IRQHandler                 0x08007fab   Thumb Code     0  startup_stm32f4xx.o(.text)
    TIM1_CC_IRQHandler                       0x08007fab   Thumb Code     0  startup_stm32f4xx.o(.text)
    TIM1_TRG_COM_TIM11_IRQHandler            0x08007fab   Thumb Code     0  startup_stm32f4xx.o(.text)
    TIM4_IRQHandler                          0x08007fab   Thumb Code     0  startup_stm32f4xx.o(.text)
    TIM5_IRQHandler                          0x08007fab   Thumb Code     0  startup_stm32f4xx.o(.text)
    TIM6_DAC_IRQHandler                      0x08007fab   Thumb Code     0  startup_stm32f4xx.o(.text)
    TIM7_IRQHandler                          0x08007fab   Thumb Code     0  startup_stm32f4xx.o(.text)
    TIM8_BRK_TIM12_IRQHandler                0x08007fab   Thumb Code     0  startup_stm32f4xx.o(.text)
    TIM8_CC_IRQHandler                       0x08007fab   Thumb Code     0  startup_stm32f4xx.o(.text)
    TIM8_TRG_COM_TIM14_IRQHandler            0x08007fab   Thumb Code     0  startup_stm32f4xx.o(.text)
    TIM8_UP_TIM13_IRQHandler                 0x08007fab   Thumb Code     0  startup_stm32f4xx.o(.text)
    UART4_IRQHandler                         0x08007fab   Thumb Code     0  startup_stm32f4xx.o(.text)
    UART5_IRQHandler                         0x08007fab   Thumb Code     0  startup_stm32f4xx.o(.text)
    USART2_IRQHandler                        0x08007fab   Thumb Code     0  startup_stm32f4xx.o(.text)
    USART6_IRQHandler                        0x08007fab   Thumb Code     0  startup_stm32f4xx.o(.text)
    __user_initial_stackheap                 0x08007fad   Thumb Code     0  startup_stm32f4xx.o(.text)
    FSMC_NORSRAMCmd                          0x080080ab   Thumb Code    46  system_stm32f4xx.o(.text)
    FSMC_NORSRAMInit                         0x080080d9   Thumb Code   220  system_stm32f4xx.o(.text)
    SystemInit                               0x080082b7   Thumb Code    92  system_stm32f4xx.o(.text)
    SystemCoreClockUpdate                    0x08008313   Thumb Code   274  system_stm32f4xx.o(.text)
    init_ethernet                            0x08008533   Thumb Code   644  eth_stm32f4xx.o(.text)
    int_enable_eth                           0x080087b7   Thumb Code    10  eth_stm32f4xx.o(.text)
    int_disable_eth                          0x080087c1   Thumb Code    10  eth_stm32f4xx.o(.text)
    send_frame                               0x080087cb   Thumb Code   222  eth_stm32f4xx.o(.text)
    ETH_IRQHandler                           0x080088a9   Thumb Code   204  eth_stm32f4xx.o(.text)
    CAN_hw_setup                             0x08008a1b   Thumb Code   370  can_stm32f40x.o(.text)
    CAN_hw_init                              0x08008b8d   Thumb Code    50  can_stm32f40x.o(.text)
    CAN_hw_start                             0x08008bbf   Thumb Code    32  can_stm32f40x.o(.text)
    CAN_hw_testmode                          0x08008bdf   Thumb Code    36  can_stm32f40x.o(.text)
    CAN_hw_tx_empty                          0x08008c03   Thumb Code   108  can_stm32f40x.o(.text)
    CAN_hw_wr                                0x08008c6f   Thumb Code   404  can_stm32f40x.o(.text)
    CAN_hw_set                               0x08008ead   Thumb Code     6  can_stm32f40x.o(.text)
    CAN_hw_rx_object                         0x08009125   Thumb Code   188  can_stm32f40x.o(.text)
    CAN_hw_tx_object                         0x080091e1   Thumb Code     6  can_stm32f40x.o(.text)
    CAN1_TX_IRQHandler                       0x080091e7   Thumb Code    76  can_stm32f40x.o(.text)
    CAN1_RX0_IRQHandler                      0x08009233   Thumb Code    68  can_stm32f40x.o(.text)
    CAN2_TX_IRQHandler                       0x08009277   Thumb Code    80  can_stm32f40x.o(.text)
    CAN2_RX0_IRQHandler                      0x080092c7   Thumb Code    72  can_stm32f40x.o(.text)
    LED_Off                                  0x08009341   Thumb Code    32  led.o(.text)
    LED_Init                                 0x08009361   Thumb Code   244  led.o(.text)
    LED_On                                   0x08009455   Thumb Code    36  led.o(.text)
    LED_Flash                                0x08009479   Thumb Code    48  led.o(.text)
    LED_AllOn                                0x080094a9   Thumb Code    20  led.o(.text)
    SPI_CS                                   0x080094e9   Thumb Code    52  spi.o(.text)
    SPI_ByteWr                               0x0800951d   Thumb Code    42  spi.o(.text)
    SPI_WrSR                                 0x08009547   Thumb Code    18  spi.o(.text)
    SPI_HOLD                                 0x08009559   Thumb Code    52  spi.o(.text)
    MRAM_Init                                0x0800958d   Thumb Code    96  spi.o(.text)
    SPI_Init                                 0x080095ed   Thumb Code   272  spi.o(.text)
    SPI_ByteRd                               0x080096fd   Thumb Code    10  spi.o(.text)
    SPI_RdSR                                 0x08009707   Thumb Code    20  spi.o(.text)
    Is_WrBusy                                0x0800971b   Thumb Code    12  spi.o(.text)
    SPI_Rd                                   0x08009727   Thumb Code    60  spi.o(.text)
    SPI_Wr                                   0x08009763   Thumb Code    60  spi.o(.text)
    SPI2_IRQHandler                          0x0800979f   Thumb Code     2  spi.o(.text)
    MRAM_RdSR                                0x080097a1   Thumb Code    30  spi.o(.text)
    MRAM_WrSR                                0x080097bf   Thumb Code    30  spi.o(.text)
    MRAM_Rd                                  0x080097dd   Thumb Code    46  spi.o(.text)
    MRAM_Wr                                  0x0800980b   Thumb Code    48  spi.o(.text)
    GPIO_Init                                0x08009861   Thumb Code   314  gpio.o(.text)
    GPIO_SetBits                             0x0800999b   Thumb Code     4  gpio.o(.text)
    GPIO_ResetBits                           0x0800999f   Thumb Code     4  gpio.o(.text)
    GPIO_WriteBit                            0x080099a3   Thumb Code    10  gpio.o(.text)
    GPIO_Write                               0x080099ad   Thumb Code     4  gpio.o(.text)
    NetRst_Read                              0x080099b1   Thumb Code    14  gpio.o(.text)
    FuncSel_ReadBit                          0x080099bf   Thumb Code   138  gpio.o(.text)
    FuncSel_ReadWord                         0x08009a49   Thumb Code    52  gpio.o(.text)
    SimCan_ReadBit                           0x08009a7d   Thumb Code   492  gpio.o(.text)
    TIM1_Init                                0x08009c69   Thumb Code    84  timer.o(.text)
    TIM1_UP_TIM10_IRQHandler                 0x08009cbd   Thumb Code    32  timer.o(.text)
    IWdg_Init                                0x08009cf1   Thumb Code    30  watchdog.o(.text)
    WWDG_IRQHandler                          0x08009d0f   Thumb Code     2  watchdog.o(.text)
    HardFault_Handler                        0x08009d11   Thumb Code     8  watchdog.o(.text)
    Uart1SimCan_Init                         0x08009d3d   Thumb Code   338  uartsimcan.o(.text)
    DMA2_Stream7_IRQHandler                  0x08009e8f   Thumb Code    46  uartsimcan.o(.text)
    USART1_IRQHandler                        0x08009ebd   Thumb Code   234  uartsimcan.o(.text)
    Uart3SimCan_Init                         0x08009fa7   Thumb Code   344  uartsimcan.o(.text)
    DMA1_Stream3_IRQHandler                  0x0800a0ff   Thumb Code   110  uartsimcan.o(.text)
    USART3_IRQHandler                        0x0800a16d   Thumb Code   226  uartsimcan.o(.text)
    TIM2_IRQHandler                          0x0800a24f   Thumb Code    66  uartsimcan.o(.text)
    TIM2_Init                                0x0800a291   Thumb Code    90  uartsimcan.o(.text)
    TIM3_IRQHandler                          0x0800a2eb   Thumb Code    64  uartsimcan.o(.text)
    TIM3_Init                                0x0800a32b   Thumb Code   124  uartsimcan.o(.text)
    SimCan_Init                              0x0800a3a7   Thumb Code    34  uartsimcan.o(.text)
    SimCAN_hw_wr                             0x0800a3c9   Thumb Code   204  uartsimcan.o(.text)
    SimCAN_push                              0x0800a495   Thumb Code    52  uartsimcan.o(.text)
    __user_libspace                          0x0800a51d   Thumb Code     8  libspace.o(.text)
    __user_perproc_libspace                  0x0800a51d   Thumb Code     0  libspace.o(.text)
    __aeabi_memcpy                           0x0800a525   Thumb Code     0  rt_memcpy_v6.o(.text)
    __rt_memcpy                              0x0800a525   Thumb Code   138  rt_memcpy_v6.o(.text)
    _memcpy_lastbytes                        0x0800a58b   Thumb Code     0  rt_memcpy_v6.o(.text)
    __aeabi_memcpy4                          0x0800a5af   Thumb Code     0  rt_memcpy_w.o(.text)
    __aeabi_memcpy8                          0x0800a5af   Thumb Code     0  rt_memcpy_w.o(.text)
    __rt_memcpy_w                            0x0800a5af   Thumb Code   100  rt_memcpy_w.o(.text)
    _memcpy_lastbytes_aligned                0x0800a5f7   Thumb Code     0  rt_memcpy_w.o(.text)
    __aeabi_memclr                           0x0800a613   Thumb Code     0  rt_memclr.o(.text)
    __rt_memclr                              0x0800a613   Thumb Code    68  rt_memclr.o(.text)
    _memset                                  0x0800a617   Thumb Code     0  rt_memclr.o(.text)
    __aeabi_memclr4                          0x0800a657   Thumb Code     0  rt_memclr_w.o(.text)
    __aeabi_memclr8                          0x0800a657   Thumb Code     0  rt_memclr_w.o(.text)
    __rt_memclr_w                            0x0800a657   Thumb Code    78  rt_memclr_w.o(.text)
    _memset_w                                0x0800a65b   Thumb Code     0  rt_memclr_w.o(.text)
    __use_two_region_memory                  0x0800a6a5   Thumb Code     2  heapauxi.o(.text)
    __rt_heap_escrow                         0x0800a6a7   Thumb Code     2  heapauxi.o(.text)
    __rt_heap_expand                         0x0800a6a9   Thumb Code     2  heapauxi.o(.text)
    __cpp_initialize__aeabi_                 0x0800a6ad   Thumb Code    26  init_aeabi.o(.text)
    __user_setup_stackheap                   0x0800a6d1   Thumb Code    74  sys_stackheap_outer.o(.text)
    exit                                     0x0800a71b   Thumb Code    12  exit.o(.text)
    _sys_exit                                0x0800a729   Thumb Code     8  sys_exit.o(.text)
    __I$use$semihosting                      0x0800a735   Thumb Code     0  use_no_semi.o(.text)
    __use_no_semihosting_swi                 0x0800a735   Thumb Code     2  use_no_semi.o(.text)
    __semihosting_library_function           0x0800a737   Thumb Code     0  indicate_semi.o(.text)
    SVC_Count                                0x0800a738   Data           4  SVC_Table.o(SVC_TABLE)
    SVC_Table                                0x0800a73c   Data           0  SVC_Table.o(SVC_TABLE)
    __aeabi_vec_ctor_nocookie_nodtor         0x0800a73d   Thumb Code    34  aeabi_vec_ctor_nocookie_nodtor.o(i.__aeabi_vec_ctor_nocookie_nodtor)
    _init_box                                0x0800a75f   Thumb Code    70  rt_membox.o(i._init_box)
    alloc_mem                                0x0800a7a5   Thumb Code   180  at_mem.o(i.alloc_mem)
    arp_cache_add                            0x0800a861   Thumb Code   174  at_arp.o(i.arp_cache_add)
    arp_cache_early                          0x0800a9a1   Thumb Code   142  at_arp.o(i.arp_cache_early)
    arp_cache_find                           0x0800aa39   Thumb Code   168  at_arp.o(i.arp_cache_find)
    arp_cache_update                         0x0800aaed   Thumb Code   228  at_arp.o(i.arp_cache_update)
    arp_init                                 0x0800abe1   Thumb Code    34  at_arp.o(i.arp_init)
    arp_notify                               0x0800ac41   Thumb Code    26  at_arp.o(i.arp_notify)
    arp_process                              0x0800acf1   Thumb Code   294  at_arp.o(i.arp_process)
    calc_chksum16be                          0x0800af81   Thumb Code    18  at_lib.o(i.calc_chksum16be)
    chksum16_buf                             0x0800af95   Thumb Code    40  at_lib.o(i.chksum16_buf)
    chksum16_val                             0x0800afbd   Thumb Code    10  at_lib.o(i.chksum16_val)
    dbg_init                                 0x0800afc9   Thumb Code    34  hal_cm4.o(i.dbg_init)
    dbg_task_notify                          0x0800aff9   Thumb Code    32  hal_cm4.o(i.dbg_task_notify)
    dbg_task_switch                          0x0800b019   Thumb Code    16  hal_cm4.o(i.dbg_task_switch)
    eth_chk_adr                              0x0800b029   Thumb Code    10  at_ethernet.o(i.eth_chk_adr)
    eth_init_link                            0x0800b039   Thumb Code    40  at_ethernet.o(i.eth_init_link)
    eth_run_link                             0x0800b06d   Thumb Code   194  at_ethernet.o(i.eth_run_link)
    eth_send_frame                           0x0800b141   Thumb Code   150  at_ethernet.o(i.eth_send_frame)
    free_mem                                 0x0800b1e9   Thumb Code   124  at_mem.o(i.free_mem)
    get_rnd32                                0x0800b295   Thumb Code    18  at_system.o(i.get_rnd32)
    icmp_init                                0x0800b2b1   Thumb Code    10  at_icmp.o(i.icmp_init)
    icmp_process                             0x0800b2c1   Thumb Code   198  at_icmp.o(i.icmp_process)
    icmp_run_engine                          0x0800b38d   Thumb Code    58  at_icmp.o(i.icmp_run_engine)
    ifree_mem                                0x0800b445   Thumb Code    48  at_mem.o(i.ifree_mem)
    init_TcpNet                              0x0800b47d   Thumb Code    34  at_system.o(i.init_TcpNet)
    init_mem                                 0x0800b4a9   Thumb Code    36  at_mem.o(i.init_mem)
    ip_chk_frame                             0x0800b4d5   Thumb Code   190  at_ip.o(i.ip_chk_frame)
    ip_get_locadr                            0x0800b5a9   Thumb Code   166  at_ip.o(i.ip_get_locadr)
    ip_init                                  0x0800b661   Thumb Code     8  at_ip.o(i.ip_init)
    ip_run_local                             0x0800b66d   Thumb Code    82  at_ip.o(i.ip_run_local)
    ip_send_frame                            0x0800b6c9   Thumb Code   328  at_ip.o(i.ip_send_frame)
    is_subnet                                0x0800b819   Thumb Code    20  at_lib.o(i.is_subnet)
    isr_mbx_receive                          0x0800b82d   Thumb Code    84  rt_mailbox.o(i.isr_mbx_receive)
    isr_mbx_send                             0x0800b881   Thumb Code    14  rt_mailbox.o(i.isr_mbx_send)
    isr_sem_send                             0x0800b88f   Thumb Code    16  rt_semaphore.o(i.isr_sem_send)
    main_TcpNet                              0x0800b8a1   Thumb Code    86  at_system.o(i.main_TcpNet)
    mem_comp                                 0x0800b905   Thumb Code    26  at_lib.o(i.mem_comp)
    mem_copy                                 0x0800b91f   Thumb Code    22  at_lib.o(i.mem_copy)
    mem_crc32                                0x0800b935   Thumb Code    32  at_lib.o(i.mem_crc32)
    mem_set                                  0x0800b955   Thumb Code    12  at_lib.o(i.mem_set)
    mem_test                                 0x0800b961   Thumb Code    22  at_lib.o(i.mem_test)
    nrd_u32be                                0x0800b977   Thumb Code    22  at_lib.o(i.nrd_u32be)
    nwr_u32be                                0x0800b98d   Thumb Code    16  at_lib.o(i.nwr_u32be)
    os_tick_init                             0x0800b99d   Thumb Code    32  rt_system.o(i.os_tick_init)
    os_tick_irqack                           0x0800b9c5   Thumb Code     2  rt_system.o(i.os_tick_irqack)
    put_in_queue                             0x0800b9c9   Thumb Code    36  at_ethernet.o(i.put_in_queue)
    resize_mem                               0x0800b9f1   Thumb Code    68  at_mem.o(i.resize_mem)
    rt_alloc_box                             0x0800ba39   Thumb Code    26  rt_membox.o(i.rt_alloc_box)
    rt_block                                 0x0800ba55   Thumb Code    48  rt_task.o(i.rt_block)
    rt_chk_robin                             0x0800ba8d   Thumb Code    60  rt_robin.o(i.rt_chk_robin)
    rt_dec_dly                               0x0800bad5   Thumb Code   106  rt_list.o(i.rt_dec_dly)
    rt_dispatch                              0x0800bb49   Thumb Code    60  rt_task.o(i.rt_dispatch)
    rt_dly_wait                              0x0800bb8d   Thumb Code     6  rt_time.o(i.rt_dly_wait)
    rt_evt_psh                               0x0800bb95   Thumb Code    72  rt_event.o(i.rt_evt_psh)
    rt_free_box                              0x0800bbe1   Thumb Code    32  rt_membox.o(i.rt_free_box)
    rt_get_first                             0x0800bc01   Thumb Code    40  rt_list.o(i.rt_get_first)
    rt_init_robin                            0x0800bc75   Thumb Code    14  rt_robin.o(i.rt_init_robin)
    rt_init_stack                            0x0800bc8d   Thumb Code    70  hal_cm4.o(i.rt_init_stack)
    rt_mbx_check                             0x0800bcdd   Thumb Code     8  rt_mailbox.o(i.rt_mbx_check)
    rt_mbx_init                              0x0800bce5   Thumb Code    26  rt_mailbox.o(i.rt_mbx_init)
    rt_mbx_psh                               0x0800bd01   Thumb Code   188  rt_mailbox.o(i.rt_mbx_psh)
    rt_mbx_send                              0x0800bdc1   Thumb Code   158  rt_mailbox.o(i.rt_mbx_send)
    rt_mbx_wait                              0x0800be65   Thumb Code   180  rt_mailbox.o(i.rt_mbx_wait)
    rt_mut_init                              0x0800bf1d   Thumb Code    16  rt_mutex.o(i.rt_mut_init)
    rt_mut_release                           0x0800bf2d   Thumb Code   220  rt_mutex.o(i.rt_mut_release)
    rt_mut_wait                              0x0800c011   Thumb Code   100  rt_mutex.o(i.rt_mut_wait)
    rt_pop_req                               0x0800c079   Thumb Code   110  rt_system.o(i.rt_pop_req)
    rt_psh_req                               0x0800c0f5   Thumb Code    22  rt_system.o(i.rt_psh_req)
    rt_psq_enq                               0x0800c115   Thumb Code    82  rt_list.o(i.rt_psq_enq)
    rt_put_dly                               0x0800c16d   Thumb Code    68  rt_list.o(i.rt_put_dly)
    rt_put_prio                              0x0800c1b5   Thumb Code    54  rt_list.o(i.rt_put_prio)
    rt_put_rdy_first                         0x0800c1ed   Thumb Code    14  rt_list.o(i.rt_put_rdy_first)
    rt_resort_prio                           0x0800c201   Thumb Code    46  rt_list.o(i.rt_resort_prio)
    rt_rmv_dly                               0x0800c235   Thumb Code    40  rt_list.o(i.rt_rmv_dly)
    rt_rmv_list                              0x0800c25d   Thumb Code    44  rt_list.o(i.rt_rmv_list)
    rt_sem_init                              0x0800c28d   Thumb Code    12  rt_semaphore.o(i.rt_sem_init)
    rt_sem_psh                               0x0800c299   Thumb Code    46  rt_semaphore.o(i.rt_sem_psh)
    rt_sem_send                              0x0800c2cd   Thumb Code    52  rt_semaphore.o(i.rt_sem_send)
    rt_sem_wait                              0x0800c305   Thumb Code    58  rt_semaphore.o(i.rt_sem_wait)
    rt_stk_check                             0x0800c345   Thumb Code    28  rt_system.o(i.rt_stk_check)
    rt_switch_req                            0x0800c369   Thumb Code    30  rt_task.o(i.rt_switch_req)
    rt_sys_init                              0x0800c391   Thumb Code   266  rt_task.o(i.rt_sys_init)
    rt_systick                               0x0800c4e9   Thumb Code    50  rt_system.o(i.rt_systick)
    rt_tmr_tick                              0x0800c529   Thumb Code    56  rt_timer.o(i.rt_tmr_tick)
    rt_tsk_create                            0x0800c569   Thumb Code   126  rt_task.o(i.rt_tsk_create)
    rt_tsk_lock                              0x0800c5fd   Thumb Code    70  rt_system.o(i.rt_tsk_lock)
    rt_tsk_prio                              0x0800c64d   Thumb Code   122  rt_task.o(i.rt_tsk_prio)
    rt_tsk_self                              0x0800c6d9   Thumb Code    12  rt_task.o(i.rt_tsk_self)
    rt_tsk_unlock                            0x0800c6e9   Thumb Code    70  rt_system.o(i.rt_tsk_unlock)
    tcp_process                              0x0800c7d5   Thumb Code  1134  at_tcp.o(i.tcp_process)
    timer_tick                               0x0800ceed   Thumb Code     8  at_system.o(i.timer_tick)
    udp_get_buf                              0x0800cef9   Thumb Code    32  at_udp.o(i.udp_get_buf)
    udp_get_socket                           0x0800cf19   Thumb Code    62  at_udp.o(i.udp_get_socket)
    udp_init                                 0x0800cf5d   Thumb Code    18  at_udp.o(i.udp_init)
    udp_open                                 0x0800cf75   Thumb Code    96  at_udp.o(i.udp_open)
    udp_process                              0x0800d009   Thumb Code   178  at_udp.o(i.udp_process)
    udp_send                                 0x0800d0c1   Thumb Code   280  at_udp.o(i.udp_send)
    __fpl_dcmp_Inf                           0x0800d1dd   Thumb Code    24  dcmpi.o(x$fpl$dcmpinf)
    __aeabi_cdcmple                          0x0800d1f5   Thumb Code     0  dleqf.o(x$fpl$dleqf)
    _dcmple                                  0x0800d1f5   Thumb Code   120  dleqf.o(x$fpl$dleqf)
    __fpl_dcmple_InfNaN                      0x0800d257   Thumb Code     0  dleqf.o(x$fpl$dleqf)
    __fpl_dnaninf                            0x0800d26d   Thumb Code   156  dnaninf.o(x$fpl$dnaninf)
    __fpl_dretinf                            0x0800d309   Thumb Code    12  dretinf.o(x$fpl$dretinf)
    __aeabi_cdrcmple                         0x0800d315   Thumb Code     0  drleqf.o(x$fpl$drleqf)
    _drcmple                                 0x0800d315   Thumb Code   108  drleqf.o(x$fpl$drleqf)
    __aeabi_f2d                              0x0800d381   Thumb Code     0  f2d.o(x$fpl$f2d)
    _f2d                                     0x0800d381   Thumb Code    86  f2d.o(x$fpl$f2d)
    __fpl_fnaninf                            0x0800d3d7   Thumb Code   140  fnaninf.o(x$fpl$fnaninf)
    _fp_init                                 0x0800d463   Thumb Code    10  fpinit.o(x$fpl$fpinit)
    __fplib_config_fpu_vfp                   0x0800d46b   Thumb Code     0  fpinit.o(x$fpl$fpinit)
    __fplib_config_pureend_doubles           0x0800d46b   Thumb Code     0  fpinit.o(x$fpl$fpinit)
    __I$use$fp                               0x0800d46c   Number         0  usenofp.o(x$fpl$usenofp)
    DOT_DIV_TBL                              0x0800d470   Data          24  main.o(.constdata)
    DEF_TMP_INT                              0x0800d488   Data          24  main.o(.constdata)
    B8_MASK_P                                0x0800d4a0   Data           8  main.o(.constdata)
    B8_MASK_N                                0x0800d4a8   Data           8  main.o(.constdata)
    U16HMSK                                  0x0800d4b0   Data          16  main.o(.constdata)
    B32MSK_TBL                               0x0800d4c0   Data         128  main.o(.constdata)
    B64MSK_TBL                               0x0800d540   Data         512  main.o(.constdata)
    CMD_VER_TBL                              0x0800d740   Data         256  applayer.o(.constdata)
    crc_tab                                  0x0800d840   Data         512  applayer.o(.constdata)
    sys_config                               0x0800daf8   Data          16  net_config.o(.constdata)
    arp_config                               0x0800db08   Data          12  net_config.o(.constdata)
    udp_config                               0x0800db14   Data           8  net_config.o(.constdata)
    os_maxtaskrun                            0x0800db1c   Data           2  rtx_config.o(.constdata)
    os_stackinfo                             0x0800db20   Data           4  rtx_config.o(.constdata)
    os_rrobin                                0x0800db24   Data           4  rtx_config.o(.constdata)
    os_trv                                   0x0800db28   Data           4  rtx_config.o(.constdata)
    os_flags                                 0x0800db2c   Data           1  rtx_config.o(.constdata)
    os_clockrate                             0x0800db30   Data           4  rtx_config.o(.constdata)
    os_timernum                              0x0800db34   Data           4  rtx_config.o(.constdata)
    mp_tcb_size                              0x0800db38   Data           2  rtx_config.o(.constdata)
    mp_stk_size                              0x0800db3c   Data           4  rtx_config.o(.constdata)
    os_fifo_size                             0x0800db40   Data           1  rtx_config.o(.constdata)
    mp_tmr_size                              0x0800db42   Data           2  rtx_config.o(.constdata)
    led_mask                                 0x0800db44   Data          32  led.o(.constdata)
    IP_Broadcast                             0x0800db6a   Data           4  at_ip.o(.constdata)
    MAC_Broadcast                            0x0800db72   Data           6  at_ethernet.o(.constdata)
    RL_RTX_Version                           0x0800db78   Data           4  rt_system.o(.constdata)
    Region$$Table$$Base                      0x0800db7c   Number         0  anon$$obj.o(Region$$Table)
    Region$$Table$$Limit                     0x0800db9c   Number         0  anon$$obj.o(Region$$Table)
    SHT$$INIT_ARRAY$$Base                    0x0800db9c   Number         0  app_can.o(.init_array)
    SHT$$INIT_ARRAY$$Limit                   0x0800dbb0   Number         0  subchan.o(.init_array)
    gEtherTout                               0x2000001c   Data           4  main.o(.data)
    gFunSelBit                               0x20000020   Data           4  main.o(.data)
    gSimCanBit                               0x20000024   Data           4  main.o(.data)
    socket_udp                               0x20000028   Data           1  main.o(.data)
    own_hw_adr                               0x2000002a   Data           6  tcpudp.o(.data)
    nlocalm                                  0x20000030   Data          60  tcpudp.o(.data)
    Rem_IP                                   0x2000006c   Data           4  tcpudp.o(.data)
    Rem_PORT                                 0x20000070   Data           2  tcpudp.o(.data)
    Loc_PORT                                 0x20000072   Data           2  tcpudp.o(.data)
    pRecBackUp                               0x2000009c   Data           4  chan.o(.data)
    bInitMpool                               0x200000a3   Data           1  rtx_can.o(.data)
    lhost_name                               0x200000a4   Data          16  net_config.o(.data)
    m_tmr                                    0x200000b4   Data           4  rtx_config.o(.data)
    CtrltskId                                0x200000bc   Data           4  sys_config.o(.data)
    UDPTsk_Id                                0x200000c0   Data           4  sys_config.o(.data)
    CabTskId                                 0x200000c4   Data           4  sys_config.o(.data)
    SPITsKId                                 0x200000c8   Data           4  sys_config.o(.data)
    CANTsk_Id                                0x200000cc   Data           8  sys_config.o(.data)
    semETH                                   0x200000d4   Data           8  sys_config.o(.data)
    CtrlTick_sem                             0x200000dc   Data           8  sys_config.o(.data)
    SystemCoreClock                          0x200000e4   Data           4  system_stm32f4xx.o(.data)
    AHBPrescTable                            0x200000e8   Data          16  system_stm32f4xx.o(.data)
    CAN_CTRL                                 0x200000fc   Data           8  can_stm32f40x.o(.data)
    EmptyBox                                 0x20000108   Data           1  can_stm32f40x.o(.data)
    U1ReTxcnt                                0x2000010c   Data           4  uartsimcan.o(.data)
    U3ReTxcnt                                0x20000110   Data           4  uartsimcan.o(.data)
    lenU0                                    0x20000118   Data           4  uartsimcan.o(.data)
    os_tsk                                   0x2000013c   Data           8  rt_task.o(.data)
    os_tick_irqn                             0x20000148   Data           4  rt_system.o(.data)
    os_time                                  0x2000014c   Data           4  rt_time.o(.data)
    dbg_msg                                  0x20000150   Data           1  hal_cm4.o(.data)
    os_tmr                                   0x20000154   Data           8  rt_timer.o(.data)
    os_robin                                 0x2000015c   Data           8  rt_robin.o(.data)
    tcpudp_stack                             0x20000168   Data        1024  main.o(.bss)
    ctr_stack                                0x20000568   Data        1024  main.o(.bss)
    tsk_cab_stk                              0x20000968   Data         512  main.o(.bss)
    tsk_SPI_stk                              0x20000b68   Data         512  main.o(.bss)
    tsk_CAN1_stk                             0x20000d68   Data        1024  main.o(.bss)
    tsk_CAN2_stk                             0x20001168   Data         512  main.o(.bss)
    BackBuf                                  0x20001368   Data        1494  tcpudp.o(.bss)
    L1_RxBuf                                 0x2000193e   Data        1494  applayer.o(.bss)
    L1_TxBuf                                 0x20001f14   Data        1494  applayer.o(.bss)
    L2_Buf                                   0x200024ea   Data        1494  applayer.o(.bss)
    ProcDataBuf                              0x20002b60   Data        1500  ethercmd.o(.bss)
    cCAN                                     0x2000313c   Data          56  app_can.o(.bss)
    cDev                                     0x20003174   Data        2112  dev.o(.bss)
    cChan                                    0x200039b4   Data       13056  chan.o(.bss)
    PrgRcvCtrl                               0x20006cb4   Data       11184  chan.o(.bss)
    cParallelChan                            0x20009864   Data        8700  parallelchan.o(.bss)
    cSubChan                                 0x2000ba60   Data        5844  subchan.o(.bss)
    CAN_mpool                                0x2000d134   Data        1292  rtx_can.o(.bss)
    MBX_tx_ctrl                              0x2000d640   Data         192  rtx_can.o(.bss)
    MBX_rx_ctrl                              0x2000d700   Data         192  rtx_can.o(.bss)
    wr_sem                                   0x2000d7c0   Data          16  rtx_can.o(.bss)
    mp_tcb                                   0x2000f878   Data         444  rtx_config.o(.bss)
    mp_stk                                   0x2000fa38   Data        9232  rtx_config.o(.bss)
    os_fifo                                  0x20011e48   Data         260  rtx_config.o(.bss)
    os_active_TCB                            0x20011f4c   Data          36  rtx_config.o(.bss)
    CanNet_mpool                             0x20012330   Data        3100  sys_config.o(.bss)
    MBX_MCan2Net                             0x20012f4c   Data          36  sys_config.o(.bss)
    MBX_SCan2Net                             0x20012f70   Data          36  sys_config.o(.bss)
    MBX_Net2MCan                             0x20012f94   Data         788  sys_config.o(.bss)
    MBX_Net2SCan                             0x200132a8   Data          36  sys_config.o(.bss)
    SPI_mutex                                0x200132cc   Data          12  sys_config.o(.bss)
    U1DmaRxd                                 0x20015758   Data         256  uartsimcan.o(.bss)
    U1DmaTxd                                 0x20015858   Data         256  uartsimcan.o(.bss)
    U3DmaRxd                                 0x20015958   Data         256  uartsimcan.o(.bss)
    U3DmaTxd                                 0x20015a58   Data         256  uartsimcan.o(.bss)
    localm                                   0x20015bec   Data          60  at_system.o(.bss)
    sys_control                              0x20015c28   Data          12  at_system.o(.bss)
    os_idle_TCB                              0x20015c34   Data          56  rt_task.o(.bss)
    os_rdy                                   0x20015c6c   Data          24  rt_list.o(.bss)
    os_dly                                   0x20015c84   Data          24  rt_list.o(.bss)
    __libspace_start                         0x20015c9c   Data          96  libspace.o(.bss)
    __temporary_stack_top$libspace           0x20015cfc   Data           0  libspace.o(.bss)



==============================================================================

Memory Map of the image

  Image Entry point : 0x08000189

  Load Region LR_IROM1 (Base: 0x08000000, Size: 0x0000dd14, Max: 0x00100000, ABSOLUTE, COMPRESSED[0x0000dbfc])

    Execution Region ER_IROM1 (Base: 0x08000000, Size: 0x0000dbb0, Max: 0x00100000, ABSOLUTE)

    Base Addr    Size         Type   Attr      Idx    E Section Name        Object

    0x08000000   0x00000188   Data   RO          655    RESET               startup_stm32f4xx.o
    0x08000188   0x00000008   Code   RO         1724  * !!!main             c_w.l(__main.o)
    0x08000190   0x00000034   Code   RO         2025    !!!scatter          c_w.l(__scatter.o)
    0x080001c4   0x0000005a   Code   RO         2023    !!dczerorl2         c_w.l(__dczerorl2.o)
    0x0800021e   0x00000002   PAD
    0x08000220   0x0000001c   Code   RO         2027    !!handler_zi        c_w.l(__scatter_zi.o)
    0x0800023c   0x00000002   Code   RO         1830    .ARM.Collect$$libinit$$00000000  c_w.l(libinit.o)
    0x0800023e   0x00000004   Code   RO         1742    .ARM.Collect$$libinit$$00000001  c_w.l(libinit2.o)
    0x08000242   0x00000000   Code   RO         1746    .ARM.Collect$$libinit$$00000008  c_w.l(libinit2.o)
    0x08000242   0x00000000   Code   RO         1748    .ARM.Collect$$libinit$$0000000A  c_w.l(libinit2.o)
    0x08000242   0x00000000   Code   RO         1750    .ARM.Collect$$libinit$$0000000C  c_w.l(libinit2.o)
    0x08000242   0x00000000   Code   RO         1753    .ARM.Collect$$libinit$$0000000F  c_w.l(libinit2.o)
    0x08000242   0x00000000   Code   RO         1755    .ARM.Collect$$libinit$$00000011  c_w.l(libinit2.o)
    0x08000242   0x00000000   Code   RO         1757    .ARM.Collect$$libinit$$00000013  c_w.l(libinit2.o)
    0x08000242   0x00000000   Code   RO         1759    .ARM.Collect$$libinit$$00000015  c_w.l(libinit2.o)
    0x08000242   0x00000000   Code   RO         1761    .ARM.Collect$$libinit$$00000017  c_w.l(libinit2.o)
    0x08000242   0x00000000   Code   RO         1763    .ARM.Collect$$libinit$$00000019  c_w.l(libinit2.o)
    0x08000242   0x00000000   Code   RO         1765    .ARM.Collect$$libinit$$0000001B  c_w.l(libinit2.o)
    0x08000242   0x00000000   Code   RO         1767    .ARM.Collect$$libinit$$0000001D  c_w.l(libinit2.o)
    0x08000242   0x00000000   Code   RO         1769    .ARM.Collect$$libinit$$0000001F  c_w.l(libinit2.o)
    0x08000242   0x00000000   Code   RO         1771    .ARM.Collect$$libinit$$00000021  c_w.l(libinit2.o)
    0x08000242   0x00000000   Code   RO         1773    .ARM.Collect$$libinit$$00000023  c_w.l(libinit2.o)
    0x08000242   0x00000000   Code   RO         1777    .ARM.Collect$$libinit$$0000002A  c_w.l(libinit2.o)
    0x08000242   0x00000000   Code   RO         1779    .ARM.Collect$$libinit$$0000002C  c_w.l(libinit2.o)
    0x08000242   0x00000000   Code   RO         1781    .ARM.Collect$$libinit$$0000002E  c_w.l(libinit2.o)
    0x08000242   0x00000004   Code   RO         1782    .ARM.Collect$$libinit$$0000002F  c_w.l(libinit2.o)
    0x08000246   0x00000000   Code   RO         1783    .ARM.Collect$$libinit$$00000030  c_w.l(libinit2.o)
    0x08000246   0x00000002   Code   RO         1784    .ARM.Collect$$libinit$$00000031  c_w.l(libinit2.o)
    0x08000248   0x00000002   Code   RO         1981    .ARM.Collect$$libshutdown$$00000000  c_w.l(libshutdown.o)
    0x0800024a   0x00000000   Code   RO         1990    .ARM.Collect$$libshutdown$$00000003  c_w.l(libshutdown2.o)
    0x0800024a   0x00000000   Code   RO         1993    .ARM.Collect$$libshutdown$$00000006  c_w.l(libshutdown2.o)
    0x0800024a   0x00000000   Code   RO         1996    .ARM.Collect$$libshutdown$$00000009  c_w.l(libshutdown2.o)
    0x0800024a   0x00000000   Code   RO         1998    .ARM.Collect$$libshutdown$$0000000B  c_w.l(libshutdown2.o)
    0x0800024a   0x00000000   Code   RO         2001    .ARM.Collect$$libshutdown$$0000000E  c_w.l(libshutdown2.o)
    0x0800024a   0x00000002   Code   RO         2002    .ARM.Collect$$libshutdown$$0000000F  c_w.l(libshutdown2.o)
    0x0800024c   0x00000000   Code   RO         1741    .ARM.Collect$$rtentry$$00000000  c_w.l(rtentry.o)
    0x0800024c   0x00000000   Code   RO         1797    .ARM.Collect$$rtentry$$00000002  c_w.l(rtentry2.o)
    0x0800024c   0x00000006   Code   RO         1809    .ARM.Collect$$rtentry$$00000004  c_w.l(rtentry4.o)
    0x08000252   0x00000000   Code   RO         1799    .ARM.Collect$$rtentry$$00000009  c_w.l(rtentry2.o)
    0x08000252   0x00000004   Code   RO         1800    .ARM.Collect$$rtentry$$0000000A  c_w.l(rtentry2.o)
    0x08000256   0x00000000   Code   RO         1802    .ARM.Collect$$rtentry$$0000000C  c_w.l(rtentry2.o)
    0x08000256   0x00000008   Code   RO         1803    .ARM.Collect$$rtentry$$0000000D  c_w.l(rtentry2.o)
    0x0800025e   0x00000002   Code   RO         1839    .ARM.Collect$$rtexit$$00000000  c_w.l(rtexit.o)
    0x08000260   0x00000000   Code   RO         1919    .ARM.Collect$$rtexit$$00000002  c_w.l(rtexit2.o)
    0x08000260   0x00000004   Code   RO         1920    .ARM.Collect$$rtexit$$00000003  c_w.l(rtexit2.o)
    0x08000264   0x00000006   Code   RO         1921    .ARM.Collect$$rtexit$$00000004  c_w.l(rtexit2.o)
    0x0800026a   0x00000002   PAD
    0x0800026c   0x0000019c   Code   RO         1393    .emb_text           RTX_CM4.LIB(hal_cm4.o)
    0x08000408   0x0000047c   Code   RO            3    .text               main.o
    0x08000884   0x00000104   Code   RO          106    .text               tcpudp.o
    0x08000988   0x000007e8   Code   RO          152    .text               applayer.o
    0x08001170   0x0000185c   Code   RO          187    .text               ethercmd.o
    0x080029cc   0x000003b4   Code   RO          271    .text               app_can.o
    0x08002d80   0x000024f4   Code   RO          330    .text               dev.o
    0x08005274   0x00000eb4   Code   RO          393    .text               chan.o
    0x08006128   0x00000e24   Code   RO          428    .text               chanether.o
    0x08006f4c   0x00000a30   Code   RO          474    .text               parallelchan.o
    0x0800797c   0x0000016c   Code   RO          523    .text               subchan.o
    0x08007ae8   0x000002ac   Code   RO          563    .text               rtx_can.o
    0x08007d94   0x000000e2   Code   RO          583    .text               net_config.o
    0x08007e76   0x00000002   PAD
    0x08007e78   0x000000b4   Code   RO          609    .text               rtx_config.o
    0x08007f2c   0x00000064   Code   RO          630    .text               sys_config.o
    0x08007f90   0x00000040   Code   RO          656    .text               startup_stm32f4xx.o
    0x08007fd0   0x00000454   Code   RO          662    .text               system_stm32f4xx.o
    0x08008424   0x00000568   Code   RO          691    .text               eth_stm32f4xx.o
    0x0800898c   0x000009b4   Code   RO          718    .text               can_stm32f40x.o
    0x08009340   0x000001a8   Code   RO          756    .text               led.o
    0x080094e8   0x00000378   Code   RO          783    .text               spi.o
    0x08009860   0x00000408   Code   RO          809    .text               gpio.o
    0x08009c68   0x00000088   Code   RO          832    .text               timer.o
    0x08009cf0   0x0000002c   Code   RO          863    .text               watchdog.o
    0x08009d1c   0x00000800   Code   RO          886    .text               uartsimcan.o
    0x0800a51c   0x00000008   Code   RO         1711    .text               c_w.l(libspace.o)
    0x0800a524   0x0000008a   Code   RO         1714    .text               c_w.l(rt_memcpy_v6.o)
    0x0800a5ae   0x00000064   Code   RO         1716    .text               c_w.l(rt_memcpy_w.o)
    0x0800a612   0x00000044   Code   RO         1718    .text               c_w.l(rt_memclr.o)
    0x0800a656   0x0000004e   Code   RO         1720    .text               c_w.l(rt_memclr_w.o)
    0x0800a6a4   0x00000006   Code   RO         1722    .text               c_w.l(heapauxi.o)
    0x0800a6aa   0x00000002   PAD
    0x0800a6ac   0x00000024   Code   RO         1729    .text               c_w.l(init_aeabi.o)
    0x0800a6d0   0x0000004a   Code   RO         1817    .text               c_w.l(sys_stackheap_outer.o)
    0x0800a71a   0x0000000c   Code   RO         1819    .text               c_w.l(exit.o)
    0x0800a726   0x00000002   PAD
    0x0800a728   0x0000000c   Code   RO         1913    .text               c_w.l(sys_exit.o)
    0x0800a734   0x00000002   Code   RO         1915    .text               c_w.l(use_no_semi.o)
    0x0800a736   0x00000000   Code   RO         1917    .text               c_w.l(indicate_semi.o)
    0x0800a736   0x00000002   PAD
    0x0800a738   0x00000004   Code   RO         1706    SVC_TABLE           RTX_CM4.LIB(SVC_Table.o)
    0x0800a73c   0x00000022   Code   RO         1732    i.__aeabi_vec_ctor_nocookie_nodtor  cpprt_w.l(aeabi_vec_ctor_nocookie_nodtor.o)
    0x0800a75e   0x00000046   Code   RO         1364    i._init_box         RTX_CM4.LIB(rt_membox.o)
    0x0800a7a4   0x000000bc   Code   RO         1009    i.alloc_mem         TCP_CM3.lib(at_mem.o)
    0x0800a860   0x000000b8   Code   RO          909    i.arp_cache_add     TCP_CM3.lib(at_arp.o)
    0x0800a918   0x00000088   Code   RO          910    i.arp_cache_alloc   TCP_CM3.lib(at_arp.o)
    0x0800a9a0   0x00000098   Code   RO          911    i.arp_cache_early   TCP_CM3.lib(at_arp.o)
    0x0800aa38   0x000000b4   Code   RO          912    i.arp_cache_find    TCP_CM3.lib(at_arp.o)
    0x0800aaec   0x000000f4   Code   RO          915    i.arp_cache_update  TCP_CM3.lib(at_arp.o)
    0x0800abe0   0x0000002c   Code   RO          918    i.arp_init          TCP_CM3.lib(at_arp.o)
    0x0800ac0c   0x00000034   Code   RO          919    i.arp_is_cacheable  TCP_CM3.lib(at_arp.o)
    0x0800ac40   0x00000028   Code   RO          920    i.arp_notify        TCP_CM3.lib(at_arp.o)
    0x0800ac68   0x00000088   Code   RO          922    i.arp_proc_response  TCP_CM3.lib(at_arp.o)
    0x0800acf0   0x00000138   Code   RO          923    i.arp_process       TCP_CM3.lib(at_arp.o)
    0x0800ae28   0x000000a0   Code   RO          924    i.arp_send_reply    TCP_CM3.lib(at_arp.o)
    0x0800aec8   0x000000b8   Code   RO          925    i.arp_send_request  TCP_CM3.lib(at_arp.o)
    0x0800af80   0x00000012   Code   RO         1490    i.calc_chksum16be   TCP_CM3.lib(at_lib.o)
    0x0800af92   0x00000002   PAD
    0x0800af94   0x00000028   Code   RO         1491    i.chksum16_buf      TCP_CM3.lib(at_lib.o)
    0x0800afbc   0x0000000a   Code   RO         1492    i.chksum16_val      TCP_CM3.lib(at_lib.o)
    0x0800afc6   0x00000002   PAD
    0x0800afc8   0x00000030   Code   RO         1394    i.dbg_init          RTX_CM4.LIB(hal_cm4.o)
    0x0800aff8   0x00000020   Code   RO         1395    i.dbg_task_notify   RTX_CM4.LIB(hal_cm4.o)
    0x0800b018   0x00000010   Code   RO         1396    i.dbg_task_switch   RTX_CM4.LIB(hal_cm4.o)
    0x0800b028   0x00000010   Code   RO          995    i.eth_chk_adr       TCP_CM3.lib(at_ethernet.o)
    0x0800b038   0x00000034   Code   RO          997    i.eth_init_link     TCP_CM3.lib(at_ethernet.o)
    0x0800b06c   0x000000d4   Code   RO          998    i.eth_run_link      TCP_CM3.lib(at_ethernet.o)
    0x0800b140   0x000000a8   Code   RO          999    i.eth_send_frame    TCP_CM3.lib(at_ethernet.o)
    0x0800b1e8   0x00000084   Code   RO         1010    i.free_mem          TCP_CM3.lib(at_mem.o)
    0x0800b26c   0x00000028   Code   RO         1494    i.get_crc32         TCP_CM3.lib(at_lib.o)
    0x0800b294   0x0000001c   Code   RO         1021    i.get_rnd32         TCP_CM3.lib(at_system.o)
    0x0800b2b0   0x00000010   Code   RO          959    i.icmp_init         TCP_CM3.lib(at_icmp.o)
    0x0800b2c0   0x000000cc   Code   RO          961    i.icmp_process      TCP_CM3.lib(at_icmp.o)
    0x0800b38c   0x00000048   Code   RO          962    i.icmp_run_engine   TCP_CM3.lib(at_icmp.o)
    0x0800b3d4   0x00000070   Code   RO          963    i.icmp_send_message  TCP_CM3.lib(at_icmp.o)
    0x0800b444   0x00000038   Code   RO         1011    i.ifree_mem         TCP_CM3.lib(at_mem.o)
    0x0800b47c   0x0000002c   Code   RO         1022    i.init_TcpNet       TCP_CM3.lib(at_system.o)
    0x0800b4a8   0x0000002c   Code   RO         1012    i.init_mem          TCP_CM3.lib(at_mem.o)
    0x0800b4d4   0x000000c8   Code   RO          945    i.ip_chk_frame      TCP_CM3.lib(at_ip.o)
    0x0800b59c   0x0000000a   Code   RO          946    i.ip_get_chksum     TCP_CM3.lib(at_ip.o)
    0x0800b5a6   0x00000002   PAD
    0x0800b5a8   0x000000b8   Code   RO          947    i.ip_get_locadr     TCP_CM3.lib(at_ip.o)
    0x0800b660   0x0000000c   Code   RO          948    i.ip_init           TCP_CM3.lib(at_ip.o)
    0x0800b66c   0x0000005c   Code   RO          949    i.ip_run_local      TCP_CM3.lib(at_ip.o)
    0x0800b6c8   0x00000150   Code   RO          950    i.ip_send_frame     TCP_CM3.lib(at_ip.o)
    0x0800b818   0x00000014   Code   RO         1495    i.is_subnet         TCP_CM3.lib(at_lib.o)
    0x0800b82c   0x00000054   Code   RO         1218    i.isr_mbx_receive   RTX_CM4.LIB(rt_mailbox.o)
    0x0800b880   0x0000000e   Code   RO         1219    i.isr_mbx_send      RTX_CM4.LIB(rt_mailbox.o)
    0x0800b88e   0x00000010   Code   RO         1270    i.isr_sem_send      RTX_CM4.LIB(rt_semaphore.o)
    0x0800b89e   0x00000002   PAD
    0x0800b8a0   0x00000064   Code   RO         1023    i.main_TcpNet       TCP_CM3.lib(at_system.o)
    0x0800b904   0x0000001a   Code   RO         1496    i.mem_comp          TCP_CM3.lib(at_lib.o)
    0x0800b91e   0x00000016   Code   RO         1497    i.mem_copy          TCP_CM3.lib(at_lib.o)
    0x0800b934   0x00000020   Code   RO         1498    i.mem_crc32         TCP_CM3.lib(at_lib.o)
    0x0800b954   0x0000000c   Code   RO         1500    i.mem_set           TCP_CM3.lib(at_lib.o)
    0x0800b960   0x00000016   Code   RO         1501    i.mem_test          TCP_CM3.lib(at_lib.o)
    0x0800b976   0x00000016   Code   RO         1503    i.nrd_u32be         TCP_CM3.lib(at_lib.o)
    0x0800b98c   0x00000010   Code   RO         1505    i.nwr_u32be         TCP_CM3.lib(at_lib.o)
    0x0800b99c   0x00000028   Code   RO         1130    i.os_tick_init      RTX_CM4.LIB(rt_system.o)
    0x0800b9c4   0x00000002   Code   RO         1131    i.os_tick_irqack    RTX_CM4.LIB(rt_system.o)
    0x0800b9c6   0x00000002   PAD
    0x0800b9c8   0x00000028   Code   RO         1000    i.put_in_queue      TCP_CM3.lib(at_ethernet.o)
    0x0800b9f0   0x00000048   Code   RO         1013    i.resize_mem        TCP_CM3.lib(at_mem.o)
    0x0800ba38   0x0000001a   Code   RO         1365    i.rt_alloc_box      RTX_CM4.LIB(rt_membox.o)
    0x0800ba52   0x00000002   PAD
    0x0800ba54   0x00000038   Code   RO         1030    i.rt_block          RTX_CM4.LIB(rt_task.o)
    0x0800ba8c   0x00000048   Code   RO         1685    i.rt_chk_robin      RTX_CM4.LIB(rt_robin.o)
    0x0800bad4   0x00000074   Code   RO         1579    i.rt_dec_dly        RTX_CM4.LIB(rt_list.o)
    0x0800bb48   0x00000044   Code   RO         1031    i.rt_dispatch       RTX_CM4.LIB(rt_task.o)
    0x0800bb8c   0x00000006   Code   RO         1306    i.rt_dly_wait       RTX_CM4.LIB(rt_time.o)
    0x0800bb92   0x00000002   PAD
    0x0800bb94   0x0000004c   Code   RO         1540    i.rt_evt_psh        RTX_CM4.LIB(rt_event.o)
    0x0800bbe0   0x00000020   Code   RO         1366    i.rt_free_box       RTX_CM4.LIB(rt_membox.o)
    0x0800bc00   0x00000028   Code   RO         1580    i.rt_get_first      RTX_CM4.LIB(rt_list.o)
    0x0800bc28   0x0000004c   Code   RO         1032    i.rt_init_context   RTX_CM4.LIB(rt_task.o)
    0x0800bc74   0x00000018   Code   RO         1686    i.rt_init_robin     RTX_CM4.LIB(rt_robin.o)
    0x0800bc8c   0x00000050   Code   RO         1397    i.rt_init_stack     RTX_CM4.LIB(hal_cm4.o)
    0x0800bcdc   0x00000008   Code   RO         1220    i.rt_mbx_check      RTX_CM4.LIB(rt_mailbox.o)
    0x0800bce4   0x0000001a   Code   RO         1221    i.rt_mbx_init       RTX_CM4.LIB(rt_mailbox.o)
    0x0800bcfe   0x00000002   PAD
    0x0800bd00   0x000000c0   Code   RO         1222    i.rt_mbx_psh        RTX_CM4.LIB(rt_mailbox.o)
    0x0800bdc0   0x000000a4   Code   RO         1223    i.rt_mbx_send       RTX_CM4.LIB(rt_mailbox.o)
    0x0800be64   0x000000b8   Code   RO         1224    i.rt_mbx_wait       RTX_CM4.LIB(rt_mailbox.o)
    0x0800bf1c   0x00000010   Code   RO         1339    i.rt_mut_init       RTX_CM4.LIB(rt_mutex.o)
    0x0800bf2c   0x000000e4   Code   RO         1340    i.rt_mut_release    RTX_CM4.LIB(rt_mutex.o)
    0x0800c010   0x00000068   Code   RO         1341    i.rt_mut_wait       RTX_CM4.LIB(rt_mutex.o)
    0x0800c078   0x0000007c   Code   RO         1132    i.rt_pop_req        RTX_CM4.LIB(rt_system.o)
    0x0800c0f4   0x00000020   Code   RO         1133    i.rt_psh_req        RTX_CM4.LIB(rt_system.o)
    0x0800c114   0x00000058   Code   RO         1582    i.rt_psq_enq        RTX_CM4.LIB(rt_list.o)
    0x0800c16c   0x00000048   Code   RO         1583    i.rt_put_dly        RTX_CM4.LIB(rt_list.o)
    0x0800c1b4   0x00000036   Code   RO         1584    i.rt_put_prio       RTX_CM4.LIB(rt_list.o)
    0x0800c1ea   0x00000002   PAD
    0x0800c1ec   0x00000014   Code   RO         1585    i.rt_put_rdy_first  RTX_CM4.LIB(rt_list.o)
    0x0800c200   0x00000034   Code   RO         1586    i.rt_resort_prio    RTX_CM4.LIB(rt_list.o)
    0x0800c234   0x00000028   Code   RO         1587    i.rt_rmv_dly        RTX_CM4.LIB(rt_list.o)
    0x0800c25c   0x00000030   Code   RO         1588    i.rt_rmv_list       RTX_CM4.LIB(rt_list.o)
    0x0800c28c   0x0000000c   Code   RO         1271    i.rt_sem_init       RTX_CM4.LIB(rt_semaphore.o)
    0x0800c298   0x00000034   Code   RO         1272    i.rt_sem_psh        RTX_CM4.LIB(rt_semaphore.o)
    0x0800c2cc   0x00000038   Code   RO         1273    i.rt_sem_send       RTX_CM4.LIB(rt_semaphore.o)
    0x0800c304   0x00000040   Code   RO         1274    i.rt_sem_wait       RTX_CM4.LIB(rt_semaphore.o)
    0x0800c344   0x00000024   Code   RO         1135    i.rt_stk_check      RTX_CM4.LIB(rt_system.o)
    0x0800c368   0x00000028   Code   RO         1033    i.rt_switch_req     RTX_CM4.LIB(rt_task.o)
    0x0800c390   0x00000158   Code   RO         1034    i.rt_sys_init       RTX_CM4.LIB(rt_task.o)
    0x0800c4e8   0x00000040   Code   RO         1137    i.rt_systick        RTX_CM4.LIB(rt_system.o)
    0x0800c528   0x00000040   Code   RO         1660    i.rt_tmr_tick       RTX_CM4.LIB(rt_timer.o)
    0x0800c568   0x00000094   Code   RO         1035    i.rt_tsk_create     RTX_CM4.LIB(rt_task.o)
    0x0800c5fc   0x00000050   Code   RO         1138    i.rt_tsk_lock       RTX_CM4.LIB(rt_system.o)
    0x0800c64c   0x0000008c   Code   RO         1038    i.rt_tsk_prio       RTX_CM4.LIB(rt_task.o)
    0x0800c6d8   0x00000010   Code   RO         1039    i.rt_tsk_self       RTX_CM4.LIB(rt_task.o)
    0x0800c6e8   0x00000050   Code   RO         1139    i.rt_tsk_unlock     RTX_CM4.LIB(rt_system.o)
    0x0800c738   0x0000009c   Code   RO         1446    i.tcp_map_socket    TCP_CM3.lib(at_tcp.o)
    0x0800c7d4   0x0000046e   Code   RO         1449    i.tcp_process       TCP_CM3.lib(at_tcp.o)
    0x0800cc42   0x00000002   PAD
    0x0800cc44   0x00000078   Code   RO         1450    i.tcp_process_opt   TCP_CM3.lib(at_tcp.o)
    0x0800ccbc   0x00000022   Code   RO         1455    i.tcp_send_ctrl     TCP_CM3.lib(at_tcp.o)
    0x0800ccde   0x00000002   PAD
    0x0800cce0   0x00000108   Code   RO         1456    i.tcp_send_frame    TCP_CM3.lib(at_tcp.o)
    0x0800cde8   0x00000080   Code   RO         1457    i.tcp_send_reset    TCP_CM3.lib(at_tcp.o)
    0x0800ce68   0x00000012   Code   RO         1458    i.tcp_set_retransmit  TCP_CM3.lib(at_tcp.o)
    0x0800ce7a   0x00000002   PAD
    0x0800ce7c   0x00000070   Code   RO         1459    i.tcp_transit       TCP_CM3.lib(at_tcp.o)
    0x0800ceec   0x0000000c   Code   RO         1024    i.timer_tick        TCP_CM3.lib(at_system.o)
    0x0800cef8   0x00000020   Code   RO          972    i.udp_get_buf       TCP_CM3.lib(at_udp.o)
    0x0800cf18   0x00000044   Code   RO          973    i.udp_get_socket    TCP_CM3.lib(at_udp.o)
    0x0800cf5c   0x00000018   Code   RO          974    i.udp_init          TCP_CM3.lib(at_udp.o)
    0x0800cf74   0x00000068   Code   RO          977    i.udp_open          TCP_CM3.lib(at_udp.o)
    0x0800cfdc   0x0000002c   Code   RO          978    i.udp_port_in_use   TCP_CM3.lib(at_udp.o)
    0x0800d008   0x000000b8   Code   RO          979    i.udp_process       TCP_CM3.lib(at_udp.o)
    0x0800d0c0   0x0000011c   Code   RO          981    i.udp_send          TCP_CM3.lib(at_udp.o)
    0x0800d1dc   0x00000018   Code   RO         1787    x$fpl$dcmpinf       fz_wm.l(dcmpi.o)
    0x0800d1f4   0x00000078   Code   RO         1735    x$fpl$dleqf         fz_wm.l(dleqf.o)
    0x0800d26c   0x0000009c   Code   RO         1789    x$fpl$dnaninf       fz_wm.l(dnaninf.o)
    0x0800d308   0x0000000c   Code   RO         1791    x$fpl$dretinf       fz_wm.l(dretinf.o)
    0x0800d314   0x0000006c   Code   RO         1737    x$fpl$drleqf        fz_wm.l(drleqf.o)
    0x0800d380   0x00000056   Code   RO         1739    x$fpl$f2d           fz_wm.l(f2d.o)
    0x0800d3d6   0x0000008c   Code   RO         1793    x$fpl$fnaninf       fz_wm.l(fnaninf.o)
    0x0800d462   0x0000000a   Code   RO         1815    x$fpl$fpinit        fz_wm.l(fpinit.o)
    0x0800d46c   0x00000000   Code   RO         1795    x$fpl$usenofp       fz_wm.l(usenofp.o)
    0x0800d46c   0x00000004   PAD
    0x0800d470   0x000002d0   Data   RO            5    .constdata          main.o
    0x0800d740   0x00000300   Data   RO          154    .constdata          applayer.o
    0x0800da40   0x00000008   Data   RO          190    .constdata          ethercmd.o
    0x0800da48   0x00000008   Data   RO          274    .constdata          app_can.o
    0x0800da50   0x00000086   Data   RO          333    .constdata          dev.o
    0x0800dad6   0x00000008   Data   RO          430    .constdata          chanether.o
    0x0800dade   0x00000002   PAD
    0x0800dae0   0x00000018   Data   RO          526    .constdata          subchan.o
    0x0800daf8   0x00000024   Data   RO          585    .constdata          net_config.o
    0x0800db1c   0x00000028   Data   RO          611    .constdata          rtx_config.o
    0x0800db44   0x00000020   Data   RO          758    .constdata          led.o
    0x0800db64   0x00000006   Data   RO          926    .constdata          TCP_CM3.lib(at_arp.o)
    0x0800db6a   0x00000008   Data   RO          951    .constdata          TCP_CM3.lib(at_ip.o)
    0x0800db72   0x00000006   Data   RO         1002    .constdata          TCP_CM3.lib(at_ethernet.o)
    0x0800db78   0x00000004   Data   RO         1140    .constdata          RTX_CM4.LIB(rt_system.o)
    0x0800db7c   0x00000020   Data   RO         2021    Region$$Table       anon$$obj.o
    0x0800db9c   0x00000004   Data   RO          276    .init_array         app_can.o
    0x0800dba0   0x00000004   Data   RO          335    .init_array         dev.o
    0x0800dba4   0x00000004   Data   RO          397    .init_array         chan.o
    0x0800dba8   0x00000004   Data   RO          478    .init_array         parallelchan.o
    0x0800dbac   0x00000004   Data   RO          528    .init_array         subchan.o


    Execution Region RW_IRAM1 (Base: 0x20000000, Size: 0x00016300, Max: 0x00020000, ABSOLUTE, COMPRESSED[0x0000004c])

    Base Addr    Size         Type   Attr      Idx    E Section Name        Object

    0x20000000   0x00000029   Data   RW            6    .data               main.o
    0x20000029   0x00000001   PAD
    0x2000002a   0x0000004a   Data   RW          108    .data               tcpudp.o
    0x20000074   0x0000001c   Data   RW          191    .data               ethercmd.o
    0x20000090   0x00000001   Data   RW          275    .data               app_can.o
    0x20000091   0x00000003   PAD
    0x20000094   0x00000004   Data   RW          334    .data               dev.o
    0x20000098   0x00000008   Data   RW          396    .data               chan.o
    0x200000a0   0x00000001   Data   RW          431    .data               chanether.o
    0x200000a1   0x00000001   Data   RW          477    .data               parallelchan.o
    0x200000a2   0x00000001   Data   RW          527    .data               subchan.o
    0x200000a3   0x00000001   Data   RW          565    .data               rtx_can.o
    0x200000a4   0x00000010   Data   RW          586    .data               net_config.o
    0x200000b4   0x00000008   Data   RW          612    .data               rtx_config.o
    0x200000bc   0x00000028   Data   RW          633    .data               sys_config.o
    0x200000e4   0x00000014   Data   RW          663    .data               system_stm32f4xx.o
    0x200000f8   0x00000002   Data   RW          693    .data               eth_stm32f4xx.o
    0x200000fa   0x00000002   PAD
    0x200000fc   0x0000000d   Data   RW          719    .data               can_stm32f40x.o
    0x20000109   0x00000003   PAD
    0x2000010c   0x00000010   Data   RW          888    .data               uartsimcan.o
    0x2000011c   0x00000008   Data   RW          927    .data               TCP_CM3.lib(at_arp.o)
    0x20000124   0x0000000c   Data   RW          952    .data               TCP_CM3.lib(at_ip.o)
    0x20000130   0x00000002   Data   RW          982    .data               TCP_CM3.lib(at_udp.o)
    0x20000132   0x00000002   PAD
    0x20000134   0x00000008   Data   RW         1014    .data               TCP_CM3.lib(at_mem.o)
    0x2000013c   0x00000008   Data   RW         1041    .data               RTX_CM4.LIB(rt_task.o)
    0x20000144   0x00000008   Data   RW         1141    .data               RTX_CM4.LIB(rt_system.o)
    0x2000014c   0x00000004   Data   RW         1310    .data               RTX_CM4.LIB(rt_time.o)
    0x20000150   0x00000001   Data   RW         1398    .data               RTX_CM4.LIB(hal_cm4.o)
    0x20000151   0x00000003   PAD
    0x20000154   0x00000008   Data   RW         1661    .data               RTX_CM4.LIB(rt_timer.o)
    0x2000015c   0x00000008   Data   RW         1687    .data               RTX_CM4.LIB(rt_robin.o)
    0x20000164   0x00000004   PAD
    0x20000168   0x00001200   Zero   RW            4    .bss                main.o
    0x20001368   0x000005d6   Zero   RW          107    .bss                tcpudp.o
    0x2000193e   0x00001182   Zero   RW          153    .bss                applayer.o
    0x20002ac0   0x0000067c   Zero   RW          189    .bss                ethercmd.o
    0x2000313c   0x00000038   Zero   RW          273    .bss                app_can.o
    0x20003174   0x00000840   Zero   RW          332    .bss                dev.o
    0x200039b4   0x00005eb0   Zero   RW          395    .bss                chan.o
    0x20009864   0x000021fc   Zero   RW          476    .bss                parallelchan.o
    0x2000ba60   0x000016d4   Zero   RW          525    .bss                subchan.o
    0x2000d134   0x0000069c   Zero   RW          564    .bss                rtx_can.o
    0x2000d7d0   0x000020a4   Zero   RW          584    .bss                net_config.o
    0x2000f874   0x00000004   PAD
    0x2000f878   0x00002ab8   Zero   RW          610    .bss                rtx_config.o
    0x20012330   0x00000fa8   Zero   RW          632    .bss                sys_config.o
    0x200132d8   0x00002460   Zero   RW          692    .bss                eth_stm32f4xx.o
    0x20015738   0x00000020   Zero   RW          757    .bss                led.o
    0x20015758   0x00000400   Zero   RW          887    .bss                uartsimcan.o
    0x20015b58   0x00000010   Zero   RW          964    .bss                TCP_CM3.lib(at_icmp.o)
    0x20015b68   0x00000084   Zero   RW         1001    .bss                TCP_CM3.lib(at_ethernet.o)
    0x20015bec   0x00000048   Zero   RW         1025    .bss                TCP_CM3.lib(at_system.o)
    0x20015c34   0x00000038   Zero   RW         1040    .bss                RTX_CM4.LIB(rt_task.o)
    0x20015c6c   0x00000030   Zero   RW         1589    .bss                RTX_CM4.LIB(rt_list.o)
    0x20015c9c   0x00000060   Zero   RW         1712    .bss                c_w.l(libspace.o)
    0x20015cfc   0x00000004   PAD
    0x20015d00   0x00000200   Zero   RW          654    HEAP                startup_stm32f4xx.o
    0x20015f00   0x00000400   Zero   RW          653    STACK               startup_stm32f4xx.o


==============================================================================

Image component sizes


      Code (inc. data)   RO Data    RW Data    ZI Data      Debug   Object Name

       948         66         12          1         56       6914   app_can.o
      2024        150        768          0       4482      18551   applayer.o
      2484        102          0         13          0      34863   can_stm32f40x.o
      3764        124          4          8      24240      23523   chan.o
      3620        206          8          1          0      21765   chanether.o
      9460        270        138          4       2112      43200   dev.o
      1384        132          0          2       9312       9365   eth_stm32f4xx.o
      6236        288          8         28       1660      50261   ethercmd.o
      1032         48          0          0          0       3585   gpio.o
       424         44         32          0         32       8509   led.o
      1148        186        720         41       4608     250871   main.o
       226          8         36         16       8356       8924   net_config.o
      2608         82          4          1       8700      27025   parallelchan.o
       684         50          0          1       1692       5597   rtx_can.o
       180         24         40          8      10936       2953   rtx_config.o
       888         38          0          0          0       4497   spi.o
        64         26        392          0       1536        768   startup_stm32f4xx.o
       364         14         28          1       5844      23209   subchan.o
       100         32          0         40       4008       1535   sys_config.o
      1108        100          0         20          0      10396   system_stm32f4xx.o
       260         22          0         74       1494      22304   tcpudp.o
       136         20          0          0          0      27100   timer.o
      2048        132          0         16       1024       4634   uartsimcan.o
        44          4          0          0          0        826   watchdog.o

    ----------------------------------------------------------------------
     41236       2168       2224        284      90096     611175   Object Totals
         0          0         32          0          0          0   (incl. Generated)
         2          0          2          9          4          0   (incl. Padding)

    ----------------------------------------------------------------------

      Code (inc. data)   RO Data    RW Data    ZI Data      Debug   Library Member Name

         4          4          0          0          0        140   SVC_Table.o
       588         52          0          1          0       2725   hal_cm4.o
        76          4          0          0          0        557   rt_event.o
       530         36          0          0         48       7237   rt_list.o
       672         14          0          0          0       4055   rt_mailbox.o
       128          0          0          0          0       1641   rt_membox.o
       348         12          0          0          0       1809   rt_mutex.o
        96         22          0          8          0       1070   rt_robin.o
       200         16          0          0          0       2526   rt_semaphore.o
       458         74          4          8          0       4628   rt_system.o
       888        154          0          8         56       7082   rt_task.o
         6          0          0          4          0        552   rt_time.o
        64          8          0          8          0        631   rt_timer.o
      1824        138          6          8          0       1040   at_arp.o
       488         58          6          0        132        404   at_ethernet.o
       404         30          0          0         16        308   at_icmp.o
       834         56          8         12          0        520   at_ip.o
       280          6          0          0          0        860   at_lib.o
       492         36          0          8          0        452   at_mem.o
       184         38          0          0         72        292   at_system.o
      1966         50          0          0          0        756   at_tcp.o
       740         34          0          2          0        556   at_udp.o
        90          0          0          0          0          0   __dczerorl2.o
         8          0          0          0          0         68   __main.o
        52          8          0          0          0          0   __scatter.o
        28          0          0          0          0          0   __scatter_zi.o
        12          0          0          0          0         72   exit.o
         6          0          0          0          0        152   heapauxi.o
         0          0          0          0          0          0   indicate_semi.o
        36         10          0          0          0         80   init_aeabi.o
         2          0          0          0          0          0   libinit.o
        10          0          0          0          0          0   libinit2.o
         2          0          0          0          0          0   libshutdown.o
         2          0          0          0          0          0   libshutdown2.o
         8          4          0          0         96         68   libspace.o
        68          0          0          0          0         68   rt_memclr.o
        78          0          0          0          0         80   rt_memclr_w.o
       138          0          0          0          0         68   rt_memcpy_v6.o
       100          0          0          0          0         80   rt_memcpy_w.o
         0          0          0          0          0          0   rtentry.o
        12          0          0          0          0          0   rtentry2.o
         6          0          0          0          0          0   rtentry4.o
         2          0          0          0          0          0   rtexit.o
        10          0          0          0          0          0   rtexit2.o
        12          4          0          0          0         68   sys_exit.o
        74          0          0          0          0         80   sys_stackheap_outer.o
         2          0          0          0          0         68   use_no_semi.o
        34          0          0          0          0         84   aeabi_vec_ctor_nocookie_nodtor.o
        24          0          0          0          0        116   dcmpi.o
       120          4          0          0          0        140   dleqf.o
       156          4          0          0          0        140   dnaninf.o
        12          0          0          0          0        116   dretinf.o
       108          0          0          0          0        128   drleqf.o
        86          4          0          0          0        132   f2d.o
       140          4          0          0          0        132   fnaninf.o
        10          0          0          0          0        116   fpinit.o
         0          0          0          0          0          0   usenofp.o

    ----------------------------------------------------------------------
     12756        884         24         72        428      41897   Library Totals
        38          0          0          5          8          0   (incl. Padding)

    ----------------------------------------------------------------------

      Code (inc. data)   RO Data    RW Data    ZI Data      Debug   Library Name

      4058        396          4         37        104      34653   RTX_CM4.LIB
      7212        446         20         30        220       5188   TCP_CM3.lib
       758         26          0          0         96        952   c_w.l
        34          0          0          0          0         84   cpprt_w.l
       656         16          0          0          0       1020   fz_wm.l

    ----------------------------------------------------------------------
     12756        884         24         72        428      41897   Library Totals

    ----------------------------------------------------------------------

==============================================================================


      Code (inc. data)   RO Data    RW Data    ZI Data      Debug   

     53992       3052       2248        356      90524     637980   Grand Totals
     53992       3052       2248         76      90524     637980   ELF Image Totals (compressed)
     53992       3052       2248         76          0          0   ROM Totals

==============================================================================

    Total RO  Size (Code + RO Data)                56240 (  54.92kB)
    Total RW  Size (RW Data + ZI Data)             90880 (  88.75kB)
    Total ROM Size (Code + RO Data + RW Data)      56316 (  55.00kB)

==============================================================================

