ARM Linker, 5.03 [Build 76] [MDK-ARM Standard][RL-ARM]

==============================================================================

Section Cross References

    main.o(.text) refers to at_udp.o(i.udp_get_socket) for udp_get_socket
    main.o(.text) refers to at_udp.o(i.udp_open) for udp_open
    main.o(.text) refers to at_system.o(i.main_TcpNet) for main_TcpNet
    main.o(.text) refers to timer.o(.text) for TIM1_Init
    main.o(.text) refers to dev.o(.text) for SRAM_Test
    main.o(.text) refers to led.o(.text) for LED_Flash
    main.o(.text) refers to chan.o(.text) for ControlProc
    main.o(.text) refers to rtx_can.o(.text) for CAN_receive
    main.o(.text) refers to app_can.o(.text) for CAN_Send_Process
    main.o(.text) refers to gpio.o(.text) for SimCan_ReadBit
    main.o(.text) refers to spi.o(.text) for SPI_Init
    main.o(.text) refers to uartsimcan.o(.text) for SimCan_Init
    main.o(.text) refers to parallelchan.o(.text) for Init_ParallelChan
    main.o(.text) refers to at_system.o(i.init_TcpNet) for init_TcpNet
    main.o(.text) refers to sys_config.o(.text) for Sys_OS_Init
    main.o(.text) refers to at_system.o(i.timer_tick) for timer_tick
    main.o(.text) refers to hal_cm4.o(.emb_text) for os_set_env
    main.o(.text) refers to tcpudp.o(.text) for udp_callback
    main.o(.text) refers to main.o(.data) for .data
    main.o(.text) refers to tcpudp.o(.data) for Loc_PORT
    main.o(.text) refers to sys_config.o(.data) for semETH
    main.o(.text) refers to rt_semaphore.o(i.rt_sem_wait) for rt_sem_wait
    main.o(.text) refers to sys_config.o(.data) for CtrlTick_sem
    main.o(.text) refers to rt_time.o(i.rt_dly_wait) for rt_dly_wait
    main.o(.text) refers to rt_semaphore.o(i.rt_sem_init) for rt_sem_init
    main.o(.text) refers to sys_config.o(.bss) for SPI_mutex
    main.o(.text) refers to rt_mutex.o(i.rt_mut_init) for rt_mut_init
    main.o(.text) refers to rt_task.o(i.rt_tsk_prio) for rt_tsk_prio
    main.o(.text) refers to main.o(.bss) for .bss
    main.o(.text) refers to rt_task.o(i.rt_tsk_create) for rt_tsk_create
    main.o(.text) refers to sys_config.o(.data) for CtrltskId
    main.o(.text) refers to sys_config.o(.data) for UDPTsk_Id
    main.o(.text) refers to sys_config.o(.data) for SPITsKId
    main.o(.text) refers to sys_config.o(.data) for CANTsk_Id
    main.o(.text) refers to rt_task.o(i.rt_sys_init) for rt_sys_init
    tcpudp.o(.text) refers to applayer.o(.text) for App_L1_Process
    tcpudp.o(.text) refers to at_udp.o(i.udp_get_buf) for udp_get_buf
    tcpudp.o(.text) refers to at_udp.o(i.udp_send) for udp_send
    tcpudp.o(.text) refers to led.o(.text) for LED_Flash
    tcpudp.o(.text) refers to tcpudp.o(.bss) for .bss
    tcpudp.o(.text) refers to main.o(.data) for gEtherTout
    tcpudp.o(.text) refers to tcpudp.o(.data) for .data
    applayer.o(.text) refers to led.o(.text) for LED_Flash
    applayer.o(.text) refers to ethercmd.o(.text) for CMD_CONNECTION_Proc
    applayer.o(.text) refers to applayer.o(.constdata) for .constdata
    applayer.o(.text) refers to applayer.o(.bss) for .bss
    ethercmd.o(.text) refers to dev.o(.text) for Dev::Test_RemotePC(const unsigned char*)
    ethercmd.o(.text) refers to chanether.o(.text) for Chan::SetDummyRealDate(unsigned char*, unsigned char)
    ethercmd.o(.text) refers to led.o(.text) for LED_Flash
    ethercmd.o(.text) refers to dev.o(.bss) for cDev
    ethercmd.o(.text) refers to chan.o(.bss) for cChan
    ethercmd.o(.text) refers to chan.o(.data) for pRecBackUp
    ethercmd.o(.text) refers to ethercmd.o(.bss) for .bss
    ethercmd.o(.text) refers to subchan.o(.text) for SubChan::SetIOData(unsigned char*, unsigned char)
    ethercmd.o(.text) refers to app_can.o(.text) for CanNet_CmdSend
    ethercmd.o(.text) refers to rt_memcpy_v6.o(.text) for __aeabi_memcpy
    ethercmd.o(.text) refers to rt_memcpy_w.o(.text) for __aeabi_memcpy4
    ethercmd.o(.text) refers to hal_cm4.o(.emb_text) for _free_box
    ethercmd.o(.text) refers to subchan.o(.bss) for cSubChan
    ethercmd.o(.text) refers to ethercmd.o(.constdata) for .constdata
    ethercmd.o(.text) refers to sys_config.o(.bss) for MBX_Net2MCan
    ethercmd.o(.text) refers to ethercmd.o(.data) for .data
    ethercmd.o(.text) refers to rt_mailbox.o(i.rt_mbx_wait) for rt_mbx_wait
    ethercmd.o(.text) refers to rt_mailbox.o(i.rt_mbx_check) for rt_mbx_check
    ethercmd.o(.text) refers to rt_mailbox.o(i.rt_mbx_send) for rt_mbx_send
    ethercmd.o(.ARM.exidx) refers to ethercmd.o(.text) for .text
    app_can.o(.text) refers to hal_cm4.o(.emb_text) for _alloc_box
    app_can.o(.text) refers to rtx_can.o(.text) for CAN_init
    app_can.o(.text) refers to can_stm32f40x.o(.text) for CAN_hw_rx_object
    app_can.o(.text) refers to parallelchan.o(.text) for ParallelChan::CanRxProc(unsigned char, unsigned char, int*)
    app_can.o(.text) refers to aeabi_vec_ctor_nocookie_nodtor.o(i.__aeabi_vec_ctor_nocookie_nodtor) for __aeabi_vec_ctor_nocookie_nodtor
[...]
    rt_get_PSP                               0x08000273   Thumb Code     6  hal_cm4.o(.emb_text)
    os_set_env                               0x08000279   Thumb Code    24  hal_cm4.o(.emb_text)
    _alloc_box                               0x08000295   Thumb Code    28  hal_cm4.o(.emb_text)
    _free_box                                0x080002b5   Thumb Code    28  hal_cm4.o(.emb_text)
    SVC_Handler                              0x080002d5   Thumb Code   160  hal_cm4.o(.emb_text)
    PendSV_Handler                           0x08000381   Thumb Code   112  hal_cm4.o(.emb_text)
    SysTick_Handler                          0x080003f5   Thumb Code     8  hal_cm4.o(.emb_text)
    OS_Tick_Handler                          0x080003fd   Thumb Code    12  hal_cm4.o(.emb_text)
    tcpudp_task                              0x08000409   Thumb Code    40  main.o(.text)
    Ctrl_task                                0x08000431   Thumb Code    60  main.o(.text)
    TASK_SPI                                 0x0800046d   Thumb Code    14  main.o(.text)
    TASK_CAN1                                0x0800047b   Thumb Code    68  main.o(.text)
    TASK_CAN2                                0x080004bf   Thumb Code    68  main.o(.text)
    main_task                                0x08000503   Thumb Code   232  main.o(.text)
    main                                     0x080005eb   Thumb Code    20  main.o(.text)
    Delay                                    0x080005ff   Thumb Code    10  main.o(.text)
    OsError_Display                          0x08000609   Thumb Code   166  main.o(.text)
    HardFault_Display                        0x080006af   Thumb Code   170  main.o(.text)
    Udpproc_data                             0x080007dd   Thumb Code   118  tcpudp.o(.text)
    RemIP_Test                               0x08000853   Thumb Code     4  tcpudp.o(.text)
    udp_callback                             0x08000857   Thumb Code    58  tcpudp.o(.text)
    App_Er_Process                           0x080008a1   Thumb Code    32  applayer.o(.text)
    Crc16                                    0x080008c1   Thumb Code    42  applayer.o(.text)
    App_L3_Process                           0x080008eb   Thumb Code   454  applayer.o(.text)
    App_L2_Process                           0x08000ab1   Thumb Code   114  applayer.o(.text)
    App_L1_Process                           0x08000b23   Thumb Code   720  applayer.o(.text)
    CMD_CONNECTION_Proc                      0x08000df9   Thumb Code    76  ethercmd.o(.text)
    CMD_RD_REALDATA_Proc                     0x08000e45   Thumb Code  1190  ethercmd.o(.text)
    CMD_CIRCUIT_CTRL_Proc                    0x080012eb   Thumb Code   128  ethercmd.o(.text)
    Chk_StartHead(_strStartCmd_*)            0x0800136b   Thumb Code    88  ethercmd.o(.text)
    Chk_StpProg(_strStpPrg_, unsigned char)  0x080013c3   Thumb Code    64  ethercmd.o(.text)
    CMD_CIRCUIT_START_Proc                   0x08001403   Thumb Code   392  ethercmd.o(.text)
    CMD_MODIFY_DEVINFO_Proc                  0x0800158b   Thumb Code     4  ethercmd.o(.text)
    CMD_CFG_MAC_IP_Proc                      0x0800158f   Thumb Code     4  ethercmd.o(.text)
    CMD_RD_DEV_MAC_IP_Proc                   0x08001593   Thumb Code    22  ethercmd.o(.text)
    CMD_RD_HIP_SMAC_Proc                     0x080015a9   Thumb Code    32  ethercmd.o(.text)
    CMD_RQ_HOSTCTRL_Proc                     0x080015c9   Thumb Code    76  ethercmd.o(.text)
    CMD_RD_ChanInfo_Proc                     0x08001615   Thumb Code   470  ethercmd.o(.text)
    CMD_WR_ChanInfo_Proc                     0x080017eb   Thumb Code   440  ethercmd.o(.text)
    CMD_RD_CtrlCfg_Proc                      0x080019a3   Thumb Code    38  ethercmd.o(.text)
    CMD_WR_CtrlCfg_Proc                      0x080019c9   Thumb Code    56  ethercmd.o(.text)
    CMD_RD_SubChHCfg_Proc                    0x08001a01   Thumb Code    50  ethercmd.o(.text)
    CMD_WR_SubChHCfg_Proc                    0x08001a33   Thumb Code    56  ethercmd.o(.text)
    CMD_RD_SubChSCfg_Proc                    0x08001a6b   Thumb Code    50  ethercmd.o(.text)
    CMD_WR_SubChSCfg_Proc                    0x08001a9d   Thumb Code    56  ethercmd.o(.text)
    CMD_RESET_Dev_Proc                       0x08001ad5   Thumb Code    56  ethercmd.o(.text)
    CMD_RD_SubChReal_Proc                    0x08001b0d   Thumb Code     4  ethercmd.o(.text)
    Check_SubAddr                            0x08001b11   Thumb Code    74  ethercmd.o(.text)
    CMD_RD_SubChInfo_Proc                    0x08001b5b   Thumb Code   488  ethercmd.o(.text)
    CMD_WR_SubChInfo_Proc                    0x08001d43   Thumb Code   520  ethercmd.o(.text)
    CMD_CommTransfer_Proc                    0x08001f4b   Thumb Code    28  ethercmd.o(.text)
    CMD_Transparent_Proc                     0x08001f67   Thumb Code   398  ethercmd.o(.text)
    Get_CANWorkInfo                          0x08002111   Thumb Code    14  app_can.o(.text)
    CanNet_CmdSend                           0x0800211f   Thumb Code   100  app_can.o(.text)
    CanNet_MsgSend                           0x08002183   Thumb Code    82  app_can.o(.text)
    CANCtrl::Hard_Init()                     0x080021d5   Thumb Code    48  app_can.o(.text)
    CAN_Init                                 0x08002205   Thumb Code    40  app_can.o(.text)
    CANCtrl::Recv_In(CAN_msg*)               0x0800222d   Thumb Code    44  app_can.o(.text)
    CAN_Recv_Process                         0x08002259   Thumb Code    18  app_can.o(.text)
    CANCtrl::Send_Out()                      0x0800226b   Thumb Code   244  app_can.o(.text)
    CAN_Send_Process                         0x0800235f   Thumb Code    18  app_can.o(.text)
    CANCtrl::CANCtrl()                       0x08002371   Thumb Code    54  app_can.o(.text)
    CANCtrl::CANCtrl__sub_object()           0x08002371   Thumb Code     0  app_can.o(.text)
    CANCtrl::Get_WorkInfo()                  0x080023a7   Thumb Code     4  app_can.o(.text)
    TstDevExfun                              0x080023f1   Thumb Code    18  dev.o(.text)
    Dev::SetGblFault(unsigned)               0x08002403   Thumb Code    14  dev.o(.text)
    SRAM_Test                                0x08002411   Thumb Code    50  dev.o(.text)
    IP_Reset_Test                            0x08002443   Thumb Code   190  dev.o(.text)
    Dev::ReflashNetCfg()                     0x08002501   Thumb Code    76  dev.o(.text)
    Dev::LoadNetInfo()                       0x0800254d   Thumb Code   136  dev.o(.text)
    Dev::CheckSampTbl(const _strSampTbl_*, unsigned char) 0x080025d5   Thumb Code   296  dev.o(.text)
    Dev::LoadSampCfg()                       0x080026fd   Thumb Code   136  dev.o(.text)
    Dev::CheckSchHdCfg(unsigned char, const unsigned char*) 0x08002785   Thumb Code     4  dev.o(.text)
    Dev::LoadSchHdCfg(unsigned char)         0x08002789   Thumb Code   536  dev.o(.text)
    Dev::LoadSubChCfg()                      0x080029a1   Thumb Code    70  dev.o(.text)
    Dev::InitHostCtrl()                      0x080029e7   Thumb Code    32  dev.o(.text)
    Dev::CheckHostCtrl(const _strHostCtrl_*) 0x08002a07   Thumb Code    10  dev.o(.text)
    Dev::LoadHostCtrl()                      0x08002a11   Thumb Code    62  dev.o(.text)
    Dev::PackLenSetProc()                    0x08002a4f   Thumb Code    98  dev.o(.text)
    Dev::CheckDevInfo(const _strDevInfo_*)   0x08002ab1   Thumb Code   310  dev.o(.text)
    Dev::LoadDevInfo()                       0x08002be7   Thumb Code   140  dev.o(.text)
    Dev::CheckCtrlCfg(const _strCtrlCfg_*)   0x08002c73   Thumb Code   316  dev.o(.text)
    Dev::LoadCtrlCfg()                       0x08002daf   Thumb Code   226  dev.o(.text)
    Init_Dev                                 0x08002e91   Thumb Code   118  dev.o(.text)
    Dev::RstGblFault(unsigned)               0x08002f07   Thumb Code    14  dev.o(.text)
    Dev::Dev()                               0x08002f15   Thumb Code   356  dev.o(.text)
    Dev::Dev__sub_object()                   0x08002f15   Thumb Code     0  dev.o(.text)
    Dev::Rd_DevInfo(unsigned char*, unsigned char) 0x08003079   Thumb Code   926  dev.o(.text)
    Dev::Wr_DevInfo(unsigned char*)          0x08003417   Thumb Code   420  dev.o(.text)
    Dev::SaveDevInfo()                       0x080035bb   Thumb Code   100  dev.o(.text)
    Dev::SaveHostCtrl()                      0x0800361f   Thumb Code    66  dev.o(.text)
    Dev::CopyCtrlCfg(unsigned char*)         0x08003661   Thumb Code    30  dev.o(.text)
    Dev::SaveCtrlCfg(unsigned char*)         0x0800367f   Thumb Code    74  dev.o(.text)
    Dev::CopySubHdCfg(unsigned char*, unsigned char) 0x080036c9   Thumb Code   130  dev.o(.text)
    Dev::SaveSubHdCfg(unsigned char*, unsigned char) 0x0800374b   Thumb Code   738  dev.o(.text)
    Dev::CheckSubChCfg(const _strSubChCfg_*) 0x08003a2d   Thumb Code    16  dev.o(.text)
    Dev::CopySchHdCfg(unsigned char, unsigned char*) 0x08003a3d   Thumb Code     4  dev.o(.text)
    Dev::SaveSchHdCfg(unsigned char, unsigned char*) 0x08003a41   Thumb Code     4  dev.o(.text)
    Dev::CopySampCfg(unsigned char*)         0x08003a45   Thumb Code     4  dev.o(.text)
    Dev::SaveSampCfg(unsigned char*)         0x08003a49   Thumb Code     4  dev.o(.text)
    Dev::CheckNetInfo(const _strLocalM_*)    0x08003a4d   Thumb Code    16  dev.o(.text)
    Dev::Test_AnyChRunning()                 0x08003a5d   Thumb Code    56  dev.o(.text)
    Dev::SetMACIP(unsigned char*)            0x08003a95   Thumb Code   148  dev.o(.text)
    Dev::GetMACIP(unsigned char*)            0x08003b29   Thumb Code    74  dev.o(.text)
    Dev::SetUIMark(unsigned char*)           0x08003b73   Thumb Code    26  dev.o(.text)
    Dev::RD_HIP_SMAC_Proc(unsigned char*, unsigned char) 0x08003b8d   Thumb Code   120  dev.o(.text)
    Dev::GetRTC()                            0x08003c05   Thumb Code     2  dev.o(.text)
    Dev::Test_RemotePC(const unsigned char*) 0x08003c07   Thumb Code   224  dev.o(.text)
    Dev::EmptyPCSlaCtrl(unsigned char)       0x08003ce7   Thumb Code    38  dev.o(.text)
    Dev::PCSlaTout()                         0x08003d0d   Thumb Code    60  dev.o(.text)
    Dev::GetGblFault() const                 0x08003d49   Thumb Code     6  dev.o(.text)
    Get_RenewLine(unsigned short)            0x08003d75   Thumb Code    58  chan.o(.text)
    Chan::RecPtrRst()                        0x08003daf   Thumb Code    36  chan.o(.text)
    ChanRecPtrRstProc                        0x08003dd3   Thumb Code    34  chan.o(.text)
    Chan::Get_ViTiExtremum()                 0x08003df5   Thumb Code   218  chan.o(.text)
    Chan::TickControlProc()                  0x08003ecf   Thumb Code   198  chan.o(.text)
    ControlProc                              0x08003f95   Thumb Code    40  chan.o(.text)
    Chan::Init_PdCntDn()                     0x08003fbd   Thumb Code    20  chan.o(.text)
    Chan::Init_WkData()                      0x08003fd1   Thumb Code    80  chan.o(.text)
    Chan::Clear_Program()                    0x08004021   Thumb Code    42  chan.o(.text)
    Chan::Init_PdData()                      0x0800404b   Thumb Code   306  chan.o(.text)
    Chan::Test_PdData()                      0x0800417d   Thumb Code    98  chan.o(.text)
    Chan::Init_PdMark()                      0x080041df   Thumb Code    10  chan.o(.text)
    Chan::Test_PdMark()                      0x080041e9   Thumb Code    20  chan.o(.text)
    Chan::ClrCanExData()                     0x080041fd   Thumb Code     8  chan.o(.text)
    Chan::ClrCanCtrlData(unsigned char*)     0x08004205   Thumb Code     8  chan.o(.text)
    Chan::Chan()                             0x0800420d   Thumb Code   330  chan.o(.text)
    Chan::Chan__sub_object()                 0x0800420d   Thumb Code     0  chan.o(.text)
    Chan::Test_WkStat(unsigned char)         0x08004357   Thumb Code    42  chan.o(.text)
    Chan::Test_PdResumeMode()                0x08004381   Thumb Code    30  chan.o(.text)
    Chan::Set_PdWkState()                    0x0800439f   Thumb Code    94  chan.o(.text)
    Chan::SetTiNum(unsigned char)            0x080043fd   Thumb Code     2  chan.o(.text)
    Chan::Save_Program()                     0x080043ff   Thumb Code   336  chan.o(.text)
    Chan::Save_RenewStp(unsigned short)      0x0800454f   Thumb Code    12  chan.o(.text)
    Chan::PrgRcvStartCtrl(unsigned short)    0x0800455b   Thumb Code   100  chan.o(.text)
    Chan::GetCtrlData() const                0x080045bf   Thumb Code     8  chan.o(.text)
    Chan::GetOutBit(unsigned char)           0x080045c7   Thumb Code    50  chan.o(.text)
    Chan::Test_RealAbn()                     0x080045f9   Thumb Code     8  chan.o(.text)
    Chan::Set_RealAbn(unsigned short)        0x08004601   Thumb Code     8  chan.o(.text)
    Chan::Set_RealCur(float)                 0x08004609   Thumb Code    10  chan.o(.text)
    Chan::Set_InstCur(int)                   0x08004613   Thumb Code     6  chan.o(.text)
    Chan::Set_RealVol(float)                 0x08004619   Thumb Code    10  chan.o(.text)
    Chan::Set_InstVol(int)                   0x08004623   Thumb Code     6  chan.o(.text)
    Chan::GetSimSetVol()                     0x08004629   Thumb Code    96  chan.o(.text)
    Chan::Set_RealTemp(short)                0x08004689   Thumb Code    26  chan.o(.text)
    Chan::Set_RealPow()                      0x080046a3   Thumb Code     2  chan.o(.text)
    Chan::Set_RealRes()                      0x080046a5   Thumb Code     2  chan.o(.text)
    Chan::Set_RealEngy(float)                0x080046a7   Thumb Code    10  chan.o(.text)
    Chan::Set_RealMVi(int)                   0x080046b1   Thumb Code    22  chan.o(.text)
    Chan::Set_RealMTi(int)                   0x080046c7   Thumb Code    22  chan.o(.text)
    Chan::Set_Stat(unsigned)                 0x080046dd   Thumb Code     8  chan.o(.text)
    Chan::Set_ExData(int, int)               0x080046e5   Thumb Code    74  chan.o(.text)
    Chan::SmokeSemSend()                     0x0800472f   Thumb Code    10  chan.o(.text)
    Chan::InPlaceSemSend()                   0x08004739   Thumb Code    10  chan.o(.text)
    Chan::ManualCtrl(unsigned char*)         0x08004765   Thumb Code   226  chanether.o(.text)
    Chan::CoverReadPoint()                   0x08004847   Thumb Code    12  chanether.o(.text)
    Chan::RecoverReadPoint()                 0x08004853   Thumb Code    12  chanether.o(.text)
    Chan::GetLoadPackLen(unsigned short) const 0x0800485f   Thumb Code    24  chanether.o(.text)
    Chan::GetUnReadRecNum() const            0x08004877   Thumb Code    28  chanether.o(.text)
    Chan::GetReadRecType() const             0x08004893   Thumb Code    30  chanether.o(.text)
    Chan::SetDummyRealDate(unsigned char*, unsigned char) 0x080048b1   Thumb Code   206  chanether.o(.text)
    Chan::SetXitem(unsigned char*, unsigned) 0x0800497f   Thumb Code   176  chanether.o(.text)
    Chan::SetRealDate(unsigned char*)        0x08004a2f   Thumb Code   640  chanether.o(.text)
    Chan::SetOneRec(unsigned char*)          0x08004caf   Thumb Code   736  chanether.o(.text)
    Chan::SetProcRec(unsigned char*)         0x08004f8f   Thumb Code   282  chanether.o(.text)
    Chan::RdRate(unsigned char*)             0x080050a9   Thumb Code    20  chanether.o(.text)
    Chan::WrRate(unsigned char*)             0x080050bd   Thumb Code     4  chanether.o(.text)
    Chan::RdCalib(unsigned char*)            0x080050c1   Thumb Code     4  chanether.o(.text)
    Chan::WrCalib(unsigned char*)            0x080050c5   Thumb Code     4  chanether.o(.text)
    ParallelChan::InitNodeTbl()              0x080050c9   Thumb Code    64  parallelchan.o(.text)
    ParallelChan::LoadNodeTbl()              0x08005109   Thumb Code     2  parallelchan.o(.text)
    Init_ParallelChan                        0x0800510b   Thumb Code     4  parallelchan.o(.text)
    ParallelChan::ParallelChan()             0x0800510f   Thumb Code    72  parallelchan.o(.text)
    ParallelChan::ParallelChan__sub_object() 0x0800510f   Thumb Code     0  parallelchan.o(.text)
    ParallelChan::SaveNodeTbl(unsigned char*) 0x08005157   Thumb Code     4  parallelchan.o(.text)
    ParallelChan::CheckNodeTbl(_strNodeTbl_*) 0x0800515b   Thumb Code    88  parallelchan.o(.text)
    ParallelChan::GetConnectStat(unsigned char) 0x080051b3   Thumb Code     6  parallelchan.o(.text)
    ParallelChan::CanOffTest(unsigned char, short) 0x080051b9   Thumb Code    46  parallelchan.o(.text)
    ParallelChan::ClrCanData(unsigned char)  0x080051e7   Thumb Code    18  parallelchan.o(.text)
    ParallelChan::CanConnectTxProc(unsigned char, CAN_msg*) 0x080051f9   Thumb Code    66  parallelchan.o(.text)
    ParallelChan::CanTxProc(unsigned char, unsigned char, unsigned char, CAN_msg*) 0x0800523b   Thumb Code   474  parallelchan.o(.text)
    ParallelChan::CanRxProc(unsigned char, unsigned char, int*) 0x08005415   Thumb Code   740  parallelchan.o(.text)
    ParallelChan::AllocCanData(_strCanCtrl_) 0x080056f9   Thumb Code    16  parallelchan.o(.text)
    SubChan::SubChan()                       0x08005721   Thumb Code   174  subchan.o(.text)
    SubChan::SubChan__sub_object()           0x08005721   Thumb Code     0  subchan.o(.text)
    SubChan::CanSendProc(CAN_msg*)           0x080057cf   Thumb Code    36  subchan.o(.text)
    SubChan::SetIOData(unsigned char*, unsigned char) 0x080057f3   Thumb Code    38  subchan.o(.text)
    CAN_init                                 0x08005829   Thumb Code   138  rtx_can.o(.text)
    CAN_start                                0x080058b3   Thumb Code    22  rtx_can.o(.text)
    CAN_send                                 0x08005951   Thumb Code    30  rtx_can.o(.text)
    CAN_request                              0x0800596f   Thumb Code     6  rtx_can.o(.text)
    CAN_set                                  0x08005975   Thumb Code    78  rtx_can.o(.text)
    CAN_receive                              0x080059c3   Thumb Code    60  rtx_can.o(.text)
    CAN_rx_object                            0x080059ff   Thumb Code     4  rtx_can.o(.text)
    CAN_tx_object                            0x08005a03   Thumb Code     4  rtx_can.o(.text)
    sys_error                                0x08005a35   Thumb Code   134  net_config.o(.text)
    init_system                              0x08005abb   Thumb Code    26  net_config.o(.text)
    run_system                               0x08005ad5   Thumb Code    18  net_config.o(.text)
    igmp_is_member                           0x08005ae7   Thumb Code     4  net_config.o(.text)
    igmp_process                             0x08005aeb   Thumb Code     2  net_config.o(.text)
    dhcp_disable                             0x08005aed   Thumb Code     2  net_config.o(.text)
    ppp_send_frame                           0x08005aef   Thumb Code     4  net_config.o(.text)
    slip_send_frame                          0x08005af3   Thumb Code     4  net_config.o(.text)
    tcp_config                               0x08005af7   Thumb Code     2  net_config.o(.text)
    os_idle_demon                            0x08005af9   Thumb Code     2  rtx_config.o(.text)
    os_tmr_call                              0x08005afb   Thumb Code     2  rtx_config.o(.text)
    os_error                                 0x08005afd   Thumb Code    14  rtx_config.o(.text)
    __user_perthread_libspace                0x08005b0b   Thumb Code    26  rtx_config.o(.text)
    _mutex_initialize                        0x08005b25   Thumb Code    38  rtx_config.o(.text)
    _mutex_acquire                           0x08005b4b   Thumb Code    26  rtx_config.o(.text)
    _mutex_release                           0x08005b65   Thumb Code    22  rtx_config.o(.text)
    Sys_OS_Init                              0x08005b95   Thumb Code    72  sys_config.o(.text)
    Reset_Handler                            0x08005bf5   Thumb Code     8  startup_stm32f4xx.o(.text)
    NMI_Handler                              0x08005bfd   Thumb Code     2  startup_stm32f4xx.o(.text)
    MemManage_Handler                        0x08005c01   Thumb Code     2  startup_stm32f4xx.o(.text)
    BusFault_Handler                         0x08005c03   Thumb Code     2  startup_stm32f4xx.o(.text)
    UsageFault_Handler                       0x08005c05   Thumb Code     2  startup_stm32f4xx.o(.text)
    DebugMon_Handler                         0x08005c09   Thumb Code     2  startup_stm32f4xx.o(.text)
    ADC_IRQHandler                           0x08005c0f   Thumb Code     0  startup_stm32f4xx.o(.text)
    CAN1_RX1_IRQHandler                      0x08005c0f   Thumb Code     0  startup_stm32f4xx.o(.text)
    CAN1_SCE_IRQHandler                      0x08005c0f   Thumb Code     0  startup_stm32f4xx.o(.text)
    CAN2_RX1_IRQHandler                      0x08005c0f   Thumb Code     0  startup_stm32f4xx.o(.text)
    CAN2_SCE_IRQHandler                      0x08005c0f   Thumb Code     0  startup_stm32f4xx.o(.text)
    CRYP_IRQHandler                          0x08005c0f   Thumb Code     0  startup_stm32f4xx.o(.text)
    DCMI_IRQHandler                          0x08005c0f   Thumb Code     0  startup_stm32f4xx.o(.text)
    DMA1_Stream0_IRQHandler                  0x08005c0f   Thumb Code     0  startup_stm32f4xx.o(.text)
    DMA1_Stream1_IRQHandler                  0x08005c0f   Thumb Code     0  startup_stm32f4xx.o(.text)
    DMA1_Stream2_IRQHandler                  0x08005c0f   Thumb Code     0  startup_stm32f4xx.o(.text)
    DMA1_Stream4_IRQHandler                  0x08005c0f   Thumb Code     0  startup_stm32f4xx.o(.text)
    DMA1_Stream5_IRQHandler                  0x08005c0f   Thumb Code     0  startup_stm32f4xx.o(.text)
    DMA1_Stream6_IRQHandler                  0x08005c0f   Thumb Code     0  startup_stm32f4xx.o(.text)
    DMA1_Stream7_IRQHandler                  0x08005c0f   Thumb Code     0  startup_stm32f4xx.o(.text)
    DMA2_Stream0_IRQHandler                  0x08005c0f   Thumb Code     0  startup_stm32f4xx.o(.text)
    DMA2_Stream1_IRQHandler                  0x08005c0f   Thumb Code     0  startup_stm32f4xx.o(.text)
    DMA2_Stream2_IRQHandler                  0x08005c0f   Thumb Code     0  startup_stm32f4xx.o(.text)
    DMA2_Stream3_IRQHandler                  0x08005c0f   Thumb Code     0  startup_stm32f4xx.o(.text)
    DMA2_Stream4_IRQHandler                  0x08005c0f   Thumb Code     0  startup_stm32f4xx.o(.text)
    DMA2_Stream5_IRQHandler                  0x08005c0f   Thumb Code     0  startup_stm32f4xx.o(.text)
    DMA2_Stream6_IRQHandler                  0x08005c0f   Thumb Code     0  startup_stm32f4xx.o(.text)
    ETH_WKUP_IRQHandler                      0x08005c0f   Thumb Code     0  startup_stm32f4xx.o(.text)
    EXTI0_IRQHandler                         0x08005c0f   Thumb Code     0  startup_stm32f4xx.o(.text)
    EXTI15_10_IRQHandler                     0x08005c0f   Thumb Code     0  startup_stm32f4xx.o(.text)
    EXTI1_IRQHandler                         0x08005c0f   Thumb Code     0  startup_stm32f4xx.o(.text)
    EXTI2_IRQHandler                         0x08005c0f   Thumb Code     0  startup_stm32f4xx.o(.text)
    EXTI3_IRQHandler                         0x08005c0f   Thumb Code     0  startup_stm32f4xx.o(.text)
    EXTI4_IRQHandler                         0x08005c0f   Thumb Code     0  startup_stm32f4xx.o(.text)
    EXTI9_5_IRQHandler                       0x08005c0f   Thumb Code     0  startup_stm32f4xx.o(.text)
    FLASH_IRQHandler                         0x08005c0f   Thumb Code     0  startup_stm32f4xx.o(.text)
    FPU_IRQHandler                           0x08005c0f   Thumb Code     0  startup_stm32f4xx.o(.text)
    FSMC_IRQHandler                          0x08005c0f   Thumb Code     0  startup_stm32f4xx.o(.text)
    HASH_RNG_IRQHandler                      0x08005c0f   Thumb Code     0  startup_stm32f4xx.o(.text)
    I2C1_ER_IRQHandler                       0x08005c0f   Thumb Code     0  startup_stm32f4xx.o(.text)
    I2C1_EV_IRQHandler                       0x08005c0f   Thumb Code     0  startup_stm32f4xx.o(.text)
    I2C2_ER_IRQHandler                       0x08005c0f   Thumb Code     0  startup_stm32f4xx.o(.text)
    I2C2_EV_IRQHandler                       0x08005c0f   Thumb Code     0  startup_stm32f4xx.o(.text)
    I2C3_ER_IRQHandler                       0x08005c0f   Thumb Code     0  startup_stm32f4xx.o(.text)
    I2C3_EV_IRQHandler                       0x08005c0f   Thumb Code     0  startup_stm32f4xx.o(.text)
    OTG_FS_IRQHandler                        0x08005c0f   Thumb Code     0  startup_stm32f4xx.o(.text)
    OTG_FS_WKUP_IRQHandler                   0x08005c0f   Thumb Code     0  startup_stm32f4xx.o(.text)
    OTG_HS_EP1_IN_IRQHandler                 0x08005c0f   Thumb Code     0  startup_stm32f4xx.o(.text)
    OTG_HS_EP1_OUT_IRQHandler                0x08005c0f   Thumb Code     0  startup_stm32f4xx.o(.text)
    OTG_HS_IRQHandler                        0x08005c0f   Thumb Code     0  startup_stm32f4xx.o(.text)
    OTG_HS_WKUP_IRQHandler                   0x08005c0f   Thumb Code     0  startup_stm32f4xx.o(.text)
    PVD_IRQHandler                           0x08005c0f   Thumb Code     0  startup_stm32f4xx.o(.text)
    RCC_IRQHandler                           0x08005c0f   Thumb Code     0  startup_stm32f4xx.o(.text)
    RTC_Alarm_IRQHandler                     0x08005c0f   Thumb Code     0  startup_stm32f4xx.o(.text)
    RTC_WKUP_IRQHandler                      0x08005c0f   Thumb Code     0  startup_stm32f4xx.o(.text)
    SDIO_IRQHandler                          0x08005c0f   Thumb Code     0  startup_stm32f4xx.o(.text)
    SPI1_IRQHandler                          0x08005c0f   Thumb Code     0  startup_stm32f4xx.o(.text)
    SPI3_IRQHandler                          0x08005c0f   Thumb Code     0  startup_stm32f4xx.o(.text)
    TAMP_STAMP_IRQHandler                    0x08005c0f   Thumb Code     0  startup_stm32f4xx.o(.text)
    TIM1_BRK_TIM9_IRQHandler                 0x08005c0f   Thumb Code     0  startup_stm32f4xx.o(.text)
    TIM1_CC_IRQHandler                       0x08005c0f   Thumb Code     0  startup_stm32f4xx.o(.text)
    TIM1_TRG_COM_TIM11_IRQHandler            0x08005c0f   Thumb Code     0  startup_stm32f4xx.o(.text)
    TIM4_IRQHandler                          0x08005c0f   Thumb Code     0  startup_stm32f4xx.o(.text)
    TIM5_IRQHandler                          0x08005c0f   Thumb Code     0  startup_stm32f4xx.o(.text)
    TIM6_DAC_IRQHandler                      0x08005c0f   Thumb Code     0  startup_stm32f4xx.o(.text)
    TIM7_IRQHandler                          0x08005c0f   Thumb Code     0  startup_stm32f4xx.o(.text)
    TIM8_BRK_TIM12_IRQHandler                0x08005c0f   Thumb Code     0  startup_stm32f4xx.o(.text)
    TIM8_CC_IRQHandler                       0x08005c0f   Thumb Code     0  startup_stm32f4xx.o(.text)
    TIM8_TRG_COM_TIM14_IRQHandler            0x08005c0f   Thumb Code     0  startup_stm32f4xx.o(.text)
    TIM8_UP_TIM13_IRQHandler                 0x08005c0f   Thumb Code     0  startup_stm32f4xx.o(.text)
    UART4_IRQHandler                         0x08005c0f   Thumb Code     0  startup_stm32f4xx.o(.text)
    UART5_IRQHandler                         0x08005c0f   Thumb Code     0  startup_stm32f4xx.o(.text)
    USART2_IRQHandler                        0x08005c0f   Thumb Code     0  startup_stm32f4xx.o(.text)
    USART6_IRQHandler                        0x08005c0f   Thumb Code     0  startup_stm32f4xx.o(.text)
    __user_initial_stackheap                 0x08005c11   Thumb Code     0  startup_stm32f4xx.o(.text)
    FSMC_NORSRAMCmd                          0x08005cd7   Thumb Code    28  system_stm32f4xx.o(.text)
    FSMC_NORSRAMInit                         0x08005cf3   Thumb Code   188  system_stm32f4xx.o(.text)
    SystemInit                               0x08005e8f   Thumb Code    78  system_stm32f4xx.o(.text)
    SystemCoreClockUpdate                    0x08005edd   Thumb Code   108  system_stm32f4xx.o(.text)
    init_ethernet                            0x08005fa9   Thumb Code   540  eth_stm32f4xx.o(.text)
    int_enable_eth                           0x080061c5   Thumb Code    10  eth_stm32f4xx.o(.text)
    int_disable_eth                          0x080061cf   Thumb Code    12  eth_stm32f4xx.o(.text)
    send_frame                               0x080061db   Thumb Code    76  eth_stm32f4xx.o(.text)
    ETH_IRQHandler                           0x08006227   Thumb Code   158  eth_stm32f4xx.o(.text)
    CAN_hw_setup                             0x080063ad   Thumb Code   286  can_stm32f40x.o(.text)
    CAN_hw_init                              0x080064cb   Thumb Code    76  can_stm32f40x.o(.text)
    CAN_hw_start                             0x08006517   Thumb Code    28  can_stm32f40x.o(.text)
    CAN_hw_testmode                          0x08006533   Thumb Code    32  can_stm32f40x.o(.text)
    CAN_hw_tx_empty                          0x08006553   Thumb Code    90  can_stm32f40x.o(.text)
    CAN_hw_wr                                0x080065ad   Thumb Code   216  can_stm32f40x.o(.text)
    CAN_hw_set                               0x08006701   Thumb Code     4  can_stm32f40x.o(.text)
    CAN_hw_rx_object                         0x080068cd   Thumb Code   126  can_stm32f40x.o(.text)
    CAN_hw_tx_object                         0x0800694b   Thumb Code     4  can_stm32f40x.o(.text)
    CAN1_TX_IRQHandler                       0x0800694f   Thumb Code    66  can_stm32f40x.o(.text)
    CAN1_RX0_IRQHandler                      0x08006991   Thumb Code    58  can_stm32f40x.o(.text)
    CAN2_TX_IRQHandler                       0x080069cb   Thumb Code    70  can_stm32f40x.o(.text)
    CAN2_RX0_IRQHandler                      0x08006a11   Thumb Code    62  can_stm32f40x.o(.text)
    LED_Off                                  0x08006aa5   Thumb Code    28  led.o(.text)
    LED_Init                                 0x08006ac1   Thumb Code   158  led.o(.text)
    LED_On                                   0x08006b5f   Thumb Code    32  led.o(.text)
    LED_Flash                                0x08006b7f   Thumb Code    40  led.o(.text)
    LED_AllOn                                0x08006ba7   Thumb Code    18  led.o(.text)
    SPI_CS                                   0x08006bdd   Thumb Code    32  spi.o(.text)
    SPI_ByteWr                               0x08006bfd   Thumb Code    26  spi.o(.text)
    SPI_WrSR                                 0x08006c17   Thumb Code    18  spi.o(.text)
    SPI_HOLD                                 0x08006c29   Thumb Code    32  spi.o(.text)
    MRAM_Init                                0x08006c49   Thumb Code    96  spi.o(.text)
    SPI_Init                                 0x08006ca9   Thumb Code   202  spi.o(.text)
    SPI_ByteRd                               0x08006d73   Thumb Code     4  spi.o(.text)
    SPI_RdSR                                 0x08006d77   Thumb Code    16  spi.o(.text)
    Is_WrBusy                                0x08006d87   Thumb Code    12  spi.o(.text)
    SPI_Rd                                   0x08006d93   Thumb Code    60  spi.o(.text)
    SPI_Wr                                   0x08006dcf   Thumb Code    60  spi.o(.text)
    SPI2_IRQHandler                          0x08006e0b   Thumb Code     2  spi.o(.text)
    MRAM_RdSR                                0x08006e0d   Thumb Code    28  spi.o(.text)
    MRAM_WrSR                                0x08006e29   Thumb Code    28  spi.o(.text)
    MRAM_Rd                                  0x08006e45   Thumb Code    42  spi.o(.text)
    MRAM_Wr                                  0x08006e6f   Thumb Code    42  spi.o(.text)
    GPIO_Init                                0x08006eb9   Thumb Code   232  gpio.o(.text)
    GPIO_SetBits                             0x08006fa1   Thumb Code     4  gpio.o(.text)
    GPIO_ResetBits                           0x08006fa5   Thumb Code     4  gpio.o(.text)
    GPIO_WriteBit                            0x08006fa9   Thumb Code    10  gpio.o(.text)
    GPIO_Write                               0x08006fb3   Thumb Code     4  gpio.o(.text)
    NetRst_Read                              0x08006fb7   Thumb Code    12  gpio.o(.text)
    FuncSel_ReadBit                          0x08006fc3   Thumb Code   112  gpio.o(.text)
    FuncSel_ReadWord                         0x08007033   Thumb Code    44  gpio.o(.text)
    SimCan_ReadBit                           0x0800705f   Thumb Code   370  gpio.o(.text)
    TIM1_Init                                0x080071f5   Thumb Code    64  timer.o(.text)
    TIM1_UP_TIM10_IRQHandler                 0x08007235   Thumb Code    26  timer.o(.text)
    IWdg_Init                                0x08007265   Thumb Code    30  watchdog.o(.text)
    WWDG_IRQHandler                          0x08007283   Thumb Code     2  watchdog.o(.text)
    HardFault_Handler                        0x08007285   Thumb Code     4  watchdog.o(.text)
    Uart1SimCan_Init                         0x0800728d   Thumb Code   274  uartsimcan.o(.text)
    DMA2_Stream7_IRQHandler                  0x0800739f   Thumb Code    36  uartsimcan.o(.text)
    USART1_IRQHandler                        0x080073c3   Thumb Code   168  uartsimcan.o(.text)
    Uart3SimCan_Init                         0x0800746b   Thumb Code   276  uartsimcan.o(.text)
    DMA1_Stream3_IRQHandler                  0x0800757f   Thumb Code    30  uartsimcan.o(.text)
    USART3_IRQHandler                        0x0800759d   Thumb Code   170  uartsimcan.o(.text)
    TIM2_IRQHandler                          0x08007647   Thumb Code   114  uartsimcan.o(.text)
    TIM2_Init                                0x080076b9   Thumb Code    80  uartsimcan.o(.text)
    TIM3_IRQHandler                          0x08007709   Thumb Code    48  uartsimcan.o(.text)
    TIM3_Init                                0x08007739   Thumb Code   106  uartsimcan.o(.text)
    SimCan_Init                              0x080077a3   Thumb Code    32  uartsimcan.o(.text)
    SimCAN_hw_wr                             0x080077c3   Thumb Code   162  uartsimcan.o(.text)
    SimCAN_push                              0x08007865   Thumb Code    42  uartsimcan.o(.text)
    __user_libspace                          0x080078ed   Thumb Code     8  libspace.o(.text)
    __user_perproc_libspace                  0x080078ed   Thumb Code     0  libspace.o(.text)
    __aeabi_memcpy                           0x080078f5   Thumb Code     0  rt_memcpy_v6.o(.text)
    __rt_memcpy                              0x080078f5   Thumb Code   138  rt_memcpy_v6.o(.text)
    _memcpy_lastbytes                        0x0800795b   Thumb Code     0  rt_memcpy_v6.o(.text)
    __aeabi_memcpy4                          0x0800797f   Thumb Code     0  rt_memcpy_w.o(.text)
    __aeabi_memcpy8                          0x0800797f   Thumb Code     0  rt_memcpy_w.o(.text)
    __rt_memcpy_w                            0x0800797f   Thumb Code   100  rt_memcpy_w.o(.text)
    _memcpy_lastbytes_aligned                0x080079c7   Thumb Code     0  rt_memcpy_w.o(.text)
    __aeabi_memclr                           0x080079e3   Thumb Code     0  rt_memclr.o(.text)
    __rt_memclr                              0x080079e3   Thumb Code    68  rt_memclr.o(.text)
    _memset                                  0x080079e7   Thumb Code     0  rt_memclr.o(.text)
    __aeabi_memclr4                          0x08007a27   Thumb Code     0  rt_memclr_w.o(.text)
    __aeabi_memclr8                          0x08007a27   Thumb Code     0  rt_memclr_w.o(.text)
    __rt_memclr_w                            0x08007a27   Thumb Code    78  rt_memclr_w.o(.text)
    _memset_w                                0x08007a2b   Thumb Code     0  rt_memclr_w.o(.text)
    __use_two_region_memory                  0x08007a75   Thumb Code     2  heapauxi.o(.text)
    __rt_heap_escrow                         0x08007a77   Thumb Code     2  heapauxi.o(.text)
    __rt_heap_expand                         0x08007a79   Thumb Code     2  heapauxi.o(.text)
    __cpp_initialize__aeabi_                 0x08007a7d   Thumb Code    26  init_aeabi.o(.text)
    __user_setup_stackheap                   0x08007aa1   Thumb Code    74  sys_stackheap_outer.o(.text)
    exit                                     0x08007aeb   Thumb Code    12  exit.o(.text)
    _sys_exit                                0x08007af9   Thumb Code     8  sys_exit.o(.text)
    __I$use$semihosting                      0x08007b05   Thumb Code     0  use_no_semi.o(.text)
    __use_no_semihosting_swi                 0x08007b05   Thumb Code     2  use_no_semi.o(.text)
    __semihosting_library_function           0x08007b07   Thumb Code     0  indicate_semi.o(.text)
    SVC_Count                                0x08007b08   Data           4  SVC_Table.o(SVC_TABLE)
    SVC_Table                                0x08007b0c   Data           0  SVC_Table.o(SVC_TABLE)
    __aeabi_vec_ctor_nocookie_nodtor         0x08007b0d   Thumb Code    34  aeabi_vec_ctor_nocookie_nodtor.o(i.__aeabi_vec_ctor_nocookie_nodtor)
    _init_box                                0x08007b2f   Thumb Code    70  rt_membox.o(i._init_box)
    alloc_mem                                0x08007b75   Thumb Code   180  at_mem.o(i.alloc_mem)
    arp_cache_add                            0x08007c31   Thumb Code   174  at_arp.o(i.arp_cache_add)
    arp_cache_early                          0x08007d71   Thumb Code   142  at_arp.o(i.arp_cache_early)
    arp_cache_find                           0x08007e09   Thumb Code   168  at_arp.o(i.arp_cache_find)
    arp_cache_update                         0x08007ebd   Thumb Code   228  at_arp.o(i.arp_cache_update)
    arp_init                                 0x08007fb1   Thumb Code    34  at_arp.o(i.arp_init)
    arp_notify                               0x08008011   Thumb Code    26  at_arp.o(i.arp_notify)
    arp_process                              0x080080c1   Thumb Code   294  at_arp.o(i.arp_process)
    calc_chksum16be                          0x08008351   Thumb Code    18  at_lib.o(i.calc_chksum16be)
    chksum16_buf                             0x08008365   Thumb Code    40  at_lib.o(i.chksum16_buf)
    chksum16_val                             0x0800838d   Thumb Code    10  at_lib.o(i.chksum16_val)
    dbg_init                                 0x08008399   Thumb Code    34  hal_cm4.o(i.dbg_init)
    dbg_task_notify                          0x080083c9   Thumb Code    32  hal_cm4.o(i.dbg_task_notify)
    dbg_task_switch                          0x080083e9   Thumb Code    16  hal_cm4.o(i.dbg_task_switch)
    eth_chk_adr                              0x080083f9   Thumb Code    10  at_ethernet.o(i.eth_chk_adr)
    eth_init_link                            0x08008409   Thumb Code    40  at_ethernet.o(i.eth_init_link)
    eth_run_link                             0x0800843d   Thumb Code   194  at_ethernet.o(i.eth_run_link)
    eth_send_frame                           0x08008511   Thumb Code   150  at_ethernet.o(i.eth_send_frame)
    free_mem                                 0x080085b9   Thumb Code   124  at_mem.o(i.free_mem)
    get_rnd32                                0x08008665   Thumb Code    18  at_system.o(i.get_rnd32)
    icmp_init                                0x08008681   Thumb Code    10  at_icmp.o(i.icmp_init)
    icmp_process                             0x08008691   Thumb Code   198  at_icmp.o(i.icmp_process)
    icmp_run_engine                          0x0800875d   Thumb Code    58  at_icmp.o(i.icmp_run_engine)
    ifree_mem                                0x08008815   Thumb Code    48  at_mem.o(i.ifree_mem)
    init_TcpNet                              0x0800884d   Thumb Code    34  at_system.o(i.init_TcpNet)
    init_mem                                 0x08008879   Thumb Code    36  at_mem.o(i.init_mem)
    ip_chk_frame                             0x080088a5   Thumb Code   190  at_ip.o(i.ip_chk_frame)
    ip_get_locadr                            0x08008979   Thumb Code   166  at_ip.o(i.ip_get_locadr)
    ip_init                                  0x08008a31   Thumb Code     8  at_ip.o(i.ip_init)
    ip_run_local                             0x08008a3d   Thumb Code    82  at_ip.o(i.ip_run_local)
    ip_send_frame                            0x08008a99   Thumb Code   328  at_ip.o(i.ip_send_frame)
    is_subnet                                0x08008be9   Thumb Code    20  at_lib.o(i.is_subnet)
    isr_mbx_receive                          0x08008bfd   Thumb Code    84  rt_mailbox.o(i.isr_mbx_receive)
    isr_mbx_send                             0x08008c51   Thumb Code    14  rt_mailbox.o(i.isr_mbx_send)
    isr_sem_send                             0x08008c5f   Thumb Code    16  rt_semaphore.o(i.isr_sem_send)
    main_TcpNet                              0x08008c71   Thumb Code    86  at_system.o(i.main_TcpNet)
    mem_comp                                 0x08008cd5   Thumb Code    26  at_lib.o(i.mem_comp)
    mem_copy                                 0x08008cef   Thumb Code    22  at_lib.o(i.mem_copy)
    mem_crc32                                0x08008d05   Thumb Code    32  at_lib.o(i.mem_crc32)
    mem_set                                  0x08008d25   Thumb Code    12  at_lib.o(i.mem_set)
    mem_test                                 0x08008d31   Thumb Code    22  at_lib.o(i.mem_test)
    nrd_u32be                                0x08008d47   Thumb Code    22  at_lib.o(i.nrd_u32be)
    nwr_u32be                                0x08008d5d   Thumb Code    16  at_lib.o(i.nwr_u32be)
    os_tick_init                             0x08008d6d   Thumb Code    32  rt_system.o(i.os_tick_init)
    os_tick_irqack                           0x08008d95   Thumb Code     2  rt_system.o(i.os_tick_irqack)
    put_in_queue                             0x08008d99   Thumb Code    36  at_ethernet.o(i.put_in_queue)
    resize_mem                               0x08008dc1   Thumb Code    68  at_mem.o(i.resize_mem)
    rt_alloc_box                             0x08008e09   Thumb Code    26  rt_membox.o(i.rt_alloc_box)
    rt_block                                 0x08008e25   Thumb Code    48  rt_task.o(i.rt_block)
    rt_chk_robin                             0x08008e5d   Thumb Code    60  rt_robin.o(i.rt_chk_robin)
    rt_dec_dly                               0x08008ea5   Thumb Code   106  rt_list.o(i.rt_dec_dly)
    rt_dispatch                              0x08008f19   Thumb Code    60  rt_task.o(i.rt_dispatch)
    rt_dly_wait                              0x08008f5d   Thumb Code     6  rt_time.o(i.rt_dly_wait)
    rt_evt_psh                               0x08008f65   Thumb Code    72  rt_event.o(i.rt_evt_psh)
    rt_free_box                              0x08008fb1   Thumb Code    32  rt_membox.o(i.rt_free_box)
    rt_get_first                             0x08008fd1   Thumb Code    40  rt_list.o(i.rt_get_first)
    rt_init_robin                            0x08009045   Thumb Code    14  rt_robin.o(i.rt_init_robin)
    rt_init_stack                            0x0800905d   Thumb Code    70  hal_cm4.o(i.rt_init_stack)
    rt_mbx_check                             0x080090ad   Thumb Code     8  rt_mailbox.o(i.rt_mbx_check)
    rt_mbx_init                              0x080090b5   Thumb Code    26  rt_mailbox.o(i.rt_mbx_init)
    rt_mbx_psh                               0x080090d1   Thumb Code   188  rt_mailbox.o(i.rt_mbx_psh)
    rt_mbx_send                              0x08009191   Thumb Code   158  rt_mailbox.o(i.rt_mbx_send)
    rt_mbx_wait                              0x08009235   Thumb Code   180  rt_mailbox.o(i.rt_mbx_wait)
    rt_mut_init                              0x080092ed   Thumb Code    16  rt_mutex.o(i.rt_mut_init)
    rt_mut_release                           0x080092fd   Thumb Code   220  rt_mutex.o(i.rt_mut_release)
    rt_mut_wait                              0x080093e1   Thumb Code   100  rt_mutex.o(i.rt_mut_wait)
    rt_pop_req                               0x08009449   Thumb Code   110  rt_system.o(i.rt_pop_req)
    rt_psh_req                               0x080094c5   Thumb Code    22  rt_system.o(i.rt_psh_req)
    rt_psq_enq                               0x080094e5   Thumb Code    82  rt_list.o(i.rt_psq_enq)
    rt_put_dly                               0x0800953d   Thumb Code    68  rt_list.o(i.rt_put_dly)
    rt_put_prio                              0x08009585   Thumb Code    54  rt_list.o(i.rt_put_prio)
    rt_put_rdy_first                         0x080095bd   Thumb Code    14  rt_list.o(i.rt_put_rdy_first)
    rt_resort_prio                           0x080095d1   Thumb Code    46  rt_list.o(i.rt_resort_prio)
    rt_rmv_dly                               0x08009605   Thumb Code    40  rt_list.o(i.rt_rmv_dly)
    rt_rmv_list                              0x0800962d   Thumb Code    44  rt_list.o(i.rt_rmv_list)
    rt_sem_init                              0x0800965d   Thumb Code    12  rt_semaphore.o(i.rt_sem_init)
    rt_sem_psh                               0x08009669   Thumb Code    46  rt_semaphore.o(i.rt_sem_psh)
    rt_sem_send                              0x0800969d   Thumb Code    52  rt_semaphore.o(i.rt_sem_send)
    rt_sem_wait                              0x080096d5   Thumb Code    58  rt_semaphore.o(i.rt_sem_wait)
    rt_stk_check                             0x08009715   Thumb Code    28  rt_system.o(i.rt_stk_check)
    rt_switch_req                            0x08009739   Thumb Code    30  rt_task.o(i.rt_switch_req)
    rt_sys_init                              0x08009761   Thumb Code   266  rt_task.o(i.rt_sys_init)
    rt_systick                               0x080098b9   Thumb Code    50  rt_system.o(i.rt_systick)
    rt_tmr_tick                              0x080098f9   Thumb Code    56  rt_timer.o(i.rt_tmr_tick)
    rt_tsk_create                            0x08009939   Thumb Code   126  rt_task.o(i.rt_tsk_create)
    rt_tsk_lock                              0x080099cd   Thumb Code    70  rt_system.o(i.rt_tsk_lock)
    rt_tsk_prio                              0x08009a1d   Thumb Code   122  rt_task.o(i.rt_tsk_prio)
    rt_tsk_self                              0x08009aa9   Thumb Code    12  rt_task.o(i.rt_tsk_self)
    rt_tsk_unlock                            0x08009ab9   Thumb Code    70  rt_system.o(i.rt_tsk_unlock)
    tcp_process                              0x08009ba5   Thumb Code  1134  at_tcp.o(i.tcp_process)
    timer_tick                               0x0800a2bd   Thumb Code     8  at_system.o(i.timer_tick)
    udp_get_buf                              0x0800a2c9   Thumb Code    32  at_udp.o(i.udp_get_buf)
    udp_get_socket                           0x0800a2e9   Thumb Code    62  at_udp.o(i.udp_get_socket)
    udp_init                                 0x0800a32d   Thumb Code    18  at_udp.o(i.udp_init)
    udp_open                                 0x0800a345   Thumb Code    96  at_udp.o(i.udp_open)
    udp_process                              0x0800a3d9   Thumb Code   178  at_udp.o(i.udp_process)
    udp_send                                 0x0800a491   Thumb Code   280  at_udp.o(i.udp_send)
    _fp_init                                 0x0800a5ad   Thumb Code    10  fpinit.o(x$fpl$fpinit)
    __fplib_config_fpu_vfp                   0x0800a5b5   Thumb Code     0  fpinit.o(x$fpl$fpinit)
    __fplib_config_pureend_doubles           0x0800a5b5   Thumb Code     0  fpinit.o(x$fpl$fpinit)
    CMD_VER_TBL                              0x0800a5b6   Data         256  applayer.o(.constdata)
    crc_tab                                  0x0800a6b6   Data         512  applayer.o(.constdata)
    sys_config                               0x0800a958   Data          16  net_config.o(.constdata)
    arp_config                               0x0800a968   Data          12  net_config.o(.constdata)
    udp_config                               0x0800a974   Data           8  net_config.o(.constdata)
    os_maxtaskrun                            0x0800a97c   Data           2  rtx_config.o(.constdata)
    os_stackinfo                             0x0800a980   Data           4  rtx_config.o(.constdata)
    os_rrobin                                0x0800a984   Data           4  rtx_config.o(.constdata)
    os_trv                                   0x0800a988   Data           4  rtx_config.o(.constdata)
    os_flags                                 0x0800a98c   Data           1  rtx_config.o(.constdata)
    os_clockrate                             0x0800a990   Data           4  rtx_config.o(.constdata)
    os_timernum                              0x0800a994   Data           4  rtx_config.o(.constdata)
    mp_tcb_size                              0x0800a998   Data           2  rtx_config.o(.constdata)
    mp_stk_size                              0x0800a99c   Data           4  rtx_config.o(.constdata)
    os_fifo_size                             0x0800a9a0   Data           1  rtx_config.o(.constdata)
    mp_tmr_size                              0x0800a9a2   Data           2  rtx_config.o(.constdata)
    led_mask                                 0x0800a9a4   Data          32  led.o(.constdata)
    IP_Broadcast                             0x0800a9ca   Data           4  at_ip.o(.constdata)
    MAC_Broadcast                            0x0800a9d2   Data           6  at_ethernet.o(.constdata)
    RL_RTX_Version                           0x0800a9d8   Data           4  rt_system.o(.constdata)
    Region$$Table$$Base                      0x0800a9dc   Number         0  anon$$obj.o(Region$$Table)
    Region$$Table$$Limit                     0x0800a9fc   Number         0  anon$$obj.o(Region$$Table)
    SHT$$INIT_ARRAY$$Base                    0x0800a9fc   Number         0  app_can.o(.init_array)
    SHT$$INIT_ARRAY$$Limit                   0x0800aa10   Number         0  subchan.o(.init_array)
    socket_udp                               0x20000001   Data           1  main.o(.data)
    gEtherTout                               0x2000001c   Data           4  main.o(.data)
    gFunSelBit                               0x20000020   Data           4  main.o(.data)
    gSimCanBit                               0x20000024   Data           4  main.o(.data)
    own_hw_adr                               0x20000028   Data           6  tcpudp.o(.data)
    nlocalm                                  0x2000002e   Data          60  tcpudp.o(.data)
    Rem_PORT                                 0x2000006a   Data           2  tcpudp.o(.data)
    Rem_IP                                   0x2000006c   Data           4  tcpudp.o(.data)
    Loc_PORT                                 0x20000070   Data           2  tcpudp.o(.data)
    pRecBackUp                               0x2000009c   Data           4  chan.o(.data)
    bInitMpool                               0x200000a3   Data           1  rtx_can.o(.data)
    lhost_name                               0x200000a4   Data          16  net_config.o(.data)
    m_tmr                                    0x200000b4   Data           4  rtx_config.o(.data)
    CtrltskId                                0x200000bc   Data           4  sys_config.o(.data)
    UDPTsk_Id                                0x200000c0   Data           4  sys_config.o(.data)
    SPITsKId                                 0x200000c4   Data           4  sys_config.o(.data)
    CANTsk_Id                                0x200000c8   Data           8  sys_config.o(.data)
    semETH                                   0x200000d0   Data           8  sys_config.o(.data)
    CtrlTick_sem                             0x200000d8   Data           8  sys_config.o(.data)
    SystemCoreClock                          0x200000e0   Data           4  system_stm32f4xx.o(.data)
    AHBPrescTable                            0x200000e4   Data          16  system_stm32f4xx.o(.data)
    EmptyBox                                 0x200000f8   Data           1  can_stm32f40x.o(.data)
    CAN_CTRL                                 0x20000100   Data           8  can_stm32f40x.o(.data)
    U1ReTxcnt                                0x20000108   Data           4  uartsimcan.o(.data)
    U3ReTxcnt                                0x2000010c   Data           4  uartsimcan.o(.data)
    lenU0                                    0x20000114   Data           4  uartsimcan.o(.data)
    os_tsk                                   0x20000138   Data           8  rt_task.o(.data)
    os_tick_irqn                             0x20000144   Data           4  rt_system.o(.data)
    os_time                                  0x20000148   Data           4  rt_time.o(.data)
    dbg_msg                                  0x2000014c   Data           1  hal_cm4.o(.data)
    os_tmr                                   0x20000150   Data           8  rt_timer.o(.data)
    os_robin                                 0x20000158   Data           8  rt_robin.o(.data)
    tcpudp_stack                             0x20000160   Data        1024  main.o(.bss)
    ctr_stack                                0x20000560   Data        1024  main.o(.bss)
    tsk_SPI_stk                              0x20000960   Data         512  main.o(.bss)
    tsk_CAN1_stk                             0x20000b60   Data        1024  main.o(.bss)
    tsk_CAN2_stk                             0x20000f60   Data         512  main.o(.bss)
    BackBuf                                  0x20001160   Data        1494  tcpudp.o(.bss)
    L1_RxBuf                                 0x20001736   Data        1494  applayer.o(.bss)
    L1_TxBuf                                 0x20001d0c   Data        1494  applayer.o(.bss)
    L2_Buf                                   0x200022e2   Data        1494  applayer.o(.bss)
    ProcDataBuf                              0x20002958   Data        1500  ethercmd.o(.bss)
    cCAN                                     0x20002f34   Data          56  app_can.o(.bss)
    cDev                                     0x20002f6c   Data        2112  dev.o(.bss)
    cChan                                    0x200037ac   Data       13056  chan.o(.bss)
    PrgRcvCtrl                               0x20006aac   Data       11184  chan.o(.bss)
    cParallelChan                            0x2000965c   Data        8700  parallelchan.o(.bss)
    cSubChan                                 0x2000b858   Data        5844  subchan.o(.bss)
    CAN_mpool                                0x2000cf2c   Data        1292  rtx_can.o(.bss)
    MBX_tx_ctrl                              0x2000d438   Data         192  rtx_can.o(.bss)
    MBX_rx_ctrl                              0x2000d4f8   Data         192  rtx_can.o(.bss)
    wr_sem                                   0x2000d5b8   Data          16  rtx_can.o(.bss)
    mp_tcb                                   0x2000f66c   Data         444  rtx_config.o(.bss)
    mp_stk                                   0x2000f828   Data        9232  rtx_config.o(.bss)
    os_fifo                                  0x20011c38   Data         260  rtx_config.o(.bss)
    os_active_TCB                            0x20011d3c   Data          36  rtx_config.o(.bss)
    CanNet_mpool                             0x20012120   Data        3100  sys_config.o(.bss)
    MBX_MCan2Net                             0x20012d3c   Data          36  sys_config.o(.bss)
    MBX_SCan2Net                             0x20012d60   Data          36  sys_config.o(.bss)
    MBX_Net2MCan                             0x20012d84   Data         788  sys_config.o(.bss)
    MBX_Net2SCan                             0x20013098   Data          36  sys_config.o(.bss)
    SPI_mutex                                0x200130bc   Data          12  sys_config.o(.bss)
    U1DmaRxd                                 0x20015548   Data         256  uartsimcan.o(.bss)
    U1DmaTxd                                 0x20015648   Data         256  uartsimcan.o(.bss)
    U3DmaRxd                                 0x20015748   Data         256  uartsimcan.o(.bss)
    U3DmaTxd                                 0x20015848   Data         256  uartsimcan.o(.bss)
    localm                                   0x200159dc   Data          60  at_system.o(.bss)
    sys_control                              0x20015a18   Data          12  at_system.o(.bss)
    os_idle_TCB                              0x20015a24   Data          56  rt_task.o(.bss)
    os_rdy                                   0x20015a5c   Data          24  rt_list.o(.bss)
    os_dly                                   0x20015a74   Data          24  rt_list.o(.bss)
    __libspace_start                         0x20015a8c   Data          96  libspace.o(.bss)
    __temporary_stack_top$libspace           0x20015aec   Data           0  libspace.o(.bss)



==============================================================================

Memory Map of the image

  Image Entry point : 0x08000189

  Load Region LR_IROM1 (Base: 0x08000000, Size: 0x0000ab70, Max: 0x00100000, ABSOLUTE, COMPRESSED[0x0000aa5c])

    Execution Region ER_IROM1 (Base: 0x08000000, Size: 0x0000aa10, Max: 0x00100000, ABSOLUTE)

    Base Addr    Size         Type   Attr      Idx    E Section Name        Object

    0x08000000   0x00000188   Data   RO          689    RESET               startup_stm32f4xx.o
    0x08000188   0x00000008   Code   RO         1761  * !!!main             c_w.l(__main.o)
    0x08000190   0x00000034   Code   RO         2047    !!!scatter          c_w.l(__scatter.o)
    0x080001c4   0x0000005a   Code   RO         2045    !!dczerorl2         c_w.l(__dczerorl2.o)
    0x0800021e   0x00000002   PAD
    0x08000220   0x0000001c   Code   RO         2049    !!handler_zi        c_w.l(__scatter_zi.o)
    0x0800023c   0x00000002   Code   RO         1852    .ARM.Collect$$libinit$$00000000  c_w.l(libinit.o)
    0x0800023e   0x00000004   Code   RO         1773    .ARM.Collect$$libinit$$00000001  c_w.l(libinit2.o)
    0x08000242   0x00000000   Code   RO         1777    .ARM.Collect$$libinit$$00000008  c_w.l(libinit2.o)
    0x08000242   0x00000000   Code   RO         1779    .ARM.Collect$$libinit$$0000000A  c_w.l(libinit2.o)
    0x08000242   0x00000000   Code   RO         1781    .ARM.Collect$$libinit$$0000000C  c_w.l(libinit2.o)
    0x08000242   0x00000000   Code   RO         1784    .ARM.Collect$$libinit$$0000000F  c_w.l(libinit2.o)
    0x08000242   0x00000000   Code   RO         1786    .ARM.Collect$$libinit$$00000011  c_w.l(libinit2.o)
    0x08000242   0x00000000   Code   RO         1788    .ARM.Collect$$libinit$$00000013  c_w.l(libinit2.o)
    0x08000242   0x00000000   Code   RO         1790    .ARM.Collect$$libinit$$00000015  c_w.l(libinit2.o)
    0x08000242   0x00000000   Code   RO         1792    .ARM.Collect$$libinit$$00000017  c_w.l(libinit2.o)
    0x08000242   0x00000000   Code   RO         1794    .ARM.Collect$$libinit$$00000019  c_w.l(libinit2.o)
    0x08000242   0x00000000   Code   RO         1796    .ARM.Collect$$libinit$$0000001B  c_w.l(libinit2.o)
    0x08000242   0x00000000   Code   RO         1798    .ARM.Collect$$libinit$$0000001D  c_w.l(libinit2.o)
    0x08000242   0x00000000   Code   RO         1800    .ARM.Collect$$libinit$$0000001F  c_w.l(libinit2.o)
    0x08000242   0x00000000   Code   RO         1802    .ARM.Collect$$libinit$$00000021  c_w.l(libinit2.o)
    0x08000242   0x00000000   Code   RO         1804    .ARM.Collect$$libinit$$00000023  c_w.l(libinit2.o)
    0x08000242   0x00000000   Code   RO         1808    .ARM.Collect$$libinit$$0000002A  c_w.l(libinit2.o)
    0x08000242   0x00000000   Code   RO         1810    .ARM.Collect$$libinit$$0000002C  c_w.l(libinit2.o)
    0x08000242   0x00000000   Code   RO         1812    .ARM.Collect$$libinit$$0000002E  c_w.l(libinit2.o)
    0x08000242   0x00000004   Code   RO         1813    .ARM.Collect$$libinit$$0000002F  c_w.l(libinit2.o)
    0x08000246   0x00000000   Code   RO         1814    .ARM.Collect$$libinit$$00000030  c_w.l(libinit2.o)
    0x08000246   0x00000002   Code   RO         1815    .ARM.Collect$$libinit$$00000031  c_w.l(libinit2.o)
    0x08000248   0x00000002   Code   RO         2003    .ARM.Collect$$libshutdown$$00000000  c_w.l(libshutdown.o)
    0x0800024a   0x00000000   Code   RO         2012    .ARM.Collect$$libshutdown$$00000003  c_w.l(libshutdown2.o)
    0x0800024a   0x00000000   Code   RO         2015    .ARM.Collect$$libshutdown$$00000006  c_w.l(libshutdown2.o)
    0x0800024a   0x00000000   Code   RO         2018    .ARM.Collect$$libshutdown$$00000009  c_w.l(libshutdown2.o)
    0x0800024a   0x00000000   Code   RO         2020    .ARM.Collect$$libshutdown$$0000000B  c_w.l(libshutdown2.o)
    0x0800024a   0x00000000   Code   RO         2023    .ARM.Collect$$libshutdown$$0000000E  c_w.l(libshutdown2.o)
    0x0800024a   0x00000002   Code   RO         2024    .ARM.Collect$$libshutdown$$0000000F  c_w.l(libshutdown2.o)
    0x0800024c   0x00000000   Code   RO         1772    .ARM.Collect$$rtentry$$00000000  c_w.l(rtentry.o)
    0x0800024c   0x00000000   Code   RO         1819    .ARM.Collect$$rtentry$$00000002  c_w.l(rtentry2.o)
    0x0800024c   0x00000006   Code   RO         1831    .ARM.Collect$$rtentry$$00000004  c_w.l(rtentry4.o)
    0x08000252   0x00000000   Code   RO         1821    .ARM.Collect$$rtentry$$00000009  c_w.l(rtentry2.o)
    0x08000252   0x00000004   Code   RO         1822    .ARM.Collect$$rtentry$$0000000A  c_w.l(rtentry2.o)
    0x08000256   0x00000000   Code   RO         1824    .ARM.Collect$$rtentry$$0000000C  c_w.l(rtentry2.o)
    0x08000256   0x00000008   Code   RO         1825    .ARM.Collect$$rtentry$$0000000D  c_w.l(rtentry2.o)
    0x0800025e   0x00000002   Code   RO         1861    .ARM.Collect$$rtexit$$00000000  c_w.l(rtexit.o)
    0x08000260   0x00000000   Code   RO         1941    .ARM.Collect$$rtexit$$00000002  c_w.l(rtexit2.o)
    0x08000260   0x00000004   Code   RO         1942    .ARM.Collect$$rtexit$$00000003  c_w.l(rtexit2.o)
    0x08000264   0x00000006   Code   RO         1943    .ARM.Collect$$rtexit$$00000004  c_w.l(rtexit2.o)
    0x0800026a   0x00000002   PAD
    0x0800026c   0x0000019c   Code   RO         1430    .emb_text           RTX_CM4.LIB(hal_cm4.o)
    0x08000408   0x000003d4   Code   RO            3    .text               main.o
    0x080007dc   0x000000c4   Code   RO          113    .text               tcpudp.o
    0x080008a0   0x00000558   Code   RO          162    .text               applayer.o
    0x08000df8   0x00001318   Code   RO          198    .text               ethercmd.o
    0x08002110   0x000002e0   Code   RO          282    .text               app_can.o
    0x080023f0   0x00001984   Code   RO          341    .text               dev.o
    0x08003d74   0x000009f0   Code   RO          404    .text               chan.o
    0x08004764   0x00000964   Code   RO          437    .text               chanether.o
    0x080050c8   0x00000658   Code   RO          483    .text               parallelchan.o
    0x08005720   0x00000108   Code   RO          532    .text               subchan.o
    0x08005828   0x0000020c   Code   RO          572    .text               rtx_can.o
    0x08005a34   0x000000c4   Code   RO          592    .text               net_config.o
    0x08005af8   0x0000009c   Code   RO          622    .text               rtx_config.o
    0x08005b94   0x00000060   Code   RO          657    .text               sys_config.o
    0x08005bf4   0x00000040   Code   RO          690    .text               startup_stm32f4xx.o
    0x08005c34   0x00000374   Code   RO          696    .text               system_stm32f4xx.o
    0x08005fa8   0x00000404   Code   RO          726    .text               eth_stm32f4xx.o
    0x080063ac   0x000006f8   Code   RO          753    .text               can_stm32f40x.o
    0x08006aa4   0x00000138   Code   RO          791    .text               led.o
    0x08006bdc   0x000002dc   Code   RO          819    .text               spi.o
    0x08006eb8   0x0000033c   Code   RO          846    .text               gpio.o
    0x080071f4   0x00000070   Code   RO          869    .text               timer.o
    0x08007264   0x00000028   Code   RO          900    .text               watchdog.o
    0x0800728c   0x00000660   Code   RO          923    .text               uartsimcan.o
    0x080078ec   0x00000008   Code   RO         1748    .text               c_w.l(libspace.o)
    0x080078f4   0x0000008a   Code   RO         1751    .text               c_w.l(rt_memcpy_v6.o)
    0x0800797e   0x00000064   Code   RO         1753    .text               c_w.l(rt_memcpy_w.o)
    0x080079e2   0x00000044   Code   RO         1755    .text               c_w.l(rt_memclr.o)
    0x08007a26   0x0000004e   Code   RO         1757    .text               c_w.l(rt_memclr_w.o)
    0x08007a74   0x00000006   Code   RO         1759    .text               c_w.l(heapauxi.o)
    0x08007a7a   0x00000002   PAD
    0x08007a7c   0x00000024   Code   RO         1766    .text               c_w.l(init_aeabi.o)
    0x08007aa0   0x0000004a   Code   RO         1839    .text               c_w.l(sys_stackheap_outer.o)
    0x08007aea   0x0000000c   Code   RO         1841    .text               c_w.l(exit.o)
    0x08007af6   0x00000002   PAD
    0x08007af8   0x0000000c   Code   RO         1935    .text               c_w.l(sys_exit.o)
    0x08007b04   0x00000002   Code   RO         1937    .text               c_w.l(use_no_semi.o)
    0x08007b06   0x00000000   Code   RO         1939    .text               c_w.l(indicate_semi.o)
    0x08007b06   0x00000002   PAD
    0x08007b08   0x00000004   Code   RO         1743    SVC_TABLE           RTX_CM4.LIB(SVC_Table.o)
    0x08007b0c   0x00000022   Code   RO         1769    i.__aeabi_vec_ctor_nocookie_nodtor  cpprt_w.l(aeabi_vec_ctor_nocookie_nodtor.o)
    0x08007b2e   0x00000046   Code   RO         1401    i._init_box         RTX_CM4.LIB(rt_membox.o)
    0x08007b74   0x000000bc   Code   RO         1046    i.alloc_mem         TCP_CM3.lib(at_mem.o)
    0x08007c30   0x000000b8   Code   RO          946    i.arp_cache_add     TCP_CM3.lib(at_arp.o)
    0x08007ce8   0x00000088   Code   RO          947    i.arp_cache_alloc   TCP_CM3.lib(at_arp.o)
    0x08007d70   0x00000098   Code   RO          948    i.arp_cache_early   TCP_CM3.lib(at_arp.o)
    0x08007e08   0x000000b4   Code   RO          949    i.arp_cache_find    TCP_CM3.lib(at_arp.o)
    0x08007ebc   0x000000f4   Code   RO          952    i.arp_cache_update  TCP_CM3.lib(at_arp.o)
    0x08007fb0   0x0000002c   Code   RO          955    i.arp_init          TCP_CM3.lib(at_arp.o)
    0x08007fdc   0x00000034   Code   RO          956    i.arp_is_cacheable  TCP_CM3.lib(at_arp.o)
    0x08008010   0x00000028   Code   RO          957    i.arp_notify        TCP_CM3.lib(at_arp.o)
    0x08008038   0x00000088   Code   RO          959    i.arp_proc_response  TCP_CM3.lib(at_arp.o)
    0x080080c0   0x00000138   Code   RO          960    i.arp_process       TCP_CM3.lib(at_arp.o)
    0x080081f8   0x000000a0   Code   RO          961    i.arp_send_reply    TCP_CM3.lib(at_arp.o)
    0x08008298   0x000000b8   Code   RO          962    i.arp_send_request  TCP_CM3.lib(at_arp.o)
    0x08008350   0x00000012   Code   RO         1527    i.calc_chksum16be   TCP_CM3.lib(at_lib.o)
    0x08008362   0x00000002   PAD
    0x08008364   0x00000028   Code   RO         1528    i.chksum16_buf      TCP_CM3.lib(at_lib.o)
    0x0800838c   0x0000000a   Code   RO         1529    i.chksum16_val      TCP_CM3.lib(at_lib.o)
    0x08008396   0x00000002   PAD
    0x08008398   0x00000030   Code   RO         1431    i.dbg_init          RTX_CM4.LIB(hal_cm4.o)
    0x080083c8   0x00000020   Code   RO         1432    i.dbg_task_notify   RTX_CM4.LIB(hal_cm4.o)
    0x080083e8   0x00000010   Code   RO         1433    i.dbg_task_switch   RTX_CM4.LIB(hal_cm4.o)
    0x080083f8   0x00000010   Code   RO         1032    i.eth_chk_adr       TCP_CM3.lib(at_ethernet.o)
    0x08008408   0x00000034   Code   RO         1034    i.eth_init_link     TCP_CM3.lib(at_ethernet.o)
    0x0800843c   0x000000d4   Code   RO         1035    i.eth_run_link      TCP_CM3.lib(at_ethernet.o)
    0x08008510   0x000000a8   Code   RO         1036    i.eth_send_frame    TCP_CM3.lib(at_ethernet.o)
    0x080085b8   0x00000084   Code   RO         1047    i.free_mem          TCP_CM3.lib(at_mem.o)
    0x0800863c   0x00000028   Code   RO         1531    i.get_crc32         TCP_CM3.lib(at_lib.o)
    0x08008664   0x0000001c   Code   RO         1058    i.get_rnd32         TCP_CM3.lib(at_system.o)
    0x08008680   0x00000010   Code   RO          996    i.icmp_init         TCP_CM3.lib(at_icmp.o)
    0x08008690   0x000000cc   Code   RO          998    i.icmp_process      TCP_CM3.lib(at_icmp.o)
    0x0800875c   0x00000048   Code   RO          999    i.icmp_run_engine   TCP_CM3.lib(at_icmp.o)
    0x080087a4   0x00000070   Code   RO         1000    i.icmp_send_message  TCP_CM3.lib(at_icmp.o)
    0x08008814   0x00000038   Code   RO         1048    i.ifree_mem         TCP_CM3.lib(at_mem.o)
    0x0800884c   0x0000002c   Code   RO         1059    i.init_TcpNet       TCP_CM3.lib(at_system.o)
    0x08008878   0x0000002c   Code   RO         1049    i.init_mem          TCP_CM3.lib(at_mem.o)
    0x080088a4   0x000000c8   Code   RO          982    i.ip_chk_frame      TCP_CM3.lib(at_ip.o)
    0x0800896c   0x0000000a   Code   RO          983    i.ip_get_chksum     TCP_CM3.lib(at_ip.o)
    0x08008976   0x00000002   PAD
    0x08008978   0x000000b8   Code   RO          984    i.ip_get_locadr     TCP_CM3.lib(at_ip.o)
    0x08008a30   0x0000000c   Code   RO          985    i.ip_init           TCP_CM3.lib(at_ip.o)
    0x08008a3c   0x0000005c   Code   RO          986    i.ip_run_local      TCP_CM3.lib(at_ip.o)
    0x08008a98   0x00000150   Code   RO          987    i.ip_send_frame     TCP_CM3.lib(at_ip.o)
    0x08008be8   0x00000014   Code   RO         1532    i.is_subnet         TCP_CM3.lib(at_lib.o)
    0x08008bfc   0x00000054   Code   RO         1255    i.isr_mbx_receive   RTX_CM4.LIB(rt_mailbox.o)
    0x08008c50   0x0000000e   Code   RO         1256    i.isr_mbx_send      RTX_CM4.LIB(rt_mailbox.o)
    0x08008c5e   0x00000010   Code   RO         1307    i.isr_sem_send      RTX_CM4.LIB(rt_semaphore.o)
    0x08008c6e   0x00000002   PAD
    0x08008c70   0x00000064   Code   RO         1060    i.main_TcpNet       TCP_CM3.lib(at_system.o)
    0x08008cd4   0x0000001a   Code   RO         1533    i.mem_comp          TCP_CM3.lib(at_lib.o)
    0x08008cee   0x00000016   Code   RO         1534    i.mem_copy          TCP_CM3.lib(at_lib.o)
    0x08008d04   0x00000020   Code   RO         1535    i.mem_crc32         TCP_CM3.lib(at_lib.o)
    0x08008d24   0x0000000c   Code   RO         1537    i.mem_set           TCP_CM3.lib(at_lib.o)
    0x08008d30   0x00000016   Code   RO         1538    i.mem_test          TCP_CM3.lib(at_lib.o)
    0x08008d46   0x00000016   Code   RO         1540    i.nrd_u32be         TCP_CM3.lib(at_lib.o)
    0x08008d5c   0x00000010   Code   RO         1542    i.nwr_u32be         TCP_CM3.lib(at_lib.o)
    0x08008d6c   0x00000028   Code   RO         1167    i.os_tick_init      RTX_CM4.LIB(rt_system.o)
    0x08008d94   0x00000002   Code   RO         1168    i.os_tick_irqack    RTX_CM4.LIB(rt_system.o)
    0x08008d96   0x00000002   PAD
    0x08008d98   0x00000028   Code   RO         1037    i.put_in_queue      TCP_CM3.lib(at_ethernet.o)
    0x08008dc0   0x00000048   Code   RO         1050    i.resize_mem        TCP_CM3.lib(at_mem.o)
    0x08008e08   0x0000001a   Code   RO         1402    i.rt_alloc_box      RTX_CM4.LIB(rt_membox.o)
    0x08008e22   0x00000002   PAD
    0x08008e24   0x00000038   Code   RO         1067    i.rt_block          RTX_CM4.LIB(rt_task.o)
    0x08008e5c   0x00000048   Code   RO         1722    i.rt_chk_robin      RTX_CM4.LIB(rt_robin.o)
    0x08008ea4   0x00000074   Code   RO         1616    i.rt_dec_dly        RTX_CM4.LIB(rt_list.o)
    0x08008f18   0x00000044   Code   RO         1068    i.rt_dispatch       RTX_CM4.LIB(rt_task.o)
    0x08008f5c   0x00000006   Code   RO         1343    i.rt_dly_wait       RTX_CM4.LIB(rt_time.o)
    0x08008f62   0x00000002   PAD
    0x08008f64   0x0000004c   Code   RO         1577    i.rt_evt_psh        RTX_CM4.LIB(rt_event.o)
    0x08008fb0   0x00000020   Code   RO         1403    i.rt_free_box       RTX_CM4.LIB(rt_membox.o)
    0x08008fd0   0x00000028   Code   RO         1617    i.rt_get_first      RTX_CM4.LIB(rt_list.o)
    0x08008ff8   0x0000004c   Code   RO         1069    i.rt_init_context   RTX_CM4.LIB(rt_task.o)
    0x08009044   0x00000018   Code   RO         1723    i.rt_init_robin     RTX_CM4.LIB(rt_robin.o)
    0x0800905c   0x00000050   Code   RO         1434    i.rt_init_stack     RTX_CM4.LIB(hal_cm4.o)
    0x080090ac   0x00000008   Code   RO         1257    i.rt_mbx_check      RTX_CM4.LIB(rt_mailbox.o)
    0x080090b4   0x0000001a   Code   RO         1258    i.rt_mbx_init       RTX_CM4.LIB(rt_mailbox.o)
    0x080090ce   0x00000002   PAD
    0x080090d0   0x000000c0   Code   RO         1259    i.rt_mbx_psh        RTX_CM4.LIB(rt_mailbox.o)
    0x08009190   0x000000a4   Code   RO         1260    i.rt_mbx_send       RTX_CM4.LIB(rt_mailbox.o)
    0x08009234   0x000000b8   Code   RO         1261    i.rt_mbx_wait       RTX_CM4.LIB(rt_mailbox.o)
    0x080092ec   0x00000010   Code   RO         1376    i.rt_mut_init       RTX_CM4.LIB(rt_mutex.o)
    0x080092fc   0x000000e4   Code   RO         1377    i.rt_mut_release    RTX_CM4.LIB(rt_mutex.o)
    0x080093e0   0x00000068   Code   RO         1378    i.rt_mut_wait       RTX_CM4.LIB(rt_mutex.o)
    0x08009448   0x0000007c   Code   RO         1169    i.rt_pop_req        RTX_CM4.LIB(rt_system.o)
    0x080094c4   0x00000020   Code   RO         1170    i.rt_psh_req        RTX_CM4.LIB(rt_system.o)
    0x080094e4   0x00000058   Code   RO         1619    i.rt_psq_enq        RTX_CM4.LIB(rt_list.o)
    0x0800953c   0x00000048   Code   RO         1620    i.rt_put_dly        RTX_CM4.LIB(rt_list.o)
    0x08009584   0x00000036   Code   RO         1621    i.rt_put_prio       RTX_CM4.LIB(rt_list.o)
    0x080095ba   0x00000002   PAD
    0x080095bc   0x00000014   Code   RO         1622    i.rt_put_rdy_first  RTX_CM4.LIB(rt_list.o)
    0x080095d0   0x00000034   Code   RO         1623    i.rt_resort_prio    RTX_CM4.LIB(rt_list.o)
    0x08009604   0x00000028   Code   RO         1624    i.rt_rmv_dly        RTX_CM4.LIB(rt_list.o)
    0x0800962c   0x00000030   Code   RO         1625    i.rt_rmv_list       RTX_CM4.LIB(rt_list.o)
    0x0800965c   0x0000000c   Code   RO         1308    i.rt_sem_init       RTX_CM4.LIB(rt_semaphore.o)
    0x08009668   0x00000034   Code   RO         1309    i.rt_sem_psh        RTX_CM4.LIB(rt_semaphore.o)
    0x0800969c   0x00000038   Code   RO         1310    i.rt_sem_send       RTX_CM4.LIB(rt_semaphore.o)
    0x080096d4   0x00000040   Code   RO         1311    i.rt_sem_wait       RTX_CM4.LIB(rt_semaphore.o)
    0x08009714   0x00000024   Code   RO         1172    i.rt_stk_check      RTX_CM4.LIB(rt_system.o)
    0x08009738   0x00000028   Code   RO         1070    i.rt_switch_req     RTX_CM4.LIB(rt_task.o)
    0x08009760   0x00000158   Code   RO         1071    i.rt_sys_init       RTX_CM4.LIB(rt_task.o)
    0x080098b8   0x00000040   Code   RO         1174    i.rt_systick        RTX_CM4.LIB(rt_system.o)
    0x080098f8   0x00000040   Code   RO         1697    i.rt_tmr_tick       RTX_CM4.LIB(rt_timer.o)
    0x08009938   0x00000094   Code   RO         1072    i.rt_tsk_create     RTX_CM4.LIB(rt_task.o)
    0x080099cc   0x00000050   Code   RO         1175    i.rt_tsk_lock       RTX_CM4.LIB(rt_system.o)
    0x08009a1c   0x0000008c   Code   RO         1075    i.rt_tsk_prio       RTX_CM4.LIB(rt_task.o)
    0x08009aa8   0x00000010   Code   RO         1076    i.rt_tsk_self       RTX_CM4.LIB(rt_task.o)
    0x08009ab8   0x00000050   Code   RO         1176    i.rt_tsk_unlock     RTX_CM4.LIB(rt_system.o)
    0x08009b08   0x0000009c   Code   RO         1483    i.tcp_map_socket    TCP_CM3.lib(at_tcp.o)
    0x08009ba4   0x0000046e   Code   RO         1486    i.tcp_process       TCP_CM3.lib(at_tcp.o)
    0x0800a012   0x00000002   PAD
    0x0800a014   0x00000078   Code   RO         1487    i.tcp_process_opt   TCP_CM3.lib(at_tcp.o)
    0x0800a08c   0x00000022   Code   RO         1492    i.tcp_send_ctrl     TCP_CM3.lib(at_tcp.o)
    0x0800a0ae   0x00000002   PAD
    0x0800a0b0   0x00000108   Code   RO         1493    i.tcp_send_frame    TCP_CM3.lib(at_tcp.o)
    0x0800a1b8   0x00000080   Code   RO         1494    i.tcp_send_reset    TCP_CM3.lib(at_tcp.o)
    0x0800a238   0x00000012   Code   RO         1495    i.tcp_set_retransmit  TCP_CM3.lib(at_tcp.o)
    0x0800a24a   0x00000002   PAD
    0x0800a24c   0x00000070   Code   RO         1496    i.tcp_transit       TCP_CM3.lib(at_tcp.o)
    0x0800a2bc   0x0000000c   Code   RO         1061    i.timer_tick        TCP_CM3.lib(at_system.o)
    0x0800a2c8   0x00000020   Code   RO         1009    i.udp_get_buf       TCP_CM3.lib(at_udp.o)
    0x0800a2e8   0x00000044   Code   RO         1010    i.udp_get_socket    TCP_CM3.lib(at_udp.o)
    0x0800a32c   0x00000018   Code   RO         1011    i.udp_init          TCP_CM3.lib(at_udp.o)
    0x0800a344   0x00000068   Code   RO         1014    i.udp_open          TCP_CM3.lib(at_udp.o)
    0x0800a3ac   0x0000002c   Code   RO         1015    i.udp_port_in_use   TCP_CM3.lib(at_udp.o)
    0x0800a3d8   0x000000b8   Code   RO         1016    i.udp_process       TCP_CM3.lib(at_udp.o)
    0x0800a490   0x0000011c   Code   RO         1018    i.udp_send          TCP_CM3.lib(at_udp.o)
    0x0800a5ac   0x0000000a   Code   RO         1837    x$fpl$fpinit        fz_wm.l(fpinit.o)
    0x0800a5b6   0x00000300   Data   RO          164    .constdata          applayer.o
    0x0800a8b6   0x00000008   Data   RO          201    .constdata          ethercmd.o
    0x0800a8be   0x00000008   Data   RO          285    .constdata          app_can.o
    0x0800a8c6   0x00000002   PAD
    0x0800a8c8   0x00000086   Data   RO          344    .constdata          dev.o
    0x0800a94e   0x00000008   Data   RO          439    .constdata          chanether.o
    0x0800a956   0x00000002   PAD
    0x0800a958   0x00000010   Data   RO          596    .constdata          net_config.o
    0x0800a968   0x0000000c   Data   RO          597    .constdata          net_config.o
    0x0800a974   0x00000008   Data   RO          598    .constdata          net_config.o
    0x0800a97c   0x00000002   Data   RO          628    .constdata          rtx_config.o
    0x0800a97e   0x00000002   PAD
    0x0800a980   0x00000004   Data   RO          629    .constdata          rtx_config.o
    0x0800a984   0x00000004   Data   RO          630    .constdata          rtx_config.o
    0x0800a988   0x00000004   Data   RO          631    .constdata          rtx_config.o
    0x0800a98c   0x00000001   Data   RO          632    .constdata          rtx_config.o
    0x0800a98d   0x00000003   PAD
    0x0800a990   0x00000008   Data   RO          633    .constdata          rtx_config.o
    0x0800a998   0x00000002   Data   RO          634    .constdata          rtx_config.o
    0x0800a99a   0x00000002   PAD
    0x0800a99c   0x00000004   Data   RO          635    .constdata          rtx_config.o
    0x0800a9a0   0x00000001   Data   RO          636    .constdata          rtx_config.o
    0x0800a9a1   0x00000001   PAD
    0x0800a9a2   0x00000002   Data   RO          637    .constdata          rtx_config.o
    0x0800a9a4   0x00000020   Data   RO          793    .constdata          led.o
    0x0800a9c4   0x00000006   Data   RO          963    .constdata          TCP_CM3.lib(at_arp.o)
    0x0800a9ca   0x00000008   Data   RO          988    .constdata          TCP_CM3.lib(at_ip.o)
    0x0800a9d2   0x00000006   Data   RO         1039    .constdata          TCP_CM3.lib(at_ethernet.o)
    0x0800a9d8   0x00000004   Data   RO         1177    .constdata          RTX_CM4.LIB(rt_system.o)
    0x0800a9dc   0x00000020   Data   RO         2043    Region$$Table       anon$$obj.o
    0x0800a9fc   0x00000004   Data   RO          287    .init_array         app_can.o
    0x0800aa00   0x00000004   Data   RO          346    .init_array         dev.o
    0x0800aa04   0x00000004   Data   RO          408    .init_array         chan.o
    0x0800aa08   0x00000004   Data   RO          487    .init_array         parallelchan.o
    0x0800aa0c   0x00000004   Data   RO          537    .init_array         subchan.o


    Execution Region RW_IRAM1 (Base: 0x20000000, Size: 0x000160f0, Max: 0x00020000, ABSOLUTE, COMPRESSED[0x0000004c])

    Base Addr    Size         Type   Attr      Idx    E Section Name        Object

    0x20000000   0x00000028   Data   RW           13    .data               main.o
    0x20000028   0x00000006   Data   RW          115    .data               tcpudp.o
    0x2000002e   0x0000003c   Data   RW          116    .data               tcpudp.o
    0x2000006a   0x00000006   Data   RW          117    .data               tcpudp.o
    0x20000070   0x00000002   Data   RW          118    .data               tcpudp.o
    0x20000072   0x00000002   PAD
    0x20000074   0x0000001c   Data   RW          202    .data               ethercmd.o
    0x20000090   0x00000001   Data   RW          286    .data               app_can.o
    0x20000091   0x00000003   PAD
    0x20000094   0x00000004   Data   RW          345    .data               dev.o
    0x20000098   0x00000008   Data   RW          407    .data               chan.o
    0x200000a0   0x00000001   Data   RW          440    .data               chanether.o
    0x200000a1   0x00000001   Data   RW          486    .data               parallelchan.o
    0x200000a2   0x00000001   Data   RW          536    .data               subchan.o
    0x200000a3   0x00000001   Data   RW          574    .data               rtx_can.o
    0x200000a4   0x00000010   Data   RW          599    .data               net_config.o
    0x200000b4   0x00000004   Data   RW          638    .data               rtx_config.o
    0x200000b8   0x00000004   Data   RW          639    .data               rtx_config.o
    0x200000bc   0x00000004   Data   RW          661    .data               sys_config.o
    0x200000c0   0x00000004   Data   RW          662    .data               sys_config.o
    0x200000c4   0x00000004   Data   RW          664    .data               sys_config.o
    0x200000c8   0x00000008   Data   RW          665    .data               sys_config.o
    0x200000d0   0x00000008   Data   RW          666    .data               sys_config.o
    0x200000d8   0x00000008   Data   RW          667    .data               sys_config.o
    0x200000e0   0x00000014   Data   RW          697    .data               system_stm32f4xx.o
    0x200000f4   0x00000002   Data   RW          728    .data               eth_stm32f4xx.o
    0x200000f6   0x00000002   PAD
    0x200000f8   0x00000010   Data   RW          754    .data               can_stm32f40x.o
    0x20000108   0x00000010   Data   RW          925    .data               uartsimcan.o
    0x20000118   0x00000008   Data   RW          964    .data               TCP_CM3.lib(at_arp.o)
    0x20000120   0x0000000c   Data   RW          989    .data               TCP_CM3.lib(at_ip.o)
    0x2000012c   0x00000002   Data   RW         1019    .data               TCP_CM3.lib(at_udp.o)
    0x2000012e   0x00000002   PAD
    0x20000130   0x00000008   Data   RW         1051    .data               TCP_CM3.lib(at_mem.o)
    0x20000138   0x00000008   Data   RW         1078    .data               RTX_CM4.LIB(rt_task.o)
    0x20000140   0x00000008   Data   RW         1178    .data               RTX_CM4.LIB(rt_system.o)
    0x20000148   0x00000004   Data   RW         1347    .data               RTX_CM4.LIB(rt_time.o)
    0x2000014c   0x00000001   Data   RW         1435    .data               RTX_CM4.LIB(hal_cm4.o)
    0x2000014d   0x00000003   PAD
    0x20000150   0x00000008   Data   RW         1698    .data               RTX_CM4.LIB(rt_timer.o)
    0x20000158   0x00000008   Data   RW         1724    .data               RTX_CM4.LIB(rt_robin.o)
    0x20000160   0x00001000   Zero   RW            4    .bss                main.o
    0x20001160   0x000005d6   Zero   RW          114    .bss                tcpudp.o
    0x20001736   0x00001182   Zero   RW          163    .bss                applayer.o
    0x200028b8   0x0000067c   Zero   RW          200    .bss                ethercmd.o
    0x20002f34   0x00000038   Zero   RW          284    .bss                app_can.o
    0x20002f6c   0x00000840   Zero   RW          343    .bss                dev.o
    0x200037ac   0x00005eb0   Zero   RW          406    .bss                chan.o
    0x2000965c   0x000021fc   Zero   RW          485    .bss                parallelchan.o
    0x2000b858   0x000016d4   Zero   RW          534    .bss                subchan.o
    0x2000cf2c   0x0000069c   Zero   RW          573    .bss                rtx_can.o
    0x2000d5c8   0x00002000   Zero   RW          593    .bss                net_config.o
    0x2000f5c8   0x0000008c   Zero   RW          594    .bss                net_config.o
    0x2000f654   0x00000018   Zero   RW          595    .bss                net_config.o
    0x2000f66c   0x000001bc   Zero   RW          623    .bss                rtx_config.o
    0x2000f828   0x00002410   Zero   RW          624    .bss                rtx_config.o
    0x20011c38   0x00000104   Zero   RW          625    .bss                rtx_config.o
    0x20011d3c   0x00000024   Zero   RW          626    .bss                rtx_config.o
    0x20011d60   0x000003c0   Zero   RW          627    .bss                rtx_config.o
    0x20012120   0x00000f9c   Zero   RW          659    .bss                sys_config.o
    0x200130bc   0x0000000c   Zero   RW          660    .bss                sys_config.o
    0x200130c8   0x00002460   Zero   RW          727    .bss                eth_stm32f4xx.o
    0x20015528   0x00000020   Zero   RW          792    .bss                led.o
    0x20015548   0x00000400   Zero   RW          924    .bss                uartsimcan.o
    0x20015948   0x00000010   Zero   RW         1001    .bss                TCP_CM3.lib(at_icmp.o)
    0x20015958   0x00000084   Zero   RW         1038    .bss                TCP_CM3.lib(at_ethernet.o)
    0x200159dc   0x00000048   Zero   RW         1062    .bss                TCP_CM3.lib(at_system.o)
    0x20015a24   0x00000038   Zero   RW         1077    .bss                RTX_CM4.LIB(rt_task.o)
    0x20015a5c   0x00000030   Zero   RW         1626    .bss                RTX_CM4.LIB(rt_list.o)
    0x20015a8c   0x00000060   Zero   RW         1749    .bss                c_w.l(libspace.o)
    0x20015aec   0x00000004   PAD
    0x20015af0   0x00000200   Zero   RW          688    HEAP                startup_stm32f4xx.o
    0x20015cf0   0x00000400   Zero   RW          687    STACK               startup_stm32f4xx.o


==============================================================================

Image component sizes


      Code (inc. data)   RO Data    RW Data    ZI Data      Debug   Object Name

       736         64         12          1         56       6398   app_can.o
      1368        144        768          0       4482      17909   applayer.o
      1784         88          0         16          0      34027   can_stm32f40x.o
      2544        118          4          8      24240      22099   chan.o
      2404        100          8          1          0      20477   chanether.o
      6532        206        138          4       2112      40064   dev.o
      1028         92          0          2       9312       9365   eth_stm32f4xx.o
      4888        198          8         28       1660      47433   ethercmd.o
       828         46          0          0          0       3489   gpio.o
       312         36         32          0         32       8651   led.o
       980        132          0         40       4096     251011   main.o
       196          8         36         16       8356       8908   net_config.o
      1624         70          4          1       8700      26237   parallelchan.o
       524         46          0          1       1692       4861   rtx_can.o
       156         26         32          8      10932       2917   rtx_config.o
       732         32          0          0          0       4123   spi.o
        64         26        392          0       1536        768   startup_stm32f4xx.o
       264         12          4          1       5844      23241   subchan.o
        96         24          0         36       4008       1563   sys_config.o
       884         96          0         20          0      10582   system_stm32f4xx.o
       196         16          0         74       1494      22152   tcpudp.o
       112         22          0          0          0      27084   timer.o
      1632        108          0         16       1024       4418   uartsimcan.o
        40          4          0          0          0        814   watchdog.o

    ----------------------------------------------------------------------
     29924       1714       1482        280      89576     598591   Object Totals
         0          0         32          0          0          0   (incl. Generated)
         0          0         12          7          0          0   (incl. Padding)

    ----------------------------------------------------------------------

      Code (inc. data)   RO Data    RW Data    ZI Data      Debug   Library Member Name

         4          4          0          0          0        140   SVC_Table.o
       588         52          0          1          0       2725   hal_cm4.o
        76          4          0          0          0        557   rt_event.o
       530         36          0          0         48       7237   rt_list.o
       672         14          0          0          0       4055   rt_mailbox.o
       128          0          0          0          0       1641   rt_membox.o
       348         12          0          0          0       1809   rt_mutex.o
        96         22          0          8          0       1070   rt_robin.o
       200         16          0          0          0       2526   rt_semaphore.o
       458         74          4          8          0       4628   rt_system.o
       888        154          0          8         56       7082   rt_task.o
         6          0          0          4          0        552   rt_time.o
        64          8          0          8          0        631   rt_timer.o
      1824        138          6          8          0       1040   at_arp.o
       488         58          6          0        132        404   at_ethernet.o
       404         30          0          0         16        308   at_icmp.o
       834         56          8         12          0        520   at_ip.o
       280          6          0          0          0        860   at_lib.o
       492         36          0          8          0        452   at_mem.o
       184         38          0          0         72        292   at_system.o
      1966         50          0          0          0        756   at_tcp.o
       740         34          0          2          0        556   at_udp.o
        90          0          0          0          0          0   __dczerorl2.o
         8          0          0          0          0         68   __main.o
        52          8          0          0          0          0   __scatter.o
        28          0          0          0          0          0   __scatter_zi.o
        12          0          0          0          0         72   exit.o
         6          0          0          0          0        152   heapauxi.o
         0          0          0          0          0          0   indicate_semi.o
        36         10          0          0          0         80   init_aeabi.o
         2          0          0          0          0          0   libinit.o
        10          0          0          0          0          0   libinit2.o
         2          0          0          0          0          0   libshutdown.o
         2          0          0          0          0          0   libshutdown2.o
         8          4          0          0         96         68   libspace.o
        68          0          0          0          0         68   rt_memclr.o
        78          0          0          0          0         80   rt_memclr_w.o
       138          0          0          0          0         68   rt_memcpy_v6.o
       100          0          0          0          0         80   rt_memcpy_w.o
         0          0          0          0          0          0   rtentry.o
        12          0          0          0          0          0   rtentry2.o
         6          0          0          0          0          0   rtentry4.o
         2          0          0          0          0          0   rtexit.o
        10          0          0          0          0          0   rtexit2.o
        12          4          0          0          0         68   sys_exit.o
        74          0          0          0          0         80   sys_stackheap_outer.o
         2          0          0          0          0         68   use_no_semi.o
        34          0          0          0          0         84   aeabi_vec_ctor_nocookie_nodtor.o
        10          0          0          0          0        116   fpinit.o

    ----------------------------------------------------------------------
     12106        868         24         72        424      40993   Library Totals
        34          0          0          5          4          0   (incl. Padding)

    ----------------------------------------------------------------------

      Code (inc. data)   RO Data    RW Data    ZI Data      Debug   Library Name

      4058        396          4         37        104      34653   RTX_CM4.LIB
      7212        446         20         30        220       5188   TCP_CM3.lib
       758         26          0          0         96        952   c_w.l
        34          0          0          0          0         84   cpprt_w.l
        10          0          0          0          0        116   fz_wm.l

    ----------------------------------------------------------------------
     12106        868         24         72        424      40993   Library Totals

    ----------------------------------------------------------------------

==============================================================================


      Code (inc. data)   RO Data    RW Data    ZI Data      Debug   

     42030       2582       1506        352      90000     623692   Grand Totals
     42030       2582       1506         76      90000     623692   ELF Image Totals (compressed)
     42030       2582       1506         76          0          0   ROM Totals

==============================================================================

    Total RO  Size (Code + RO Data)                43536 (  42.52kB)
    Total RW  Size (RW Data + ZI Data)             90352 (  88.23kB)
    Total ROM Size (Code + RO Data + RW Data)      43612 (  42.59kB)

==============================================================================

